[2026-07-11T13:54:28] REQUEST POST /api/v1/auth/login timeout=180s body={"username": "jaempilang@gmail.com", "password": "FuckA19*"}
[2026-07-11T13:54:28] RESPONSE POST /api/v1/auth/login status=200 elapsed=0.059s body={"configured":true,"authenticated":true,"username":"jaempilang@gmail.com","access_token":"eyJ2IjoxLCJ1IjoiamFlbXBpbGFuZ0BnbWFpbC5jb20iLCJpYXQiOjE3ODM3NzA4NjgsImV4cCI6MTc4NjM2Mjg2OH0.P2g5jB2PoyDJ7E5TZZfNqwWw-etp3p39rcYeBnyVKlI","token_type":"bearer"}
[2026-07-11T13:54:28] AUTH token acquired
[2026-07-11T13:54:28] REQUEST POST /api/v1/ppt/presentation/create timeout=180s body={"title": "Direct Presenton Probe", "content": "Slide 1: Hello from direct Presenton API probe. Slide 2: This run validates Create -> Prepare -> Generate -> Export.", "language": "English", "template": "general", "template_name": "general"}
[2026-07-11T13:54:28] RESPONSE POST /api/v1/ppt/presentation/create status=200 elapsed=0.014s body={"id":"333d70bb-57e6-4a54-b32f-9506d514a09c","version":"v2-standard","content":"Slide 1: Hello from direct Presenton API probe. Slide 2: This run validates Create -> Prepare -> Generate -> Export.","n_slides":0,"language":"English","file_paths":null,"instructions":null,"tone":"default","verbosity":"standard","include_table_of_contents":false,"include_title_slide":true,"web_search":false,"title":null,"outlines":null,"layout":null,"structure":null,"theme":null,"fonts":null,"created_at":"2026-07-11T11:54:28.340823Z","updated_at":"2026-07-11T11:54:28.340827Z"}
[2026-07-11T13:54:28] REQUEST POST /api/v1/ppt/presentation/prepare timeout=180s body={"presentation_id": "333d70bb-57e6-4a54-b32f-9506d514a09c", "outlines": [{"title": "Probe Overview", "content": "Direct API path verification"}, {"title": "Probe Result", "content": "Create Prepare Generate Export evidence"}], "layout": {"name": "general", "slides": [{"id": "slide-1", "title": "Executive Summary", "subtitle": "Summary", "content": [], "json_schema": {"type": "object", "properties": {}}}], "theme": "default", "icon_weight": "bold", "include_title_slide": true, "include_table_of_contents": false}}
[2026-07-11T13:56:05] RESPONSE POST /api/v1/ppt/presentation/prepare status=200 elapsed=97.481s body={"language":"","created_at":"2026-07-11T11:54:28.340823","include_table_of_contents":false,"title":null,"updated_at":"2026-07-11T11:55:58.236797Z","include_title_slide":true,"file_paths":null,"web_search":false,"id":"333d70bb-57e6-4a54-b32f-9506d514a09c","layout":{"name":"general","ordered":false,"icon_weight":"bold","slides":[{"id":"slide-1","name":null,"description":null,"json_schema":{"type":"object","properties":{}}}]},"theme":null,"structure":{"slides":[0,0]},"fonts":null,"instructions":null,"version":"v2-standard","outlines":{"slides":[{"content":"Direct API path verification"},{"content
[2026-07-11T13:56:05] REQUEST POST /api/v1/ppt/presentation/generate/async timeout=180s body={"content": "Slide 1: Hello from direct Presenton API probe. Slide 2: This run validates Create -> Prepare -> Generate -> Export.", "n_slides": 2, "language": "English", "template": "general", "instructions": "Keep slides concise.", "export_as": "pptx", "include_title_slide": true, "include_table_of_contents": false, "web_search": false, "tone": "default", "verbosity": "standard", "presentation_id": "333d70bb-57e6-4a54-b32f-9506d514a09c"}
[2026-07-11T13:56:06] RESPONSE POST /api/v1/ppt/presentation/generate/async status=200 elapsed=0.442s body={"status":"pending","message":"Queued for generation","error":null,"data":{"created_slides":0,"remaining_slides":2},"created_at":"2026-07-11T11:56:05.896515","updated_at":"2026-07-11T11:56:05.896521","type":"presentation.generate","id":"task-f52e30e700481b59b872a2cf126119eb53db3ba26f6fac7c34a8c35f6e6e2e3c"}
[2026-07-11T13:56:06] REQUEST GET /api/v1/ppt/presentation/status/task-f52e30e700481b59b872a2cf126119eb53db3ba26f6fac7c34a8c35f6e6e2e3c timeout=15s body=
[2026-07-11T13:56:06] RESPONSE GET /api/v1/ppt/presentation/status/task-f52e30e700481b59b872a2cf126119eb53db3ba26f6fac7c34a8c35f6e6e2e3c status=200 elapsed=0.02s body={"status":"pending","message":"Queued for generation","error":null,"data":{"created_slides":0,"remaining_slides":2},"created_at":"2026-07-11T11:56:05.896515","updated_at":"2026-07-11T11:56:05.896521","type":"presentation.generate","id":"task-f52e30e700481b59b872a2cf126119eb53db3ba26f6fac7c34a8c35f6e6e2e3c"}
[2026-07-11T13:56:06] POLL task=task-f52e30e700481b59b872a2cf126119eb53db3ba26f6fac7c34a8c35f6e6e2e3c idx=1 status=pending
[2026-07-11T13:56:08] REQUEST GET /api/v1/ppt/presentation/status/task-f52e30e700481b59b872a2cf126119eb53db3ba26f6fac7c34a8c35f6e6e2e3c timeout=15s body=
[2026-07-11T13:56:08] RESPONSE GET /api/v1/ppt/presentation/status/task-f52e30e700481b59b872a2cf126119eb53db3ba26f6fac7c34a8c35f6e6e2e3c status=200 elapsed=0.026s body={"status":"processing","message":"Generating presentation outlines","error":null,"data":{"created_slides":0,"remaining_slides":2},"created_at":"2026-07-11T11:56:05.896515","updated_at":"2026-07-11T11:56:06.294533","type":"presentation.generate","id":"task-f52e30e700481b59b872a2cf126119eb53db3ba26f6fac7c34a8c35f6e6e2e3c"}
[2026-07-11T13:56:08] POLL task=task-f52e30e700481b59b872a2cf126119eb53db3ba26f6fac7c34a8c35f6e6e2e3c idx=2 status=processing
[2026-07-11T13:56:10] REQUEST GET /api/v1/ppt/presentation/status/task-f52e30e700481b59b872a2cf126119eb53db3ba26f6fac7c34a8c35f6e6e2e3c timeout=15s body=
[2026-07-11T13:56:10] RESPONSE GET /api/v1/ppt/presentation/status/task-f52e30e700481b59b872a2cf126119eb53db3ba26f6fac7c34a8c35f6e6e2e3c status=200 elapsed=0.047s body={"status":"processing","message":"Generating presentation outlines","error":null,"data":{"created_slides":0,"remaining_slides":2},"created_at":"2026-07-11T11:56:05.896515","updated_at":"2026-07-11T11:56:06.294533","type":"presentation.generate","id":"task-f52e30e700481b59b872a2cf126119eb53db3ba26f6fac7c34a8c35f6e6e2e3c"}
[2026-07-11T13:56:10] POLL task=task-f52e30e700481b59b872a2cf126119eb53db3ba26f6fac7c34a8c35f6e6e2e3c idx=3 status=processing
[2026-07-11T13:56:12] REQUEST GET /api/v1/ppt/presentation/status/task-f52e30e700481b59b872a2cf126119eb53db3ba26f6fac7c34a8c35f6e6e2e3c timeout=15s body=
[2026-07-11T13:56:12] RESPONSE GET /api/v1/ppt/presentation/status/task-f52e30e700481b59b872a2cf126119eb53db3ba26f6fac7c34a8c35f6e6e2e3c status=200 elapsed=0.022s body={"status":"processing","message":"Generating presentation outlines","error":null,"data":{"created_slides":0,"remaining_slides":2},"created_at":"2026-07-11T11:56:05.896515","updated_at":"2026-07-11T11:56:06.294533","type":"presentation.generate","id":"task-f52e30e700481b59b872a2cf126119eb53db3ba26f6fac7c34a8c35f6e6e2e3c"}
[2026-07-11T13:56:12] POLL task=task-f52e30e700481b59b872a2cf126119eb53db3ba26f6fac7c34a8c35f6e6e2e3c idx=4 status=processing
[2026-07-11T13:56:14] REQUEST GET /api/v1/ppt/presentation/status/task-f52e30e700481b59b872a2cf126119eb53db3ba26f6fac7c34a8c35f6e6e2e3c timeout=15s body=
[2026-07-11T13:56:14] RESPONSE GET /api/v1/ppt/presentation/status/task-f52e30e700481b59b872a2cf126119eb53db3ba26f6fac7c34a8c35f6e6e2e3c status=200 elapsed=0.022s body={"status":"processing","message":"Generating presentation outlines","error":null,"data":{"created_slides":0,"remaining_slides":2},"created_at":"2026-07-11T11:56:05.896515","updated_at":"2026-07-11T11:56:06.294533","type":"presentation.generate","id":"task-f52e30e700481b59b872a2cf126119eb53db3ba26f6fac7c34a8c35f6e6e2e3c"}
[2026-07-11T13:56:14] POLL task=task-f52e30e700481b59b872a2cf126119eb53db3ba26f6fac7c34a8c35f6e6e2e3c idx=5 status=processing
[2026-07-11T13:56:16] REQUEST GET /api/v1/ppt/presentation/status/task-f52e30e700481b59b872a2cf126119eb53db3ba26f6fac7c34a8c35f6e6e2e3c timeout=15s body=
[2026-07-11T13:56:16] RESPONSE GET /api/v1/ppt/presentation/status/task-f52e30e700481b59b872a2cf126119eb53db3ba26f6fac7c34a8c35f6e6e2e3c status=200 elapsed=0.016s body={"status":"processing","message":"Generating presentation outlines","error":null,"data":{"created_slides":0,"remaining_slides":2},"created_at":"2026-07-11T11:56:05.896515","updated_at":"2026-07-11T11:56:06.294533","type":"presentation.generate","id":"task-f52e30e700481b59b872a2cf126119eb53db3ba26f6fac7c34a8c35f6e6e2e3c"}
[2026-07-11T13:56:16] POLL task=task-f52e30e700481b59b872a2cf126119eb53db3ba26f6fac7c34a8c35f6e6e2e3c idx=6 status=processing
[2026-07-11T13:56:18] REQUEST GET /api/v1/ppt/presentation/status/task-f52e30e700481b59b872a2cf126119eb53db3ba26f6fac7c34a8c35f6e6e2e3c timeout=15s body=
[2026-07-11T13:56:18] RESPONSE GET /api/v1/ppt/presentation/status/task-f52e30e700481b59b872a2cf126119eb53db3ba26f6fac7c34a8c35f6e6e2e3c status=200 elapsed=0.018s body={"status":"processing","message":"Generating presentation outlines","error":null,"data":{"created_slides":0,"remaining_slides":2},"created_at":"2026-07-11T11:56:05.896515","updated_at":"2026-07-11T11:56:06.294533","type":"presentation.generate","id":"task-f52e30e700481b59b872a2cf126119eb53db3ba26f6fac7c34a8c35f6e6e2e3c"}
[2026-07-11T13:56:18] POLL task=task-f52e30e700481b59b872a2cf126119eb53db3ba26f6fac7c34a8c35f6e6e2e3c idx=7 status=processing
[2026-07-11T13:56:20] REQUEST GET /api/v1/ppt/presentation/status/task-f52e30e700481b59b872a2cf126119eb53db3ba26f6fac7c34a8c35f6e6e2e3c timeout=15s body=
[2026-07-11T13:56:20] RESPONSE GET /api/v1/ppt/presentation/status/task-f52e30e700481b59b872a2cf126119eb53db3ba26f6fac7c34a8c35f6e6e2e3c status=200 elapsed=0.015s body={"status":"processing","message":"Generating presentation outlines","error":null,"data":{"created_slides":0,"remaining_slides":2},"created_at":"2026-07-11T11:56:05.896515","updated_at":"2026-07-11T11:56:06.294533","type":"presentation.generate","id":"task-f52e30e700481b59b872a2cf126119eb53db3ba26f6fac7c34a8c35f6e6e2e3c"}
[2026-07-11T13:56:20] POLL task=task-f52e30e700481b59b872a2cf126119eb53db3ba26f6fac7c34a8c35f6e6e2e3c idx=8 status=processing
[2026-07-11T13:56:22] REQUEST GET /api/v1/ppt/presentation/status/task-f52e30e700481b59b872a2cf126119eb53db3ba26f6fac7c34a8c35f6e6e2e3c timeout=15s body=
[2026-07-11T13:56:22] RESPONSE GET /api/v1/ppt/presentation/status/task-f52e30e700481b59b872a2cf126119eb53db3ba26f6fac7c34a8c35f6e6e2e3c status=200 elapsed=0.018s body={"status":"processing","message":"Generating presentation outlines","error":null,"data":{"created_slides":0,"remaining_slides":2},"created_at":"2026-07-11T11:56:05.896515","updated_at":"2026-07-11T11:56:06.294533","type":"presentation.generate","id":"task-f52e30e700481b59b872a2cf126119eb53db3ba26f6fac7c34a8c35f6e6e2e3c"}
[2026-07-11T13:56:22] POLL task=task-f52e30e700481b59b872a2cf126119eb53db3ba26f6fac7c34a8c35f6e6e2e3c idx=9 status=processing
[2026-07-11T13:56:24] REQUEST GET /api/v1/ppt/presentation/status/task-f52e30e700481b59b872a2cf126119eb53db3ba26f6fac7c34a8c35f6e6e2e3c timeout=15s body=
[2026-07-11T13:56:24] RESPONSE GET /api/v1/ppt/presentation/status/task-f52e30e700481b59b872a2cf126119eb53db3ba26f6fac7c34a8c35f6e6e2e3c status=200 elapsed=0.026s body={"status":"processing","message":"Generating presentation outlines","error":null,"data":{"created_slides":0,"remaining_slides":2},"created_at":"2026-07-11T11:56:05.896515","updated_at":"2026-07-11T11:56:06.294533","type":"presentation.generate","id":"task-f52e30e700481b59b872a2cf126119eb53db3ba26f6fac7c34a8c35f6e6e2e3c"}
[2026-07-11T13:56:24] POLL task=task-f52e30e700481b59b872a2cf126119eb53db3ba26f6fac7c34a8c35f6e6e2e3c idx=10 status=processing
[2026-07-11T13:56:26] REQUEST GET /api/v1/ppt/presentation/status/task-f52e30e700481b59b872a2cf126119eb53db3ba26f6fac7c34a8c35f6e6e2e3c timeout=15s body=
[2026-07-11T13:56:26] RESPONSE GET /api/v1/ppt/presentation/status/task-f52e30e700481b59b872a2cf126119eb53db3ba26f6fac7c34a8c35f6e6e2e3c status=200 elapsed=0.014s body={"status":"processing","message":"Generating presentation outlines","error":null,"data":{"created_slides":0,"remaining_slides":2},"created_at":"2026-07-11T11:56:05.896515","updated_at":"2026-07-11T11:56:06.294533","type":"presentation.generate","id":"task-f52e30e700481b59b872a2cf126119eb53db3ba26f6fac7c34a8c35f6e6e2e3c"}
[2026-07-11T13:56:26] POLL task=task-f52e30e700481b59b872a2cf126119eb53db3ba26f6fac7c34a8c35f6e6e2e3c idx=11 status=processing
[2026-07-11T13:56:28] REQUEST GET /api/v1/ppt/presentation/status/task-f52e30e700481b59b872a2cf126119eb53db3ba26f6fac7c34a8c35f6e6e2e3c timeout=15s body=
[2026-07-11T13:56:28] RESPONSE GET /api/v1/ppt/presentation/status/task-f52e30e700481b59b872a2cf126119eb53db3ba26f6fac7c34a8c35f6e6e2e3c status=200 elapsed=0.017s body={"status":"processing","message":"Generating presentation outlines","error":null,"data":{"created_slides":0,"remaining_slides":2},"created_at":"2026-07-11T11:56:05.896515","updated_at":"2026-07-11T11:56:06.294533","type":"presentation.generate","id":"task-f52e30e700481b59b872a2cf126119eb53db3ba26f6fac7c34a8c35f6e6e2e3c"}
[2026-07-11T13:56:28] POLL task=task-f52e30e700481b59b872a2cf126119eb53db3ba26f6fac7c34a8c35f6e6e2e3c idx=12 status=processing
[2026-07-11T13:56:30] REQUEST GET /api/v1/ppt/presentation/status/task-f52e30e700481b59b872a2cf126119eb53db3ba26f6fac7c34a8c35f6e6e2e3c timeout=15s body=
[2026-07-11T13:56:30] RESPONSE GET /api/v1/ppt/presentation/status/task-f52e30e700481b59b872a2cf126119eb53db3ba26f6fac7c34a8c35f6e6e2e3c status=200 elapsed=0.016s body={"status":"processing","message":"Generating presentation outlines","error":null,"data":{"created_slides":0,"remaining_slides":2},"created_at":"2026-07-11T11:56:05.896515","updated_at":"2026-07-11T11:56:06.294533","type":"presentation.generate","id":"task-f52e30e700481b59b872a2cf126119eb53db3ba26f6fac7c34a8c35f6e6e2e3c"}
[2026-07-11T13:56:30] POLL task=task-f52e30e700481b59b872a2cf126119eb53db3ba26f6fac7c34a8c35f6e6e2e3c idx=13 status=processing
[2026-07-11T13:56:32] REQUEST GET /api/v1/ppt/presentation/status/task-f52e30e700481b59b872a2cf126119eb53db3ba26f6fac7c34a8c35f6e6e2e3c timeout=15s body=
[2026-07-11T13:56:32] RESPONSE GET /api/v1/ppt/presentation/status/task-f52e30e700481b59b872a2cf126119eb53db3ba26f6fac7c34a8c35f6e6e2e3c status=200 elapsed=0.015s body={"status":"processing","message":"Generating presentation outlines","error":null,"data":{"created_slides":0,"remaining_slides":2},"created_at":"2026-07-11T11:56:05.896515","updated_at":"2026-07-11T11:56:06.294533","type":"presentation.generate","id":"task-f52e30e700481b59b872a2cf126119eb53db3ba26f6fac7c34a8c35f6e6e2e3c"}
[2026-07-11T13:56:32] POLL task=task-f52e30e700481b59b872a2cf126119eb53db3ba26f6fac7c34a8c35f6e6e2e3c idx=14 status=processing
[2026-07-11T13:56:34] REQUEST GET /api/v1/ppt/presentation/status/task-f52e30e700481b59b872a2cf126119eb53db3ba26f6fac7c34a8c35f6e6e2e3c timeout=15s body=
[2026-07-11T13:56:34] RESPONSE GET /api/v1/ppt/presentation/status/task-f52e30e700481b59b872a2cf126119eb53db3ba26f6fac7c34a8c35f6e6e2e3c status=200 elapsed=0.013s body={"status":"processing","message":"Generating presentation outlines","error":null,"data":{"created_slides":0,"remaining_slides":2},"created_at":"2026-07-11T11:56:05.896515","updated_at":"2026-07-11T11:56:06.294533","type":"presentation.generate","id":"task-f52e30e700481b59b872a2cf126119eb53db3ba26f6fac7c34a8c35f6e6e2e3c"}
[2026-07-11T13:56:34] POLL task=task-f52e30e700481b59b872a2cf126119eb53db3ba26f6fac7c34a8c35f6e6e2e3c idx=15 status=processing
[2026-07-11T13:56:36] REQUEST GET /api/v1/ppt/presentation/status/task-f52e30e700481b59b872a2cf126119eb53db3ba26f6fac7c34a8c35f6e6e2e3c timeout=15s body=
[2026-07-11T13:56:36] RESPONSE GET /api/v1/ppt/presentation/status/task-f52e30e700481b59b872a2cf126119eb53db3ba26f6fac7c34a8c35f6e6e2e3c status=200 elapsed=0.016s body={"status":"processing","message":"Generating presentation outlines","error":null,"data":{"created_slides":0,"remaining_slides":2},"created_at":"2026-07-11T11:56:05.896515","updated_at":"2026-07-11T11:56:06.294533","type":"presentation.generate","id":"task-f52e30e700481b59b872a2cf126119eb53db3ba26f6fac7c34a8c35f6e6e2e3c"}
[2026-07-11T13:56:36] POLL task=task-f52e30e700481b59b872a2cf126119eb53db3ba26f6fac7c34a8c35f6e6e2e3c idx=16 status=processing
[2026-07-11T13:56:38] REQUEST GET /api/v1/ppt/presentation/status/task-f52e30e700481b59b872a2cf126119eb53db3ba26f6fac7c34a8c35f6e6e2e3c timeout=15s body=
[2026-07-11T13:56:38] RESPONSE GET /api/v1/ppt/presentation/status/task-f52e30e700481b59b872a2cf126119eb53db3ba26f6fac7c34a8c35f6e6e2e3c status=200 elapsed=0.027s body={"status":"processing","message":"Generating presentation outlines","error":null,"data":{"created_slides":0,"remaining_slides":2},"created_at":"2026-07-11T11:56:05.896515","updated_at":"2026-07-11T11:56:06.294533","type":"presentation.generate","id":"task-f52e30e700481b59b872a2cf126119eb53db3ba26f6fac7c34a8c35f6e6e2e3c"}
[2026-07-11T13:56:38] POLL task=task-f52e30e700481b59b872a2cf126119eb53db3ba26f6fac7c34a8c35f6e6e2e3c idx=17 status=processing
[2026-07-11T13:56:40] REQUEST GET /api/v1/ppt/presentation/status/task-f52e30e700481b59b872a2cf126119eb53db3ba26f6fac7c34a8c35f6e6e2e3c timeout=15s body=
[2026-07-11T13:56:40] RESPONSE GET /api/v1/ppt/presentation/status/task-f52e30e700481b59b872a2cf126119eb53db3ba26f6fac7c34a8c35f6e6e2e3c status=200 elapsed=0.028s body={"status":"processing","message":"Generating presentation outlines","error":null,"data":{"created_slides":0,"remaining_slides":2},"created_at":"2026-07-11T11:56:05.896515","updated_at":"2026-07-11T11:56:06.294533","type":"presentation.generate","id":"task-f52e30e700481b59b872a2cf126119eb53db3ba26f6fac7c34a8c35f6e6e2e3c"}
[2026-07-11T13:56:40] POLL task=task-f52e30e700481b59b872a2cf126119eb53db3ba26f6fac7c34a8c35f6e6e2e3c idx=18 status=processing
[2026-07-11T13:56:42] REQUEST GET /api/v1/ppt/presentation/status/task-f52e30e700481b59b872a2cf126119eb53db3ba26f6fac7c34a8c35f6e6e2e3c timeout=15s body=
[2026-07-11T13:56:42] RESPONSE GET /api/v1/ppt/presentation/status/task-f52e30e700481b59b872a2cf126119eb53db3ba26f6fac7c34a8c35f6e6e2e3c status=200 elapsed=0.016s body={"status":"processing","message":"Generating presentation outlines","error":null,"data":{"created_slides":0,"remaining_slides":2},"created_at":"2026-07-11T11:56:05.896515","updated_at":"2026-07-11T11:56:06.294533","type":"presentation.generate","id":"task-f52e30e700481b59b872a2cf126119eb53db3ba26f6fac7c34a8c35f6e6e2e3c"}
[2026-07-11T13:56:42] POLL task=task-f52e30e700481b59b872a2cf126119eb53db3ba26f6fac7c34a8c35f6e6e2e3c idx=19 status=processing
[2026-07-11T13:56:44] REQUEST GET /api/v1/ppt/presentation/status/task-f52e30e700481b59b872a2cf126119eb53db3ba26f6fac7c34a8c35f6e6e2e3c timeout=15s body=
[2026-07-11T13:56:44] RESPONSE GET /api/v1/ppt/presentation/status/task-f52e30e700481b59b872a2cf126119eb53db3ba26f6fac7c34a8c35f6e6e2e3c status=200 elapsed=0.024s body={"status":"processing","message":"Generating presentation outlines","error":null,"data":{"created_slides":0,"remaining_slides":2},"created_at":"2026-07-11T11:56:05.896515","updated_at":"2026-07-11T11:56:06.294533","type":"presentation.generate","id":"task-f52e30e700481b59b872a2cf126119eb53db3ba26f6fac7c34a8c35f6e6e2e3c"}
[2026-07-11T13:56:44] POLL task=task-f52e30e700481b59b872a2cf126119eb53db3ba26f6fac7c34a8c35f6e6e2e3c idx=20 status=processing
[2026-07-11T13:56:46] REQUEST GET /api/v1/ppt/presentation/status/task-f52e30e700481b59b872a2cf126119eb53db3ba26f6fac7c34a8c35f6e6e2e3c timeout=15s body=
[2026-07-11T13:56:46] RESPONSE GET /api/v1/ppt/presentation/status/task-f52e30e700481b59b872a2cf126119eb53db3ba26f6fac7c34a8c35f6e6e2e3c status=200 elapsed=0.015s body={"status":"processing","message":"Generating presentation outlines","error":null,"data":{"created_slides":0,"remaining_slides":2},"created_at":"2026-07-11T11:56:05.896515","updated_at":"2026-07-11T11:56:06.294533","type":"presentation.generate","id":"task-f52e30e700481b59b872a2cf126119eb53db3ba26f6fac7c34a8c35f6e6e2e3c"}
[2026-07-11T13:56:46] POLL task=task-f52e30e700481b59b872a2cf126119eb53db3ba26f6fac7c34a8c35f6e6e2e3c idx=21 status=processing
[2026-07-11T13:56:48] REQUEST GET /api/v1/ppt/presentation/status/task-f52e30e700481b59b872a2cf126119eb53db3ba26f6fac7c34a8c35f6e6e2e3c timeout=15s body=
[2026-07-11T13:56:48] RESPONSE GET /api/v1/ppt/presentation/status/task-f52e30e700481b59b872a2cf126119eb53db3ba26f6fac7c34a8c35f6e6e2e3c status=200 elapsed=0.023s body={"status":"processing","message":"Generating presentation outlines","error":null,"data":{"created_slides":0,"remaining_slides":2},"created_at":"2026-07-11T11:56:05.896515","updated_at":"2026-07-11T11:56:06.294533","type":"presentation.generate","id":"task-f52e30e700481b59b872a2cf126119eb53db3ba26f6fac7c34a8c35f6e6e2e3c"}
[2026-07-11T13:56:48] POLL task=task-f52e30e700481b59b872a2cf126119eb53db3ba26f6fac7c34a8c35f6e6e2e3c idx=22 status=processing
[2026-07-11T13:56:50] REQUEST GET /api/v1/ppt/presentation/status/task-f52e30e700481b59b872a2cf126119eb53db3ba26f6fac7c34a8c35f6e6e2e3c timeout=15s body=
[2026-07-11T13:56:50] RESPONSE GET /api/v1/ppt/presentation/status/task-f52e30e700481b59b872a2cf126119eb53db3ba26f6fac7c34a8c35f6e6e2e3c status=200 elapsed=0.015s body={"status":"processing","message":"Generating presentation outlines","error":null,"data":{"created_slides":0,"remaining_slides":2},"created_at":"2026-07-11T11:56:05.896515","updated_at":"2026-07-11T11:56:06.294533","type":"presentation.generate","id":"task-f52e30e700481b59b872a2cf126119eb53db3ba26f6fac7c34a8c35f6e6e2e3c"}
[2026-07-11T13:56:50] POLL task=task-f52e30e700481b59b872a2cf126119eb53db3ba26f6fac7c34a8c35f6e6e2e3c idx=23 status=processing
[2026-07-11T13:56:52] REQUEST GET /api/v1/ppt/presentation/status/task-f52e30e700481b59b872a2cf126119eb53db3ba26f6fac7c34a8c35f6e6e2e3c timeout=15s body=
[2026-07-11T13:56:52] RESPONSE GET /api/v1/ppt/presentation/status/task-f52e30e700481b59b872a2cf126119eb53db3ba26f6fac7c34a8c35f6e6e2e3c status=200 elapsed=0.014s body={"status":"processing","message":"Generating presentation outlines","error":null,"data":{"created_slides":0,"remaining_slides":2},"created_at":"2026-07-11T11:56:05.896515","updated_at":"2026-07-11T11:56:06.294533","type":"presentation.generate","id":"task-f52e30e700481b59b872a2cf126119eb53db3ba26f6fac7c34a8c35f6e6e2e3c"}
[2026-07-11T13:56:52] POLL task=task-f52e30e700481b59b872a2cf126119eb53db3ba26f6fac7c34a8c35f6e6e2e3c idx=24 status=processing
[2026-07-11T13:56:54] REQUEST GET /api/v1/ppt/presentation/status/task-f52e30e700481b59b872a2cf126119eb53db3ba26f6fac7c34a8c35f6e6e2e3c timeout=15s body=
[2026-07-11T13:56:54] RESPONSE GET /api/v1/ppt/presentation/status/task-f52e30e700481b59b872a2cf126119eb53db3ba26f6fac7c34a8c35f6e6e2e3c status=200 elapsed=0.024s body={"status":"processing","message":"Generating presentation outlines","error":null,"data":{"created_slides":0,"remaining_slides":2},"created_at":"2026-07-11T11:56:05.896515","updated_at":"2026-07-11T11:56:06.294533","type":"presentation.generate","id":"task-f52e30e700481b59b872a2cf126119eb53db3ba26f6fac7c34a8c35f6e6e2e3c"}
[2026-07-11T13:56:54] POLL task=task-f52e30e700481b59b872a2cf126119eb53db3ba26f6fac7c34a8c35f6e6e2e3c idx=25 status=processing
[2026-07-11T13:56:56] REQUEST GET /api/v1/ppt/presentation/status/task-f52e30e700481b59b872a2cf126119eb53db3ba26f6fac7c34a8c35f6e6e2e3c timeout=15s body=
[2026-07-11T13:56:56] RESPONSE GET /api/v1/ppt/presentation/status/task-f52e30e700481b59b872a2cf126119eb53db3ba26f6fac7c34a8c35f6e6e2e3c status=200 elapsed=0.02s body={"status":"processing","message":"Generating presentation outlines","error":null,"data":{"created_slides":0,"remaining_slides":2},"created_at":"2026-07-11T11:56:05.896515","updated_at":"2026-07-11T11:56:06.294533","type":"presentation.generate","id":"task-f52e30e700481b59b872a2cf126119eb53db3ba26f6fac7c34a8c35f6e6e2e3c"}
[2026-07-11T13:56:56] POLL task=task-f52e30e700481b59b872a2cf126119eb53db3ba26f6fac7c34a8c35f6e6e2e3c idx=26 status=processing
[2026-07-11T13:56:58] REQUEST GET /api/v1/ppt/presentation/status/task-f52e30e700481b59b872a2cf126119eb53db3ba26f6fac7c34a8c35f6e6e2e3c timeout=15s body=
[2026-07-11T13:56:58] RESPONSE GET /api/v1/ppt/presentation/status/task-f52e30e700481b59b872a2cf126119eb53db3ba26f6fac7c34a8c35f6e6e2e3c status=200 elapsed=0.024s body={"status":"processing","message":"Generating presentation outlines","error":null,"data":{"created_slides":0,"remaining_slides":2},"created_at":"2026-07-11T11:56:05.896515","updated_at":"2026-07-11T11:56:06.294533","type":"presentation.generate","id":"task-f52e30e700481b59b872a2cf126119eb53db3ba26f6fac7c34a8c35f6e6e2e3c"}
[2026-07-11T13:56:58] POLL task=task-f52e30e700481b59b872a2cf126119eb53db3ba26f6fac7c34a8c35f6e6e2e3c idx=27 status=processing
[2026-07-11T13:57:00] REQUEST GET /api/v1/ppt/presentation/status/task-f52e30e700481b59b872a2cf126119eb53db3ba26f6fac7c34a8c35f6e6e2e3c timeout=15s body=
[2026-07-11T13:57:00] RESPONSE GET /api/v1/ppt/presentation/status/task-f52e30e700481b59b872a2cf126119eb53db3ba26f6fac7c34a8c35f6e6e2e3c status=200 elapsed=0.021s body={"status":"processing","message":"Generating presentation outlines","error":null,"data":{"created_slides":0,"remaining_slides":2},"created_at":"2026-07-11T11:56:05.896515","updated_at":"2026-07-11T11:56:06.294533","type":"presentation.generate","id":"task-f52e30e700481b59b872a2cf126119eb53db3ba26f6fac7c34a8c35f6e6e2e3c"}
[2026-07-11T13:57:00] POLL task=task-f52e30e700481b59b872a2cf126119eb53db3ba26f6fac7c34a8c35f6e6e2e3c idx=28 status=processing
[2026-07-11T13:57:02] REQUEST GET /api/v1/ppt/presentation/status/task-f52e30e700481b59b872a2cf126119eb53db3ba26f6fac7c34a8c35f6e6e2e3c timeout=15s body=
[2026-07-11T13:57:02] RESPONSE GET /api/v1/ppt/presentation/status/task-f52e30e700481b59b872a2cf126119eb53db3ba26f6fac7c34a8c35f6e6e2e3c status=200 elapsed=0.016s body={"status":"processing","message":"Generating presentation outlines","error":null,"data":{"created_slides":0,"remaining_slides":2},"created_at":"2026-07-11T11:56:05.896515","updated_at":"2026-07-11T11:56:06.294533","type":"presentation.generate","id":"task-f52e30e700481b59b872a2cf126119eb53db3ba26f6fac7c34a8c35f6e6e2e3c"}
[2026-07-11T13:57:02] POLL task=task-f52e30e700481b59b872a2cf126119eb53db3ba26f6fac7c34a8c35f6e6e2e3c idx=29 status=processing
[2026-07-11T13:57:05] REQUEST GET /api/v1/ppt/presentation/status/task-f52e30e700481b59b872a2cf126119eb53db3ba26f6fac7c34a8c35f6e6e2e3c timeout=15s body=
[2026-07-11T13:57:05] RESPONSE GET /api/v1/ppt/presentation/status/task-f52e30e700481b59b872a2cf126119eb53db3ba26f6fac7c34a8c35f6e6e2e3c status=200 elapsed=0.024s body={"status":"processing","message":"Generating presentation outlines","error":null,"data":{"created_slides":0,"remaining_slides":2},"created_at":"2026-07-11T11:56:05.896515","updated_at":"2026-07-11T11:56:06.294533","type":"presentation.generate","id":"task-f52e30e700481b59b872a2cf126119eb53db3ba26f6fac7c34a8c35f6e6e2e3c"}
[2026-07-11T13:57:05] POLL task=task-f52e30e700481b59b872a2cf126119eb53db3ba26f6fac7c34a8c35f6e6e2e3c idx=30 status=processing
[2026-07-11T13:57:07] REQUEST GET /api/v1/ppt/presentation/status/task-f52e30e700481b59b872a2cf126119eb53db3ba26f6fac7c34a8c35f6e6e2e3c timeout=15s body=
[2026-07-11T13:57:07] RESPONSE GET /api/v1/ppt/presentation/status/task-f52e30e700481b59b872a2cf126119eb53db3ba26f6fac7c34a8c35f6e6e2e3c status=200 elapsed=0.011s body={"status":"processing","message":"Generating presentation outlines","error":null,"data":{"created_slides":0,"remaining_slides":2},"created_at":"2026-07-11T11:56:05.896515","updated_at":"2026-07-11T11:56:06.294533","type":"presentation.generate","id":"task-f52e30e700481b59b872a2cf126119eb53db3ba26f6fac7c34a8c35f6e6e2e3c"}
[2026-07-11T13:57:07] POLL task=task-f52e30e700481b59b872a2cf126119eb53db3ba26f6fac7c34a8c35f6e6e2e3c idx=31 status=processing
[2026-07-11T13:57:09] REQUEST GET /api/v1/ppt/presentation/status/task-f52e30e700481b59b872a2cf126119eb53db3ba26f6fac7c34a8c35f6e6e2e3c timeout=15s body=
[2026-07-11T13:57:09] RESPONSE GET /api/v1/ppt/presentation/status/task-f52e30e700481b59b872a2cf126119eb53db3ba26f6fac7c34a8c35f6e6e2e3c status=200 elapsed=0.026s body={"status":"processing","message":"Generating presentation outlines","error":null,"data":{"created_slides":0,"remaining_slides":2},"created_at":"2026-07-11T11:56:05.896515","updated_at":"2026-07-11T11:56:06.294533","type":"presentation.generate","id":"task-f52e30e700481b59b872a2cf126119eb53db3ba26f6fac7c34a8c35f6e6e2e3c"}
[2026-07-11T13:57:09] POLL task=task-f52e30e700481b59b872a2cf126119eb53db3ba26f6fac7c34a8c35f6e6e2e3c idx=32 status=processing
[2026-07-11T13:57:11] REQUEST GET /api/v1/ppt/presentation/status/task-f52e30e700481b59b872a2cf126119eb53db3ba26f6fac7c34a8c35f6e6e2e3c timeout=15s body=
[2026-07-11T13:57:11] RESPONSE GET /api/v1/ppt/presentation/status/task-f52e30e700481b59b872a2cf126119eb53db3ba26f6fac7c34a8c35f6e6e2e3c status=200 elapsed=0.015s body={"status":"processing","message":"Generating presentation outlines","error":null,"data":{"created_slides":0,"remaining_slides":2},"created_at":"2026-07-11T11:56:05.896515","updated_at":"2026-07-11T11:56:06.294533","type":"presentation.generate","id":"task-f52e30e700481b59b872a2cf126119eb53db3ba26f6fac7c34a8c35f6e6e2e3c"}
[2026-07-11T13:57:11] POLL task=task-f52e30e700481b59b872a2cf126119eb53db3ba26f6fac7c34a8c35f6e6e2e3c idx=33 status=processing
[2026-07-11T13:57:13] REQUEST GET /api/v1/ppt/presentation/status/task-f52e30e700481b59b872a2cf126119eb53db3ba26f6fac7c34a8c35f6e6e2e3c timeout=15s body=
[2026-07-11T13:57:13] RESPONSE GET /api/v1/ppt/presentation/status/task-f52e30e700481b59b872a2cf126119eb53db3ba26f6fac7c34a8c35f6e6e2e3c status=200 elapsed=0.022s body={"status":"processing","message":"Generating presentation outlines","error":null,"data":{"created_slides":0,"remaining_slides":2},"created_at":"2026-07-11T11:56:05.896515","updated_at":"2026-07-11T11:56:06.294533","type":"presentation.generate","id":"task-f52e30e700481b59b872a2cf126119eb53db3ba26f6fac7c34a8c35f6e6e2e3c"}
[2026-07-11T13:57:13] POLL task=task-f52e30e700481b59b872a2cf126119eb53db3ba26f6fac7c34a8c35f6e6e2e3c idx=34 status=processing
[2026-07-11T13:57:15] REQUEST GET /api/v1/ppt/presentation/status/task-f52e30e700481b59b872a2cf126119eb53db3ba26f6fac7c34a8c35f6e6e2e3c timeout=15s body=
[2026-07-11T13:57:15] RESPONSE GET /api/v1/ppt/presentation/status/task-f52e30e700481b59b872a2cf126119eb53db3ba26f6fac7c34a8c35f6e6e2e3c status=200 elapsed=0.02s body={"status":"processing","message":"Generating presentation outlines","error":null,"data":{"created_slides":0,"remaining_slides":2},"created_at":"2026-07-11T11:56:05.896515","updated_at":"2026-07-11T11:56:06.294533","type":"presentation.generate","id":"task-f52e30e700481b59b872a2cf126119eb53db3ba26f6fac7c34a8c35f6e6e2e3c"}
[2026-07-11T13:57:15] POLL task=task-f52e30e700481b59b872a2cf126119eb53db3ba26f6fac7c34a8c35f6e6e2e3c idx=35 status=processing
[2026-07-11T13:57:17] REQUEST GET /api/v1/ppt/presentation/status/task-f52e30e700481b59b872a2cf126119eb53db3ba26f6fac7c34a8c35f6e6e2e3c timeout=15s body=
[2026-07-11T13:57:17] RESPONSE GET /api/v1/ppt/presentation/status/task-f52e30e700481b59b872a2cf126119eb53db3ba26f6fac7c34a8c35f6e6e2e3c status=200 elapsed=0.015s body={"status":"processing","message":"Generating presentation outlines","error":null,"data":{"created_slides":0,"remaining_slides":2},"created_at":"2026-07-11T11:56:05.896515","updated_at":"2026-07-11T11:56:06.294533","type":"presentation.generate","id":"task-f52e30e700481b59b872a2cf126119eb53db3ba26f6fac7c34a8c35f6e6e2e3c"}
[2026-07-11T13:57:17] POLL task=task-f52e30e700481b59b872a2cf126119eb53db3ba26f6fac7c34a8c35f6e6e2e3c idx=36 status=processing
[2026-07-11T13:57:19] REQUEST GET /api/v1/ppt/presentation/status/task-f52e30e700481b59b872a2cf126119eb53db3ba26f6fac7c34a8c35f6e6e2e3c timeout=15s body=
[2026-07-11T13:57:19] RESPONSE GET /api/v1/ppt/presentation/status/task-f52e30e700481b59b872a2cf126119eb53db3ba26f6fac7c34a8c35f6e6e2e3c status=200 elapsed=0.019s body={"status":"processing","message":"Generating presentation outlines","error":null,"data":{"created_slides":0,"remaining_slides":2},"created_at":"2026-07-11T11:56:05.896515","updated_at":"2026-07-11T11:56:06.294533","type":"presentation.generate","id":"task-f52e30e700481b59b872a2cf126119eb53db3ba26f6fac7c34a8c35f6e6e2e3c"}
[2026-07-11T13:57:19] POLL task=task-f52e30e700481b59b872a2cf126119eb53db3ba26f6fac7c34a8c35f6e6e2e3c idx=37 status=processing
[2026-07-11T13:57:21] REQUEST GET /api/v1/ppt/presentation/status/task-f52e30e700481b59b872a2cf126119eb53db3ba26f6fac7c34a8c35f6e6e2e3c timeout=15s body=
[2026-07-11T13:57:21] RESPONSE GET /api/v1/ppt/presentation/status/task-f52e30e700481b59b872a2cf126119eb53db3ba26f6fac7c34a8c35f6e6e2e3c status=200 elapsed=0.016s body={"status":"processing","message":"Generating presentation outlines","error":null,"data":{"created_slides":0,"remaining_slides":2},"created_at":"2026-07-11T11:56:05.896515","updated_at":"2026-07-11T11:56:06.294533","type":"presentation.generate","id":"task-f52e30e700481b59b872a2cf126119eb53db3ba26f6fac7c34a8c35f6e6e2e3c"}
[2026-07-11T13:57:21] POLL task=task-f52e30e700481b59b872a2cf126119eb53db3ba26f6fac7c34a8c35f6e6e2e3c idx=38 status=processing
[2026-07-11T13:57:23] REQUEST GET /api/v1/ppt/presentation/status/task-f52e30e700481b59b872a2cf126119eb53db3ba26f6fac7c34a8c35f6e6e2e3c timeout=15s body=
[2026-07-11T13:57:23] RESPONSE GET /api/v1/ppt/presentation/status/task-f52e30e700481b59b872a2cf126119eb53db3ba26f6fac7c34a8c35f6e6e2e3c status=200 elapsed=0.024s body={"status":"processing","message":"Generating presentation outlines","error":null,"data":{"created_slides":0,"remaining_slides":2},"created_at":"2026-07-11T11:56:05.896515","updated_at":"2026-07-11T11:56:06.294533","type":"presentation.generate","id":"task-f52e30e700481b59b872a2cf126119eb53db3ba26f6fac7c34a8c35f6e6e2e3c"}
[2026-07-11T13:57:23] POLL task=task-f52e30e700481b59b872a2cf126119eb53db3ba26f6fac7c34a8c35f6e6e2e3c idx=39 status=processing
[2026-07-11T13:57:25] REQUEST GET /api/v1/ppt/presentation/status/task-f52e30e700481b59b872a2cf126119eb53db3ba26f6fac7c34a8c35f6e6e2e3c timeout=15s body=
[2026-07-11T13:57:25] RESPONSE GET /api/v1/ppt/presentation/status/task-f52e30e700481b59b872a2cf126119eb53db3ba26f6fac7c34a8c35f6e6e2e3c status=200 elapsed=0.035s body={"status":"processing","message":"Generating presentation outlines","error":null,"data":{"created_slides":0,"remaining_slides":2},"created_at":"2026-07-11T11:56:05.896515","updated_at":"2026-07-11T11:56:06.294533","type":"presentation.generate","id":"task-f52e30e700481b59b872a2cf126119eb53db3ba26f6fac7c34a8c35f6e6e2e3c"}
[2026-07-11T13:57:25] POLL task=task-f52e30e700481b59b872a2cf126119eb53db3ba26f6fac7c34a8c35f6e6e2e3c idx=40 status=processing
[2026-07-11T13:57:27] REQUEST GET /api/v1/ppt/presentation/status/task-f52e30e700481b59b872a2cf126119eb53db3ba26f6fac7c34a8c35f6e6e2e3c timeout=15s body=
[2026-07-11T13:57:27] RESPONSE GET /api/v1/ppt/presentation/status/task-f52e30e700481b59b872a2cf126119eb53db3ba26f6fac7c34a8c35f6e6e2e3c status=200 elapsed=0.026s body={"status":"processing","message":"Generating presentation outlines","error":null,"data":{"created_slides":0,"remaining_slides":2},"created_at":"2026-07-11T11:56:05.896515","updated_at":"2026-07-11T11:56:06.294533","type":"presentation.generate","id":"task-f52e30e700481b59b872a2cf126119eb53db3ba26f6fac7c34a8c35f6e6e2e3c"}
[2026-07-11T13:57:27] POLL task=task-f52e30e700481b59b872a2cf126119eb53db3ba26f6fac7c34a8c35f6e6e2e3c idx=41 status=processing
[2026-07-11T13:57:29] REQUEST GET /api/v1/ppt/presentation/status/task-f52e30e700481b59b872a2cf126119eb53db3ba26f6fac7c34a8c35f6e6e2e3c timeout=15s body=
[2026-07-11T13:57:29] RESPONSE GET /api/v1/ppt/presentation/status/task-f52e30e700481b59b872a2cf126119eb53db3ba26f6fac7c34a8c35f6e6e2e3c status=200 elapsed=0.015s body={"status":"processing","message":"Generating presentation outlines","error":null,"data":{"created_slides":0,"remaining_slides":2},"created_at":"2026-07-11T11:56:05.896515","updated_at":"2026-07-11T11:56:06.294533","type":"presentation.generate","id":"task-f52e30e700481b59b872a2cf126119eb53db3ba26f6fac7c34a8c35f6e6e2e3c"}
[2026-07-11T13:57:29] POLL task=task-f52e30e700481b59b872a2cf126119eb53db3ba26f6fac7c34a8c35f6e6e2e3c idx=42 status=processing
[2026-07-11T13:57:31] REQUEST GET /api/v1/ppt/presentation/status/task-f52e30e700481b59b872a2cf126119eb53db3ba26f6fac7c34a8c35f6e6e2e3c timeout=15s body=
[2026-07-11T13:57:31] RESPONSE GET /api/v1/ppt/presentation/status/task-f52e30e700481b59b872a2cf126119eb53db3ba26f6fac7c34a8c35f6e6e2e3c status=200 elapsed=0.018s body={"status":"processing","message":"Generating presentation outlines","error":null,"data":{"created_slides":0,"remaining_slides":2},"created_at":"2026-07-11T11:56:05.896515","updated_at":"2026-07-11T11:56:06.294533","type":"presentation.generate","id":"task-f52e30e700481b59b872a2cf126119eb53db3ba26f6fac7c34a8c35f6e6e2e3c"}
[2026-07-11T13:57:31] POLL task=task-f52e30e700481b59b872a2cf126119eb53db3ba26f6fac7c34a8c35f6e6e2e3c idx=43 status=processing
[2026-07-11T13:57:33] REQUEST GET /api/v1/ppt/presentation/status/task-f52e30e700481b59b872a2cf126119eb53db3ba26f6fac7c34a8c35f6e6e2e3c timeout=15s body=
[2026-07-11T13:57:33] RESPONSE GET /api/v1/ppt/presentation/status/task-f52e30e700481b59b872a2cf126119eb53db3ba26f6fac7c34a8c35f6e6e2e3c status=200 elapsed=0.032s body={"status":"processing","message":"Generating presentation outlines","error":null,"data":{"created_slides":0,"remaining_slides":2},"created_at":"2026-07-11T11:56:05.896515","updated_at":"2026-07-11T11:56:06.294533","type":"presentation.generate","id":"task-f52e30e700481b59b872a2cf126119eb53db3ba26f6fac7c34a8c35f6e6e2e3c"}
[2026-07-11T13:57:33] POLL task=task-f52e30e700481b59b872a2cf126119eb53db3ba26f6fac7c34a8c35f6e6e2e3c idx=44 status=processing
[2026-07-11T13:57:35] REQUEST GET /api/v1/ppt/presentation/status/task-f52e30e700481b59b872a2cf126119eb53db3ba26f6fac7c34a8c35f6e6e2e3c timeout=15s body=
[2026-07-11T13:57:35] RESPONSE GET /api/v1/ppt/presentation/status/task-f52e30e700481b59b872a2cf126119eb53db3ba26f6fac7c34a8c35f6e6e2e3c status=200 elapsed=0.024s body={"status":"processing","message":"Generating presentation outlines","error":null,"data":{"created_slides":0,"remaining_slides":2},"created_at":"2026-07-11T11:56:05.896515","updated_at":"2026-07-11T11:56:06.294533","type":"presentation.generate","id":"task-f52e30e700481b59b872a2cf126119eb53db3ba26f6fac7c34a8c35f6e6e2e3c"}
[2026-07-11T13:57:35] POLL task=task-f52e30e700481b59b872a2cf126119eb53db3ba26f6fac7c34a8c35f6e6e2e3c idx=45 status=processing
[2026-07-11T13:57:37] REQUEST GET /api/v1/ppt/presentation/status/task-f52e30e700481b59b872a2cf126119eb53db3ba26f6fac7c34a8c35f6e6e2e3c timeout=15s body=
[2026-07-11T13:57:37] RESPONSE GET /api/v1/ppt/presentation/status/task-f52e30e700481b59b872a2cf126119eb53db3ba26f6fac7c34a8c35f6e6e2e3c status=200 elapsed=0.02s body={"status":"processing","message":"Generating presentation outlines","error":null,"data":{"created_slides":0,"remaining_slides":2},"created_at":"2026-07-11T11:56:05.896515","updated_at":"2026-07-11T11:56:06.294533","type":"presentation.generate","id":"task-f52e30e700481b59b872a2cf126119eb53db3ba26f6fac7c34a8c35f6e6e2e3c"}
[2026-07-11T13:57:37] POLL task=task-f52e30e700481b59b872a2cf126119eb53db3ba26f6fac7c34a8c35f6e6e2e3c idx=46 status=processing
[2026-07-11T13:57:39] REQUEST GET /api/v1/ppt/presentation/status/task-f52e30e700481b59b872a2cf126119eb53db3ba26f6fac7c34a8c35f6e6e2e3c timeout=15s body=
[2026-07-11T13:57:39] RESPONSE GET /api/v1/ppt/presentation/status/task-f52e30e700481b59b872a2cf126119eb53db3ba26f6fac7c34a8c35f6e6e2e3c status=200 elapsed=0.015s body={"status":"processing","message":"Generating presentation outlines","error":null,"data":{"created_slides":0,"remaining_slides":2},"created_at":"2026-07-11T11:56:05.896515","updated_at":"2026-07-11T11:56:06.294533","type":"presentation.generate","id":"task-f52e30e700481b59b872a2cf126119eb53db3ba26f6fac7c34a8c35f6e6e2e3c"}
[2026-07-11T13:57:39] POLL task=task-f52e30e700481b59b872a2cf126119eb53db3ba26f6fac7c34a8c35f6e6e2e3c idx=47 status=processing
[2026-07-11T13:57:41] REQUEST GET /api/v1/ppt/presentation/status/task-f52e30e700481b59b872a2cf126119eb53db3ba26f6fac7c34a8c35f6e6e2e3c timeout=15s body=
[2026-07-11T13:57:41] RESPONSE GET /api/v1/ppt/presentation/status/task-f52e30e700481b59b872a2cf126119eb53db3ba26f6fac7c34a8c35f6e6e2e3c status=200 elapsed=0.016s body={"status":"processing","message":"Generating presentation outlines","error":null,"data":{"created_slides":0,"remaining_slides":2},"created_at":"2026-07-11T11:56:05.896515","updated_at":"2026-07-11T11:56:06.294533","type":"presentation.generate","id":"task-f52e30e700481b59b872a2cf126119eb53db3ba26f6fac7c34a8c35f6e6e2e3c"}
[2026-07-11T13:57:41] POLL task=task-f52e30e700481b59b872a2cf126119eb53db3ba26f6fac7c34a8c35f6e6e2e3c idx=48 status=processing
[2026-07-11T13:57:43] REQUEST GET /api/v1/ppt/presentation/status/task-f52e30e700481b59b872a2cf126119eb53db3ba26f6fac7c34a8c35f6e6e2e3c timeout=15s body=
[2026-07-11T13:57:43] RESPONSE GET /api/v1/ppt/presentation/status/task-f52e30e700481b59b872a2cf126119eb53db3ba26f6fac7c34a8c35f6e6e2e3c status=200 elapsed=0.011s body={"status":"processing","message":"Generating presentation outlines","error":null,"data":{"created_slides":0,"remaining_slides":2},"created_at":"2026-07-11T11:56:05.896515","updated_at":"2026-07-11T11:56:06.294533","type":"presentation.generate","id":"task-f52e30e700481b59b872a2cf126119eb53db3ba26f6fac7c34a8c35f6e6e2e3c"}
[2026-07-11T13:57:43] POLL task=task-f52e30e700481b59b872a2cf126119eb53db3ba26f6fac7c34a8c35f6e6e2e3c idx=49 status=processing
[2026-07-11T13:57:45] REQUEST GET /api/v1/ppt/presentation/status/task-f52e30e700481b59b872a2cf126119eb53db3ba26f6fac7c34a8c35f6e6e2e3c timeout=15s body=
[2026-07-11T13:57:45] RESPONSE GET /api/v1/ppt/presentation/status/task-f52e30e700481b59b872a2cf126119eb53db3ba26f6fac7c34a8c35f6e6e2e3c status=200 elapsed=0.021s body={"status":"processing","message":"Generating presentation outlines","error":null,"data":{"created_slides":0,"remaining_slides":2},"created_at":"2026-07-11T11:56:05.896515","updated_at":"2026-07-11T11:56:06.294533","type":"presentation.generate","id":"task-f52e30e700481b59b872a2cf126119eb53db3ba26f6fac7c34a8c35f6e6e2e3c"}
[2026-07-11T13:57:45] POLL task=task-f52e30e700481b59b872a2cf126119eb53db3ba26f6fac7c34a8c35f6e6e2e3c idx=50 status=processing
[2026-07-11T13:57:47] REQUEST GET /api/v1/ppt/presentation/status/task-f52e30e700481b59b872a2cf126119eb53db3ba26f6fac7c34a8c35f6e6e2e3c timeout=15s body=
[2026-07-11T13:57:47] RESPONSE GET /api/v1/ppt/presentation/status/task-f52e30e700481b59b872a2cf126119eb53db3ba26f6fac7c34a8c35f6e6e2e3c status=200 elapsed=0.021s body={"status":"processing","message":"Generating presentation outlines","error":null,"data":{"created_slides":0,"remaining_slides":2},"created_at":"2026-07-11T11:56:05.896515","updated_at":"2026-07-11T11:56:06.294533","type":"presentation.generate","id":"task-f52e30e700481b59b872a2cf126119eb53db3ba26f6fac7c34a8c35f6e6e2e3c"}
[2026-07-11T13:57:47] POLL task=task-f52e30e700481b59b872a2cf126119eb53db3ba26f6fac7c34a8c35f6e6e2e3c idx=51 status=processing
[2026-07-11T13:57:49] REQUEST GET /api/v1/ppt/presentation/status/task-f52e30e700481b59b872a2cf126119eb53db3ba26f6fac7c34a8c35f6e6e2e3c timeout=15s body=
[2026-07-11T13:57:49] RESPONSE GET /api/v1/ppt/presentation/status/task-f52e30e700481b59b872a2cf126119eb53db3ba26f6fac7c34a8c35f6e6e2e3c status=200 elapsed=0.028s body={"status":"processing","message":"Generating presentation outlines","error":null,"data":{"created_slides":0,"remaining_slides":2},"created_at":"2026-07-11T11:56:05.896515","updated_at":"2026-07-11T11:56:06.294533","type":"presentation.generate","id":"task-f52e30e700481b59b872a2cf126119eb53db3ba26f6fac7c34a8c35f6e6e2e3c"}
[2026-07-11T13:57:49] POLL task=task-f52e30e700481b59b872a2cf126119eb53db3ba26f6fac7c34a8c35f6e6e2e3c idx=52 status=processing
[2026-07-11T13:57:51] REQUEST GET /api/v1/ppt/presentation/status/task-f52e30e700481b59b872a2cf126119eb53db3ba26f6fac7c34a8c35f6e6e2e3c timeout=15s body=
[2026-07-11T13:57:51] RESPONSE GET /api/v1/ppt/presentation/status/task-f52e30e700481b59b872a2cf126119eb53db3ba26f6fac7c34a8c35f6e6e2e3c status=200 elapsed=0.026s body={"status":"processing","message":"Generating presentation outlines","error":null,"data":{"created_slides":0,"remaining_slides":2},"created_at":"2026-07-11T11:56:05.896515","updated_at":"2026-07-11T11:56:06.294533","type":"presentation.generate","id":"task-f52e30e700481b59b872a2cf126119eb53db3ba26f6fac7c34a8c35f6e6e2e3c"}
[2026-07-11T13:57:51] POLL task=task-f52e30e700481b59b872a2cf126119eb53db3ba26f6fac7c34a8c35f6e6e2e3c idx=53 status=processing
[2026-07-11T13:57:53] REQUEST GET /api/v1/ppt/presentation/status/task-f52e30e700481b59b872a2cf126119eb53db3ba26f6fac7c34a8c35f6e6e2e3c timeout=15s body=
[2026-07-11T13:57:53] RESPONSE GET /api/v1/ppt/presentation/status/task-f52e30e700481b59b872a2cf126119eb53db3ba26f6fac7c34a8c35f6e6e2e3c status=200 elapsed=0.019s body={"status":"processing","message":"Generating presentation outlines","error":null,"data":{"created_slides":0,"remaining_slides":2},"created_at":"2026-07-11T11:56:05.896515","updated_at":"2026-07-11T11:56:06.294533","type":"presentation.generate","id":"task-f52e30e700481b59b872a2cf126119eb53db3ba26f6fac7c34a8c35f6e6e2e3c"}
[2026-07-11T13:57:53] POLL task=task-f52e30e700481b59b872a2cf126119eb53db3ba26f6fac7c34a8c35f6e6e2e3c idx=54 status=processing
[2026-07-11T13:57:55] REQUEST GET /api/v1/ppt/presentation/status/task-f52e30e700481b59b872a2cf126119eb53db3ba26f6fac7c34a8c35f6e6e2e3c timeout=15s body=
[2026-07-11T13:57:55] RESPONSE GET /api/v1/ppt/presentation/status/task-f52e30e700481b59b872a2cf126119eb53db3ba26f6fac7c34a8c35f6e6e2e3c status=200 elapsed=0.014s body={"status":"processing","message":"Generating presentation outlines","error":null,"data":{"created_slides":0,"remaining_slides":2},"created_at":"2026-07-11T11:56:05.896515","updated_at":"2026-07-11T11:56:06.294533","type":"presentation.generate","id":"task-f52e30e700481b59b872a2cf126119eb53db3ba26f6fac7c34a8c35f6e6e2e3c"}
[2026-07-11T13:57:55] POLL task=task-f52e30e700481b59b872a2cf126119eb53db3ba26f6fac7c34a8c35f6e6e2e3c idx=55 status=processing
[2026-07-11T13:57:57] REQUEST GET /api/v1/ppt/presentation/status/task-f52e30e700481b59b872a2cf126119eb53db3ba26f6fac7c34a8c35f6e6e2e3c timeout=15s body=
[2026-07-11T13:57:57] RESPONSE GET /api/v1/ppt/presentation/status/task-f52e30e700481b59b872a2cf126119eb53db3ba26f6fac7c34a8c35f6e6e2e3c status=200 elapsed=0.021s body={"status":"processing","message":"Generating presentation outlines","error":null,"data":{"created_slides":0,"remaining_slides":2},"created_at":"2026-07-11T11:56:05.896515","updated_at":"2026-07-11T11:56:06.294533","type":"presentation.generate","id":"task-f52e30e700481b59b872a2cf126119eb53db3ba26f6fac7c34a8c35f6e6e2e3c"}
[2026-07-11T13:57:57] POLL task=task-f52e30e700481b59b872a2cf126119eb53db3ba26f6fac7c34a8c35f6e6e2e3c idx=56 status=processing
[2026-07-11T13:57:59] REQUEST GET /api/v1/ppt/presentation/status/task-f52e30e700481b59b872a2cf126119eb53db3ba26f6fac7c34a8c35f6e6e2e3c timeout=15s body=
[2026-07-11T13:57:59] RESPONSE GET /api/v1/ppt/presentation/status/task-f52e30e700481b59b872a2cf126119eb53db3ba26f6fac7c34a8c35f6e6e2e3c status=200 elapsed=0.018s body={"status":"processing","message":"Generating presentation outlines","error":null,"data":{"created_slides":0,"remaining_slides":2},"created_at":"2026-07-11T11:56:05.896515","updated_at":"2026-07-11T11:56:06.294533","type":"presentation.generate","id":"task-f52e30e700481b59b872a2cf126119eb53db3ba26f6fac7c34a8c35f6e6e2e3c"}
[2026-07-11T13:57:59] POLL task=task-f52e30e700481b59b872a2cf126119eb53db3ba26f6fac7c34a8c35f6e6e2e3c idx=57 status=processing
[2026-07-11T13:58:01] REQUEST GET /api/v1/ppt/presentation/status/task-f52e30e700481b59b872a2cf126119eb53db3ba26f6fac7c34a8c35f6e6e2e3c timeout=15s body=
[2026-07-11T13:58:01] RESPONSE GET /api/v1/ppt/presentation/status/task-f52e30e700481b59b872a2cf126119eb53db3ba26f6fac7c34a8c35f6e6e2e3c status=200 elapsed=0.017s body={"status":"processing","message":"Generating presentation outlines","error":null,"data":{"created_slides":0,"remaining_slides":2},"created_at":"2026-07-11T11:56:05.896515","updated_at":"2026-07-11T11:56:06.294533","type":"presentation.generate","id":"task-f52e30e700481b59b872a2cf126119eb53db3ba26f6fac7c34a8c35f6e6e2e3c"}
[2026-07-11T13:58:01] POLL task=task-f52e30e700481b59b872a2cf126119eb53db3ba26f6fac7c34a8c35f6e6e2e3c idx=58 status=processing
[2026-07-11T13:58:03] REQUEST GET /api/v1/ppt/presentation/status/task-f52e30e700481b59b872a2cf126119eb53db3ba26f6fac7c34a8c35f6e6e2e3c timeout=15s body=
[2026-07-11T13:58:03] RESPONSE GET /api/v1/ppt/presentation/status/task-f52e30e700481b59b872a2cf126119eb53db3ba26f6fac7c34a8c35f6e6e2e3c status=200 elapsed=0.104s body={"status":"processing","message":"Generating presentation outlines","error":null,"data":{"created_slides":0,"remaining_slides":2},"created_at":"2026-07-11T11:56:05.896515","updated_at":"2026-07-11T11:56:06.294533","type":"presentation.generate","id":"task-f52e30e700481b59b872a2cf126119eb53db3ba26f6fac7c34a8c35f6e6e2e3c"}
[2026-07-11T13:58:03] POLL task=task-f52e30e700481b59b872a2cf126119eb53db3ba26f6fac7c34a8c35f6e6e2e3c idx=59 status=processing
[2026-07-11T13:58:05] REQUEST GET /api/v1/ppt/presentation/status/task-f52e30e700481b59b872a2cf126119eb53db3ba26f6fac7c34a8c35f6e6e2e3c timeout=15s body=
[2026-07-11T13:58:05] RESPONSE GET /api/v1/ppt/presentation/status/task-f52e30e700481b59b872a2cf126119eb53db3ba26f6fac7c34a8c35f6e6e2e3c status=200 elapsed=0.025s body={"status":"processing","message":"Generating presentation outlines","error":null,"data":{"created_slides":0,"remaining_slides":2},"created_at":"2026-07-11T11:56:05.896515","updated_at":"2026-07-11T11:56:06.294533","type":"presentation.generate","id":"task-f52e30e700481b59b872a2cf126119eb53db3ba26f6fac7c34a8c35f6e6e2e3c"}
[2026-07-11T13:58:05] POLL task=task-f52e30e700481b59b872a2cf126119eb53db3ba26f6fac7c34a8c35f6e6e2e3c idx=60 status=processing
[2026-07-11T13:58:07] REQUEST GET /api/v1/ppt/presentation/status/task-f52e30e700481b59b872a2cf126119eb53db3ba26f6fac7c34a8c35f6e6e2e3c timeout=15s body=
[2026-07-11T13:58:07] RESPONSE GET /api/v1/ppt/presentation/status/task-f52e30e700481b59b872a2cf126119eb53db3ba26f6fac7c34a8c35f6e6e2e3c status=200 elapsed=0.019s body={"status":"processing","message":"Generating presentation outlines","error":null,"data":{"created_slides":0,"remaining_slides":2},"created_at":"2026-07-11T11:56:05.896515","updated_at":"2026-07-11T11:56:06.294533","type":"presentation.generate","id":"task-f52e30e700481b59b872a2cf126119eb53db3ba26f6fac7c34a8c35f6e6e2e3c"}
[2026-07-11T13:58:07] POLL task=task-f52e30e700481b59b872a2cf126119eb53db3ba26f6fac7c34a8c35f6e6e2e3c idx=61 status=processing
[2026-07-11T13:58:09] REQUEST GET /api/v1/ppt/presentation/status/task-f52e30e700481b59b872a2cf126119eb53db3ba26f6fac7c34a8c35f6e6e2e3c timeout=15s body=
[2026-07-11T13:58:09] RESPONSE GET /api/v1/ppt/presentation/status/task-f52e30e700481b59b872a2cf126119eb53db3ba26f6fac7c34a8c35f6e6e2e3c status=200 elapsed=0.018s body={"status":"processing","message":"Generating presentation outlines","error":null,"data":{"created_slides":0,"remaining_slides":2},"created_at":"2026-07-11T11:56:05.896515","updated_at":"2026-07-11T11:56:06.294533","type":"presentation.generate","id":"task-f52e30e700481b59b872a2cf126119eb53db3ba26f6fac7c34a8c35f6e6e2e3c"}
[2026-07-11T13:58:09] POLL task=task-f52e30e700481b59b872a2cf126119eb53db3ba26f6fac7c34a8c35f6e6e2e3c idx=62 status=processing
[2026-07-11T13:58:11] REQUEST GET /api/v1/ppt/presentation/status/task-f52e30e700481b59b872a2cf126119eb53db3ba26f6fac7c34a8c35f6e6e2e3c timeout=15s body=
[2026-07-11T13:58:11] RESPONSE GET /api/v1/ppt/presentation/status/task-f52e30e700481b59b872a2cf126119eb53db3ba26f6fac7c34a8c35f6e6e2e3c status=200 elapsed=0.01s body={"status":"processing","message":"Generating presentation outlines","error":null,"data":{"created_slides":0,"remaining_slides":2},"created_at":"2026-07-11T11:56:05.896515","updated_at":"2026-07-11T11:56:06.294533","type":"presentation.generate","id":"task-f52e30e700481b59b872a2cf126119eb53db3ba26f6fac7c34a8c35f6e6e2e3c"}
[2026-07-11T13:58:11] POLL task=task-f52e30e700481b59b872a2cf126119eb53db3ba26f6fac7c34a8c35f6e6e2e3c idx=63 status=processing
[2026-07-11T13:58:13] REQUEST GET /api/v1/ppt/presentation/status/task-f52e30e700481b59b872a2cf126119eb53db3ba26f6fac7c34a8c35f6e6e2e3c timeout=15s body=
[2026-07-11T13:58:13] RESPONSE GET /api/v1/ppt/presentation/status/task-f52e30e700481b59b872a2cf126119eb53db3ba26f6fac7c34a8c35f6e6e2e3c status=200 elapsed=0.019s body={"status":"processing","message":"Generating presentation outlines","error":null,"data":{"created_slides":0,"remaining_slides":2},"created_at":"2026-07-11T11:56:05.896515","updated_at":"2026-07-11T11:56:06.294533","type":"presentation.generate","id":"task-f52e30e700481b59b872a2cf126119eb53db3ba26f6fac7c34a8c35f6e6e2e3c"}
[2026-07-11T13:58:13] POLL task=task-f52e30e700481b59b872a2cf126119eb53db3ba26f6fac7c34a8c35f6e6e2e3c idx=64 status=processing
[2026-07-11T13:58:15] REQUEST GET /api/v1/ppt/presentation/status/task-f52e30e700481b59b872a2cf126119eb53db3ba26f6fac7c34a8c35f6e6e2e3c timeout=15s body=
[2026-07-11T13:58:15] RESPONSE GET /api/v1/ppt/presentation/status/task-f52e30e700481b59b872a2cf126119eb53db3ba26f6fac7c34a8c35f6e6e2e3c status=200 elapsed=0.018s body={"status":"processing","message":"Generating presentation outlines","error":null,"data":{"created_slides":0,"remaining_slides":2},"created_at":"2026-07-11T11:56:05.896515","updated_at":"2026-07-11T11:56:06.294533","type":"presentation.generate","id":"task-f52e30e700481b59b872a2cf126119eb53db3ba26f6fac7c34a8c35f6e6e2e3c"}
[2026-07-11T13:58:15] POLL task=task-f52e30e700481b59b872a2cf126119eb53db3ba26f6fac7c34a8c35f6e6e2e3c idx=65 status=processing
[2026-07-11T13:58:17] REQUEST GET /api/v1/ppt/presentation/status/task-f52e30e700481b59b872a2cf126119eb53db3ba26f6fac7c34a8c35f6e6e2e3c timeout=15s body=
[2026-07-11T13:58:18] RESPONSE GET /api/v1/ppt/presentation/status/task-f52e30e700481b59b872a2cf126119eb53db3ba26f6fac7c34a8c35f6e6e2e3c status=200 elapsed=0.013s body={"status":"processing","message":"Generating presentation outlines","error":null,"data":{"created_slides":0,"remaining_slides":2},"created_at":"2026-07-11T11:56:05.896515","updated_at":"2026-07-11T11:56:06.294533","type":"presentation.generate","id":"task-f52e30e700481b59b872a2cf126119eb53db3ba26f6fac7c34a8c35f6e6e2e3c"}
[2026-07-11T13:58:18] POLL task=task-f52e30e700481b59b872a2cf126119eb53db3ba26f6fac7c34a8c35f6e6e2e3c idx=66 status=processing
[2026-07-11T13:58:20] REQUEST GET /api/v1/ppt/presentation/status/task-f52e30e700481b59b872a2cf126119eb53db3ba26f6fac7c34a8c35f6e6e2e3c timeout=15s body=
[2026-07-11T13:58:20] RESPONSE GET /api/v1/ppt/presentation/status/task-f52e30e700481b59b872a2cf126119eb53db3ba26f6fac7c34a8c35f6e6e2e3c status=200 elapsed=0.018s body={"status":"processing","message":"Generating presentation outlines","error":null,"data":{"created_slides":0,"remaining_slides":2},"created_at":"2026-07-11T11:56:05.896515","updated_at":"2026-07-11T11:56:06.294533","type":"presentation.generate","id":"task-f52e30e700481b59b872a2cf126119eb53db3ba26f6fac7c34a8c35f6e6e2e3c"}
[2026-07-11T13:58:20] POLL task=task-f52e30e700481b59b872a2cf126119eb53db3ba26f6fac7c34a8c35f6e6e2e3c idx=67 status=processing
[2026-07-11T13:58:22] REQUEST GET /api/v1/ppt/presentation/status/task-f52e30e700481b59b872a2cf126119eb53db3ba26f6fac7c34a8c35f6e6e2e3c timeout=15s body=
[2026-07-11T13:58:22] RESPONSE GET /api/v1/ppt/presentation/status/task-f52e30e700481b59b872a2cf126119eb53db3ba26f6fac7c34a8c35f6e6e2e3c status=200 elapsed=0.007s body={"status":"processing","message":"Generating presentation outlines","error":null,"data":{"created_slides":0,"remaining_slides":2},"created_at":"2026-07-11T11:56:05.896515","updated_at":"2026-07-11T11:56:06.294533","type":"presentation.generate","id":"task-f52e30e700481b59b872a2cf126119eb53db3ba26f6fac7c34a8c35f6e6e2e3c"}
[2026-07-11T13:58:22] POLL task=task-f52e30e700481b59b872a2cf126119eb53db3ba26f6fac7c34a8c35f6e6e2e3c idx=68 status=processing
[2026-07-11T13:58:24] REQUEST GET /api/v1/ppt/presentation/status/task-f52e30e700481b59b872a2cf126119eb53db3ba26f6fac7c34a8c35f6e6e2e3c timeout=15s body=
[2026-07-11T13:58:24] RESPONSE GET /api/v1/ppt/presentation/status/task-f52e30e700481b59b872a2cf126119eb53db3ba26f6fac7c34a8c35f6e6e2e3c status=200 elapsed=0.029s body={"status":"processing","message":"Generating presentation outlines","error":null,"data":{"created_slides":0,"remaining_slides":2},"created_at":"2026-07-11T11:56:05.896515","updated_at":"2026-07-11T11:56:06.294533","type":"presentation.generate","id":"task-f52e30e700481b59b872a2cf126119eb53db3ba26f6fac7c34a8c35f6e6e2e3c"}
[2026-07-11T13:58:24] POLL task=task-f52e30e700481b59b872a2cf126119eb53db3ba26f6fac7c34a8c35f6e6e2e3c idx=69 status=processing
[2026-07-11T13:58:26] REQUEST GET /api/v1/ppt/presentation/status/task-f52e30e700481b59b872a2cf126119eb53db3ba26f6fac7c34a8c35f6e6e2e3c timeout=15s body=
[2026-07-11T13:58:26] RESPONSE GET /api/v1/ppt/presentation/status/task-f52e30e700481b59b872a2cf126119eb53db3ba26f6fac7c34a8c35f6e6e2e3c status=200 elapsed=0.014s body={"status":"processing","message":"Selecting layout for each slide","error":null,"data":{"created_slides":0,"remaining_slides":2},"created_at":"2026-07-11T11:56:05.896515","updated_at":"2026-07-11T11:58:24.720891","type":"presentation.generate","id":"task-f52e30e700481b59b872a2cf126119eb53db3ba26f6fac7c34a8c35f6e6e2e3c"}
[2026-07-11T13:58:26] POLL task=task-f52e30e700481b59b872a2cf126119eb53db3ba26f6fac7c34a8c35f6e6e2e3c idx=70 status=processing
[2026-07-11T13:58:28] REQUEST GET /api/v1/ppt/presentation/status/task-f52e30e700481b59b872a2cf126119eb53db3ba26f6fac7c34a8c35f6e6e2e3c timeout=15s body=
[2026-07-11T13:58:28] RESPONSE GET /api/v1/ppt/presentation/status/task-f52e30e700481b59b872a2cf126119eb53db3ba26f6fac7c34a8c35f6e6e2e3c status=200 elapsed=0.028s body={"status":"processing","message":"Selecting layout for each slide","error":null,"data":{"created_slides":0,"remaining_slides":2},"created_at":"2026-07-11T11:56:05.896515","updated_at":"2026-07-11T11:58:24.720891","type":"presentation.generate","id":"task-f52e30e700481b59b872a2cf126119eb53db3ba26f6fac7c34a8c35f6e6e2e3c"}
[2026-07-11T13:58:28] POLL task=task-f52e30e700481b59b872a2cf126119eb53db3ba26f6fac7c34a8c35f6e6e2e3c idx=71 status=processing
[2026-07-11T13:58:30] REQUEST GET /api/v1/ppt/presentation/status/task-f52e30e700481b59b872a2cf126119eb53db3ba26f6fac7c34a8c35f6e6e2e3c timeout=15s body=
[2026-07-11T13:58:30] RESPONSE GET /api/v1/ppt/presentation/status/task-f52e30e700481b59b872a2cf126119eb53db3ba26f6fac7c34a8c35f6e6e2e3c status=200 elapsed=0.013s body={"status":"processing","message":"Selecting layout for each slide","error":null,"data":{"created_slides":0,"remaining_slides":2},"created_at":"2026-07-11T11:56:05.896515","updated_at":"2026-07-11T11:58:24.720891","type":"presentation.generate","id":"task-f52e30e700481b59b872a2cf126119eb53db3ba26f6fac7c34a8c35f6e6e2e3c"}
[2026-07-11T13:58:30] POLL task=task-f52e30e700481b59b872a2cf126119eb53db3ba26f6fac7c34a8c35f6e6e2e3c idx=72 status=processing
[2026-07-11T13:58:32] REQUEST GET /api/v1/ppt/presentation/status/task-f52e30e700481b59b872a2cf126119eb53db3ba26f6fac7c34a8c35f6e6e2e3c timeout=15s body=
[2026-07-11T13:58:32] RESPONSE GET /api/v1/ppt/presentation/status/task-f52e30e700481b59b872a2cf126119eb53db3ba26f6fac7c34a8c35f6e6e2e3c status=200 elapsed=0.11s body={"status":"processing","message":"Selecting layout for each slide","error":null,"data":{"created_slides":0,"remaining_slides":2},"created_at":"2026-07-11T11:56:05.896515","updated_at":"2026-07-11T11:58:24.720891","type":"presentation.generate","id":"task-f52e30e700481b59b872a2cf126119eb53db3ba26f6fac7c34a8c35f6e6e2e3c"}
[2026-07-11T13:58:32] POLL task=task-f52e30e700481b59b872a2cf126119eb53db3ba26f6fac7c34a8c35f6e6e2e3c idx=73 status=processing
[2026-07-11T13:58:34] REQUEST GET /api/v1/ppt/presentation/status/task-f52e30e700481b59b872a2cf126119eb53db3ba26f6fac7c34a8c35f6e6e2e3c timeout=15s body=
[2026-07-11T13:58:34] RESPONSE GET /api/v1/ppt/presentation/status/task-f52e30e700481b59b872a2cf126119eb53db3ba26f6fac7c34a8c35f6e6e2e3c status=200 elapsed=0.02s body={"status":"processing","message":"Selecting layout for each slide","error":null,"data":{"created_slides":0,"remaining_slides":2},"created_at":"2026-07-11T11:56:05.896515","updated_at":"2026-07-11T11:58:24.720891","type":"presentation.generate","id":"task-f52e30e700481b59b872a2cf126119eb53db3ba26f6fac7c34a8c35f6e6e2e3c"}
[2026-07-11T13:58:34] POLL task=task-f52e30e700481b59b872a2cf126119eb53db3ba26f6fac7c34a8c35f6e6e2e3c idx=74 status=processing
[2026-07-11T13:58:36] REQUEST GET /api/v1/ppt/presentation/status/task-f52e30e700481b59b872a2cf126119eb53db3ba26f6fac7c34a8c35f6e6e2e3c timeout=15s body=
[2026-07-11T13:58:36] RESPONSE GET /api/v1/ppt/presentation/status/task-f52e30e700481b59b872a2cf126119eb53db3ba26f6fac7c34a8c35f6e6e2e3c status=200 elapsed=0.019s body={"status":"processing","message":"Selecting layout for each slide","error":null,"data":{"created_slides":0,"remaining_slides":2},"created_at":"2026-07-11T11:56:05.896515","updated_at":"2026-07-11T11:58:24.720891","type":"presentation.generate","id":"task-f52e30e700481b59b872a2cf126119eb53db3ba26f6fac7c34a8c35f6e6e2e3c"}
[2026-07-11T13:58:36] POLL task=task-f52e30e700481b59b872a2cf126119eb53db3ba26f6fac7c34a8c35f6e6e2e3c idx=75 status=processing
[2026-07-11T13:58:38] REQUEST GET /api/v1/ppt/presentation/status/task-f52e30e700481b59b872a2cf126119eb53db3ba26f6fac7c34a8c35f6e6e2e3c timeout=15s body=
[2026-07-11T13:58:38] RESPONSE GET /api/v1/ppt/presentation/status/task-f52e30e700481b59b872a2cf126119eb53db3ba26f6fac7c34a8c35f6e6e2e3c status=200 elapsed=0.016s body={"status":"processing","message":"Selecting layout for each slide","error":null,"data":{"created_slides":0,"remaining_slides":2},"created_at":"2026-07-11T11:56:05.896515","updated_at":"2026-07-11T11:58:24.720891","type":"presentation.generate","id":"task-f52e30e700481b59b872a2cf126119eb53db3ba26f6fac7c34a8c35f6e6e2e3c"}
[2026-07-11T13:58:38] POLL task=task-f52e30e700481b59b872a2cf126119eb53db3ba26f6fac7c34a8c35f6e6e2e3c idx=76 status=processing
[2026-07-11T13:58:40] REQUEST GET /api/v1/ppt/presentation/status/task-f52e30e700481b59b872a2cf126119eb53db3ba26f6fac7c34a8c35f6e6e2e3c timeout=15s body=
[2026-07-11T13:58:40] RESPONSE GET /api/v1/ppt/presentation/status/task-f52e30e700481b59b872a2cf126119eb53db3ba26f6fac7c34a8c35f6e6e2e3c status=200 elapsed=0.023s body={"status":"processing","message":"Selecting layout for each slide","error":null,"data":{"created_slides":0,"remaining_slides":2},"created_at":"2026-07-11T11:56:05.896515","updated_at":"2026-07-11T11:58:24.720891","type":"presentation.generate","id":"task-f52e30e700481b59b872a2cf126119eb53db3ba26f6fac7c34a8c35f6e6e2e3c"}
[2026-07-11T13:58:40] POLL task=task-f52e30e700481b59b872a2cf126119eb53db3ba26f6fac7c34a8c35f6e6e2e3c idx=77 status=processing
[2026-07-11T13:58:42] REQUEST GET /api/v1/ppt/presentation/status/task-f52e30e700481b59b872a2cf126119eb53db3ba26f6fac7c34a8c35f6e6e2e3c timeout=15s body=
[2026-07-11T13:58:42] RESPONSE GET /api/v1/ppt/presentation/status/task-f52e30e700481b59b872a2cf126119eb53db3ba26f6fac7c34a8c35f6e6e2e3c status=200 elapsed=0.022s body={"status":"processing","message":"Selecting layout for each slide","error":null,"data":{"created_slides":0,"remaining_slides":2},"created_at":"2026-07-11T11:56:05.896515","updated_at":"2026-07-11T11:58:24.720891","type":"presentation.generate","id":"task-f52e30e700481b59b872a2cf126119eb53db3ba26f6fac7c34a8c35f6e6e2e3c"}
[2026-07-11T13:58:42] POLL task=task-f52e30e700481b59b872a2cf126119eb53db3ba26f6fac7c34a8c35f6e6e2e3c idx=78 status=processing
[2026-07-11T13:58:44] REQUEST GET /api/v1/ppt/presentation/status/task-f52e30e700481b59b872a2cf126119eb53db3ba26f6fac7c34a8c35f6e6e2e3c timeout=15s body=
[2026-07-11T13:58:44] RESPONSE GET /api/v1/ppt/presentation/status/task-f52e30e700481b59b872a2cf126119eb53db3ba26f6fac7c34a8c35f6e6e2e3c status=200 elapsed=0.026s body={"status":"processing","message":"Selecting layout for each slide","error":null,"data":{"created_slides":0,"remaining_slides":2},"created_at":"2026-07-11T11:56:05.896515","updated_at":"2026-07-11T11:58:24.720891","type":"presentation.generate","id":"task-f52e30e700481b59b872a2cf126119eb53db3ba26f6fac7c34a8c35f6e6e2e3c"}
[2026-07-11T13:58:44] POLL task=task-f52e30e700481b59b872a2cf126119eb53db3ba26f6fac7c34a8c35f6e6e2e3c idx=79 status=processing
[2026-07-11T13:58:46] REQUEST GET /api/v1/ppt/presentation/status/task-f52e30e700481b59b872a2cf126119eb53db3ba26f6fac7c34a8c35f6e6e2e3c timeout=15s body=
[2026-07-11T13:58:46] RESPONSE GET /api/v1/ppt/presentation/status/task-f52e30e700481b59b872a2cf126119eb53db3ba26f6fac7c34a8c35f6e6e2e3c status=200 elapsed=0.04s body={"status":"processing","message":"Selecting layout for each slide","error":null,"data":{"created_slides":0,"remaining_slides":2},"created_at":"2026-07-11T11:56:05.896515","updated_at":"2026-07-11T11:58:24.720891","type":"presentation.generate","id":"task-f52e30e700481b59b872a2cf126119eb53db3ba26f6fac7c34a8c35f6e6e2e3c"}
[2026-07-11T13:58:46] POLL task=task-f52e30e700481b59b872a2cf126119eb53db3ba26f6fac7c34a8c35f6e6e2e3c idx=80 status=processing
[2026-07-11T13:58:48] REQUEST GET /api/v1/ppt/presentation/status/task-f52e30e700481b59b872a2cf126119eb53db3ba26f6fac7c34a8c35f6e6e2e3c timeout=15s body=
[2026-07-11T13:58:48] RESPONSE GET /api/v1/ppt/presentation/status/task-f52e30e700481b59b872a2cf126119eb53db3ba26f6fac7c34a8c35f6e6e2e3c status=200 elapsed=0.017s body={"status":"processing","message":"Selecting layout for each slide","error":null,"data":{"created_slides":0,"remaining_slides":2},"created_at":"2026-07-11T11:56:05.896515","updated_at":"2026-07-11T11:58:24.720891","type":"presentation.generate","id":"task-f52e30e700481b59b872a2cf126119eb53db3ba26f6fac7c34a8c35f6e6e2e3c"}
[2026-07-11T13:58:48] POLL task=task-f52e30e700481b59b872a2cf126119eb53db3ba26f6fac7c34a8c35f6e6e2e3c idx=81 status=processing
[2026-07-11T13:58:50] REQUEST GET /api/v1/ppt/presentation/status/task-f52e30e700481b59b872a2cf126119eb53db3ba26f6fac7c34a8c35f6e6e2e3c timeout=15s body=
[2026-07-11T13:58:50] RESPONSE GET /api/v1/ppt/presentation/status/task-f52e30e700481b59b872a2cf126119eb53db3ba26f6fac7c34a8c35f6e6e2e3c status=200 elapsed=0.018s body={"status":"processing","message":"Selecting layout for each slide","error":null,"data":{"created_slides":0,"remaining_slides":2},"created_at":"2026-07-11T11:56:05.896515","updated_at":"2026-07-11T11:58:24.720891","type":"presentation.generate","id":"task-f52e30e700481b59b872a2cf126119eb53db3ba26f6fac7c34a8c35f6e6e2e3c"}
[2026-07-11T13:58:50] POLL task=task-f52e30e700481b59b872a2cf126119eb53db3ba26f6fac7c34a8c35f6e6e2e3c idx=82 status=processing
[2026-07-11T13:58:52] REQUEST GET /api/v1/ppt/presentation/status/task-f52e30e700481b59b872a2cf126119eb53db3ba26f6fac7c34a8c35f6e6e2e3c timeout=15s body=
[2026-07-11T13:58:52] RESPONSE GET /api/v1/ppt/presentation/status/task-f52e30e700481b59b872a2cf126119eb53db3ba26f6fac7c34a8c35f6e6e2e3c status=200 elapsed=0.02s body={"status":"processing","message":"Selecting layout for each slide","error":null,"data":{"created_slides":0,"remaining_slides":2},"created_at":"2026-07-11T11:56:05.896515","updated_at":"2026-07-11T11:58:24.720891","type":"presentation.generate","id":"task-f52e30e700481b59b872a2cf126119eb53db3ba26f6fac7c34a8c35f6e6e2e3c"}
[2026-07-11T13:58:52] POLL task=task-f52e30e700481b59b872a2cf126119eb53db3ba26f6fac7c34a8c35f6e6e2e3c idx=83 status=processing
[2026-07-11T13:58:54] REQUEST GET /api/v1/ppt/presentation/status/task-f52e30e700481b59b872a2cf126119eb53db3ba26f6fac7c34a8c35f6e6e2e3c timeout=15s body=
[2026-07-11T13:58:54] RESPONSE GET /api/v1/ppt/presentation/status/task-f52e30e700481b59b872a2cf126119eb53db3ba26f6fac7c34a8c35f6e6e2e3c status=200 elapsed=0.025s body={"status":"processing","message":"Selecting layout for each slide","error":null,"data":{"created_slides":0,"remaining_slides":2},"created_at":"2026-07-11T11:56:05.896515","updated_at":"2026-07-11T11:58:24.720891","type":"presentation.generate","id":"task-f52e30e700481b59b872a2cf126119eb53db3ba26f6fac7c34a8c35f6e6e2e3c"}
[2026-07-11T13:58:54] POLL task=task-f52e30e700481b59b872a2cf126119eb53db3ba26f6fac7c34a8c35f6e6e2e3c idx=84 status=processing
[2026-07-11T13:58:56] REQUEST GET /api/v1/ppt/presentation/status/task-f52e30e700481b59b872a2cf126119eb53db3ba26f6fac7c34a8c35f6e6e2e3c timeout=15s body=
[2026-07-11T13:58:56] RESPONSE GET /api/v1/ppt/presentation/status/task-f52e30e700481b59b872a2cf126119eb53db3ba26f6fac7c34a8c35f6e6e2e3c status=200 elapsed=0.029s body={"status":"processing","message":"Selecting layout for each slide","error":null,"data":{"created_slides":0,"remaining_slides":2},"created_at":"2026-07-11T11:56:05.896515","updated_at":"2026-07-11T11:58:24.720891","type":"presentation.generate","id":"task-f52e30e700481b59b872a2cf126119eb53db3ba26f6fac7c34a8c35f6e6e2e3c"}
[2026-07-11T13:58:56] POLL task=task-f52e30e700481b59b872a2cf126119eb53db3ba26f6fac7c34a8c35f6e6e2e3c idx=85 status=processing
[2026-07-11T13:58:58] REQUEST GET /api/v1/ppt/presentation/status/task-f52e30e700481b59b872a2cf126119eb53db3ba26f6fac7c34a8c35f6e6e2e3c timeout=15s body=
[2026-07-11T13:58:58] RESPONSE GET /api/v1/ppt/presentation/status/task-f52e30e700481b59b872a2cf126119eb53db3ba26f6fac7c34a8c35f6e6e2e3c status=200 elapsed=0.013s body={"status":"processing","message":"Selecting layout for each slide","error":null,"data":{"created_slides":0,"remaining_slides":2},"created_at":"2026-07-11T11:56:05.896515","updated_at":"2026-07-11T11:58:24.720891","type":"presentation.generate","id":"task-f52e30e700481b59b872a2cf126119eb53db3ba26f6fac7c34a8c35f6e6e2e3c"}
[2026-07-11T13:58:58] POLL task=task-f52e30e700481b59b872a2cf126119eb53db3ba26f6fac7c34a8c35f6e6e2e3c idx=86 status=processing
[2026-07-11T13:59:00] REQUEST GET /api/v1/ppt/presentation/status/task-f52e30e700481b59b872a2cf126119eb53db3ba26f6fac7c34a8c35f6e6e2e3c timeout=15s body=
[2026-07-11T13:59:00] RESPONSE GET /api/v1/ppt/presentation/status/task-f52e30e700481b59b872a2cf126119eb53db3ba26f6fac7c34a8c35f6e6e2e3c status=200 elapsed=0.029s body={"status":"processing","message":"Selecting layout for each slide","error":null,"data":{"created_slides":0,"remaining_slides":2},"created_at":"2026-07-11T11:56:05.896515","updated_at":"2026-07-11T11:58:24.720891","type":"presentation.generate","id":"task-f52e30e700481b59b872a2cf126119eb53db3ba26f6fac7c34a8c35f6e6e2e3c"}
[2026-07-11T13:59:00] POLL task=task-f52e30e700481b59b872a2cf126119eb53db3ba26f6fac7c34a8c35f6e6e2e3c idx=87 status=processing
[2026-07-11T13:59:02] REQUEST GET /api/v1/ppt/presentation/status/task-f52e30e700481b59b872a2cf126119eb53db3ba26f6fac7c34a8c35f6e6e2e3c timeout=15s body=
[2026-07-11T13:59:02] RESPONSE GET /api/v1/ppt/presentation/status/task-f52e30e700481b59b872a2cf126119eb53db3ba26f6fac7c34a8c35f6e6e2e3c status=200 elapsed=0.022s body={"status":"processing","message":"Selecting layout for each slide","error":null,"data":{"created_slides":0,"remaining_slides":2},"created_at":"2026-07-11T11:56:05.896515","updated_at":"2026-07-11T11:58:24.720891","type":"presentation.generate","id":"task-f52e30e700481b59b872a2cf126119eb53db3ba26f6fac7c34a8c35f6e6e2e3c"}
[2026-07-11T13:59:02] POLL task=task-f52e30e700481b59b872a2cf126119eb53db3ba26f6fac7c34a8c35f6e6e2e3c idx=88 status=processing
[2026-07-11T13:59:04] REQUEST GET /api/v1/ppt/presentation/status/task-f52e30e700481b59b872a2cf126119eb53db3ba26f6fac7c34a8c35f6e6e2e3c timeout=15s body=
[2026-07-11T13:59:04] RESPONSE GET /api/v1/ppt/presentation/status/task-f52e30e700481b59b872a2cf126119eb53db3ba26f6fac7c34a8c35f6e6e2e3c status=200 elapsed=0.022s body={"status":"processing","message":"Selecting layout for each slide","error":null,"data":{"created_slides":0,"remaining_slides":2},"created_at":"2026-07-11T11:56:05.896515","updated_at":"2026-07-11T11:58:24.720891","type":"presentation.generate","id":"task-f52e30e700481b59b872a2cf126119eb53db3ba26f6fac7c34a8c35f6e6e2e3c"}
[2026-07-11T13:59:04] POLL task=task-f52e30e700481b59b872a2cf126119eb53db3ba26f6fac7c34a8c35f6e6e2e3c idx=89 status=processing
[2026-07-11T13:59:06] REQUEST GET /api/v1/ppt/presentation/status/task-f52e30e700481b59b872a2cf126119eb53db3ba26f6fac7c34a8c35f6e6e2e3c timeout=15s body=
[2026-07-11T13:59:06] RESPONSE GET /api/v1/ppt/presentation/status/task-f52e30e700481b59b872a2cf126119eb53db3ba26f6fac7c34a8c35f6e6e2e3c status=200 elapsed=0.025s body={"status":"processing","message":"Selecting layout for each slide","error":null,"data":{"created_slides":0,"remaining_slides":2},"created_at":"2026-07-11T11:56:05.896515","updated_at":"2026-07-11T11:58:24.720891","type":"presentation.generate","id":"task-f52e30e700481b59b872a2cf126119eb53db3ba26f6fac7c34a8c35f6e6e2e3c"}
[2026-07-11T13:59:06] POLL task=task-f52e30e700481b59b872a2cf126119eb53db3ba26f6fac7c34a8c35f6e6e2e3c idx=90 status=processing
