[2026-07-11T21:33:00] REQUEST POST /api/v1/auth/login timeout=180s body={"username": "jaempilang@gmail.com", "password": "FuckA19*"}
[2026-07-11T21:33:00] RESPONSE POST /api/v1/auth/login status=200 elapsed=0.103s body={"configured":true,"authenticated":true,"username":"jaempilang@gmail.com","access_token":"eyJ2IjoxLCJ1IjoiamFlbXBpbGFuZ0BnbWFpbC5jb20iLCJpYXQiOjE3ODM3OTgzODAsImV4cCI6MTc4NjM5MDM4MH0.TjKP6FBTLhBBJTz65OBENJTN9I_Lo33HEWMPJs-i6KE","token_type":"bearer"}
[2026-07-11T21:33:00] AUTH token acquired
[2026-07-11T21:33:00] REQUEST POST /api/v1/ppt/presentation/create timeout=180s body={"title": "Direct Presenton Probe", "content": "Slide 1: Hello from direct Presenton API probe. Slide 2: This run validates Create -> Prepare -> Generate -> Export.", "language": "English", "template": "general", "template_name": "general"}
[2026-07-11T21:33:00] RESPONSE POST /api/v1/ppt/presentation/create status=200 elapsed=0.025s body={"id":"db00b231-ed33-464e-9742-0e4f2fa5dc56","version":"v2-standard","content":"Slide 1: Hello from direct Presenton API probe. Slide 2: This run validates Create -> Prepare -> Generate -> Export.","n_slides":0,"language":"English","file_paths":null,"instructions":null,"tone":"default","verbosity":"standard","include_table_of_contents":false,"include_title_slide":true,"web_search":false,"title":null,"outlines":null,"layout":null,"structure":null,"theme":null,"fonts":null,"created_at":"2026-07-11T19:33:00.979018Z","updated_at":"2026-07-11T19:33:00.979026Z"}
[2026-07-11T21:33:00] REQUEST POST /api/v1/ppt/presentation/prepare timeout=180s body={"presentation_id": "db00b231-ed33-464e-9742-0e4f2fa5dc56", "outlines": [{"title": "Probe Overview", "content": "Direct API path verification"}, {"title": "Probe Result", "content": "Create Prepare Generate Export evidence"}], "layout": {"name": "general", "slides": [{"id": "slide-1", "title": "Executive Summary", "subtitle": "Summary", "content": [], "json_schema": {"type": "object", "properties": {}}}], "theme": "default", "icon_weight": "bold", "include_title_slide": true, "include_table_of_contents": false}}
[2026-07-11T21:34:56] RESPONSE POST /api/v1/ppt/presentation/prepare status=200 elapsed=115.103s body={"version":"v2-standard","tone":"default","content":"Slide 1: Hello from direct Presenton API probe. Slide 2: This run validates Create -> Prepare -> Generate -> Export.","n_slides":0,"outlines":{"slides":[{"content":"Direct API path verification"},{"content":"Create Prepare Generate Export evidence"}]},"verbosity":"standard","language":"","created_at":"2026-07-11T19:33:00.979018","include_table_of_contents":false,"title":null,"updated_at":"2026-07-11T19:34:55.325050Z","include_title_slide":true,"file_paths":null,"web_search":false,"theme":null,"id":"db00b231-ed33-464e-9742-0e4f2fa5dc56","layo
[2026-07-11T21:34:56] REQUEST POST /api/v1/ppt/presentation/generate/async timeout=180s body={"content": "Slide 1: Hello from direct Presenton API probe. Slide 2: This run validates Create -> Prepare -> Generate -> Export.", "n_slides": 2, "language": "English", "template": "general", "instructions": "Keep slides concise.", "export_as": "pptx", "include_title_slide": true, "include_table_of_contents": false, "web_search": false, "tone": "default", "verbosity": "standard", "presentation_id": "db00b231-ed33-464e-9742-0e4f2fa5dc56"}
[2026-07-11T21:34:56] RESPONSE POST /api/v1/ppt/presentation/generate/async status=200 elapsed=0.068s body={"error":null,"status":"pending","message":"Queued for generation","created_at":"2026-07-11T19:34:56.139213","updated_at":"2026-07-11T19:34:56.139303","type":"presentation.generate","id":"task-33025497772ff22639c920562686525d44992313cf624ad8485dcdc1939a93b1","data":{"created_slides":0,"remaining_slides":2}}
[2026-07-11T21:34:56] REQUEST GET /api/v1/ppt/presentation/status/task-33025497772ff22639c920562686525d44992313cf624ad8485dcdc1939a93b1 timeout=15s body=
[2026-07-11T21:34:56] RESPONSE GET /api/v1/ppt/presentation/status/task-33025497772ff22639c920562686525d44992313cf624ad8485dcdc1939a93b1 status=200 elapsed=0.057s body={"error":null,"status":"processing","message":"Generating presentation outlines","created_at":"2026-07-11T19:34:56.139213","updated_at":"2026-07-11T19:34:56.197296","type":"presentation.generate","id":"task-33025497772ff22639c920562686525d44992313cf624ad8485dcdc1939a93b1","data":{"created_slides":0,"remaining_slides":2}}
[2026-07-11T21:34:56] POLL task=task-33025497772ff22639c920562686525d44992313cf624ad8485dcdc1939a93b1 idx=1 status=processing
[2026-07-11T21:34:58] REQUEST GET /api/v1/ppt/presentation/status/task-33025497772ff22639c920562686525d44992313cf624ad8485dcdc1939a93b1 timeout=15s body=
[2026-07-11T21:34:58] RESPONSE GET /api/v1/ppt/presentation/status/task-33025497772ff22639c920562686525d44992313cf624ad8485dcdc1939a93b1 status=200 elapsed=0.051s body={"error":null,"status":"processing","message":"Generating presentation outlines","created_at":"2026-07-11T19:34:56.139213","updated_at":"2026-07-11T19:34:56.197296","type":"presentation.generate","id":"task-33025497772ff22639c920562686525d44992313cf624ad8485dcdc1939a93b1","data":{"created_slides":0,"remaining_slides":2}}
[2026-07-11T21:34:58] POLL task=task-33025497772ff22639c920562686525d44992313cf624ad8485dcdc1939a93b1 idx=2 status=processing
[2026-07-11T21:35:00] REQUEST GET /api/v1/ppt/presentation/status/task-33025497772ff22639c920562686525d44992313cf624ad8485dcdc1939a93b1 timeout=15s body=
[2026-07-11T21:35:00] RESPONSE GET /api/v1/ppt/presentation/status/task-33025497772ff22639c920562686525d44992313cf624ad8485dcdc1939a93b1 status=200 elapsed=0.02s body={"error":null,"status":"processing","message":"Generating presentation outlines","created_at":"2026-07-11T19:34:56.139213","updated_at":"2026-07-11T19:34:56.197296","type":"presentation.generate","id":"task-33025497772ff22639c920562686525d44992313cf624ad8485dcdc1939a93b1","data":{"created_slides":0,"remaining_slides":2}}
[2026-07-11T21:35:00] POLL task=task-33025497772ff22639c920562686525d44992313cf624ad8485dcdc1939a93b1 idx=3 status=processing
[2026-07-11T21:35:02] REQUEST GET /api/v1/ppt/presentation/status/task-33025497772ff22639c920562686525d44992313cf624ad8485dcdc1939a93b1 timeout=15s body=
[2026-07-11T21:35:02] RESPONSE GET /api/v1/ppt/presentation/status/task-33025497772ff22639c920562686525d44992313cf624ad8485dcdc1939a93b1 status=200 elapsed=0.181s body={"error":null,"status":"processing","message":"Generating presentation outlines","created_at":"2026-07-11T19:34:56.139213","updated_at":"2026-07-11T19:34:56.197296","type":"presentation.generate","id":"task-33025497772ff22639c920562686525d44992313cf624ad8485dcdc1939a93b1","data":{"created_slides":0,"remaining_slides":2}}
[2026-07-11T21:35:02] POLL task=task-33025497772ff22639c920562686525d44992313cf624ad8485dcdc1939a93b1 idx=4 status=processing
[2026-07-11T21:35:04] REQUEST GET /api/v1/ppt/presentation/status/task-33025497772ff22639c920562686525d44992313cf624ad8485dcdc1939a93b1 timeout=15s body=
[2026-07-11T21:35:04] RESPONSE GET /api/v1/ppt/presentation/status/task-33025497772ff22639c920562686525d44992313cf624ad8485dcdc1939a93b1 status=200 elapsed=0.055s body={"error":null,"status":"processing","message":"Generating presentation outlines","created_at":"2026-07-11T19:34:56.139213","updated_at":"2026-07-11T19:34:56.197296","type":"presentation.generate","id":"task-33025497772ff22639c920562686525d44992313cf624ad8485dcdc1939a93b1","data":{"created_slides":0,"remaining_slides":2}}
[2026-07-11T21:35:04] POLL task=task-33025497772ff22639c920562686525d44992313cf624ad8485dcdc1939a93b1 idx=5 status=processing
[2026-07-11T21:35:06] REQUEST GET /api/v1/ppt/presentation/status/task-33025497772ff22639c920562686525d44992313cf624ad8485dcdc1939a93b1 timeout=15s body=
[2026-07-11T21:35:06] RESPONSE GET /api/v1/ppt/presentation/status/task-33025497772ff22639c920562686525d44992313cf624ad8485dcdc1939a93b1 status=200 elapsed=0.129s body={"error":null,"status":"processing","message":"Generating presentation outlines","created_at":"2026-07-11T19:34:56.139213","updated_at":"2026-07-11T19:34:56.197296","type":"presentation.generate","id":"task-33025497772ff22639c920562686525d44992313cf624ad8485dcdc1939a93b1","data":{"created_slides":0,"remaining_slides":2}}
[2026-07-11T21:35:06] POLL task=task-33025497772ff22639c920562686525d44992313cf624ad8485dcdc1939a93b1 idx=6 status=processing
[2026-07-11T21:35:08] REQUEST GET /api/v1/ppt/presentation/status/task-33025497772ff22639c920562686525d44992313cf624ad8485dcdc1939a93b1 timeout=15s body=
[2026-07-11T21:35:08] RESPONSE GET /api/v1/ppt/presentation/status/task-33025497772ff22639c920562686525d44992313cf624ad8485dcdc1939a93b1 status=200 elapsed=0.158s body={"error":null,"status":"processing","message":"Generating presentation outlines","created_at":"2026-07-11T19:34:56.139213","updated_at":"2026-07-11T19:34:56.197296","type":"presentation.generate","id":"task-33025497772ff22639c920562686525d44992313cf624ad8485dcdc1939a93b1","data":{"created_slides":0,"remaining_slides":2}}
[2026-07-11T21:35:08] POLL task=task-33025497772ff22639c920562686525d44992313cf624ad8485dcdc1939a93b1 idx=7 status=processing
[2026-07-11T21:35:10] REQUEST GET /api/v1/ppt/presentation/status/task-33025497772ff22639c920562686525d44992313cf624ad8485dcdc1939a93b1 timeout=15s body=
[2026-07-11T21:35:10] RESPONSE GET /api/v1/ppt/presentation/status/task-33025497772ff22639c920562686525d44992313cf624ad8485dcdc1939a93b1 status=200 elapsed=0.131s body={"error":null,"status":"processing","message":"Generating presentation outlines","created_at":"2026-07-11T19:34:56.139213","updated_at":"2026-07-11T19:34:56.197296","type":"presentation.generate","id":"task-33025497772ff22639c920562686525d44992313cf624ad8485dcdc1939a93b1","data":{"created_slides":0,"remaining_slides":2}}
[2026-07-11T21:35:10] POLL task=task-33025497772ff22639c920562686525d44992313cf624ad8485dcdc1939a93b1 idx=8 status=processing
[2026-07-11T21:35:12] REQUEST GET /api/v1/ppt/presentation/status/task-33025497772ff22639c920562686525d44992313cf624ad8485dcdc1939a93b1 timeout=15s body=
[2026-07-11T21:35:13] RESPONSE GET /api/v1/ppt/presentation/status/task-33025497772ff22639c920562686525d44992313cf624ad8485dcdc1939a93b1 status=200 elapsed=0.055s body={"error":null,"status":"processing","message":"Generating presentation outlines","created_at":"2026-07-11T19:34:56.139213","updated_at":"2026-07-11T19:34:56.197296","type":"presentation.generate","id":"task-33025497772ff22639c920562686525d44992313cf624ad8485dcdc1939a93b1","data":{"created_slides":0,"remaining_slides":2}}
[2026-07-11T21:35:13] POLL task=task-33025497772ff22639c920562686525d44992313cf624ad8485dcdc1939a93b1 idx=9 status=processing
[2026-07-11T21:35:15] REQUEST GET /api/v1/ppt/presentation/status/task-33025497772ff22639c920562686525d44992313cf624ad8485dcdc1939a93b1 timeout=15s body=
[2026-07-11T21:35:15] RESPONSE GET /api/v1/ppt/presentation/status/task-33025497772ff22639c920562686525d44992313cf624ad8485dcdc1939a93b1 status=200 elapsed=0.153s body={"error":null,"status":"processing","message":"Generating presentation outlines","created_at":"2026-07-11T19:34:56.139213","updated_at":"2026-07-11T19:34:56.197296","type":"presentation.generate","id":"task-33025497772ff22639c920562686525d44992313cf624ad8485dcdc1939a93b1","data":{"created_slides":0,"remaining_slides":2}}
[2026-07-11T21:35:15] POLL task=task-33025497772ff22639c920562686525d44992313cf624ad8485dcdc1939a93b1 idx=10 status=processing
[2026-07-11T21:35:17] REQUEST GET /api/v1/ppt/presentation/status/task-33025497772ff22639c920562686525d44992313cf624ad8485dcdc1939a93b1 timeout=15s body=
[2026-07-11T21:35:17] RESPONSE GET /api/v1/ppt/presentation/status/task-33025497772ff22639c920562686525d44992313cf624ad8485dcdc1939a93b1 status=200 elapsed=0.065s body={"error":null,"status":"processing","message":"Generating presentation outlines","created_at":"2026-07-11T19:34:56.139213","updated_at":"2026-07-11T19:34:56.197296","type":"presentation.generate","id":"task-33025497772ff22639c920562686525d44992313cf624ad8485dcdc1939a93b1","data":{"created_slides":0,"remaining_slides":2}}
[2026-07-11T21:35:17] POLL task=task-33025497772ff22639c920562686525d44992313cf624ad8485dcdc1939a93b1 idx=11 status=processing
[2026-07-11T21:35:19] REQUEST GET /api/v1/ppt/presentation/status/task-33025497772ff22639c920562686525d44992313cf624ad8485dcdc1939a93b1 timeout=15s body=
[2026-07-11T21:35:19] RESPONSE GET /api/v1/ppt/presentation/status/task-33025497772ff22639c920562686525d44992313cf624ad8485dcdc1939a93b1 status=200 elapsed=0.076s body={"error":null,"status":"processing","message":"Generating presentation outlines","created_at":"2026-07-11T19:34:56.139213","updated_at":"2026-07-11T19:34:56.197296","type":"presentation.generate","id":"task-33025497772ff22639c920562686525d44992313cf624ad8485dcdc1939a93b1","data":{"created_slides":0,"remaining_slides":2}}
[2026-07-11T21:35:19] POLL task=task-33025497772ff22639c920562686525d44992313cf624ad8485dcdc1939a93b1 idx=12 status=processing
[2026-07-11T21:35:21] REQUEST GET /api/v1/ppt/presentation/status/task-33025497772ff22639c920562686525d44992313cf624ad8485dcdc1939a93b1 timeout=15s body=
[2026-07-11T21:35:21] RESPONSE GET /api/v1/ppt/presentation/status/task-33025497772ff22639c920562686525d44992313cf624ad8485dcdc1939a93b1 status=200 elapsed=0.014s body={"error":null,"status":"processing","message":"Generating presentation outlines","created_at":"2026-07-11T19:34:56.139213","updated_at":"2026-07-11T19:34:56.197296","type":"presentation.generate","id":"task-33025497772ff22639c920562686525d44992313cf624ad8485dcdc1939a93b1","data":{"created_slides":0,"remaining_slides":2}}
[2026-07-11T21:35:21] POLL task=task-33025497772ff22639c920562686525d44992313cf624ad8485dcdc1939a93b1 idx=13 status=processing
[2026-07-11T21:35:23] REQUEST GET /api/v1/ppt/presentation/status/task-33025497772ff22639c920562686525d44992313cf624ad8485dcdc1939a93b1 timeout=15s body=
[2026-07-11T21:35:23] RESPONSE GET /api/v1/ppt/presentation/status/task-33025497772ff22639c920562686525d44992313cf624ad8485dcdc1939a93b1 status=200 elapsed=0.033s body={"error":null,"status":"processing","message":"Generating presentation outlines","created_at":"2026-07-11T19:34:56.139213","updated_at":"2026-07-11T19:34:56.197296","type":"presentation.generate","id":"task-33025497772ff22639c920562686525d44992313cf624ad8485dcdc1939a93b1","data":{"created_slides":0,"remaining_slides":2}}
[2026-07-11T21:35:23] POLL task=task-33025497772ff22639c920562686525d44992313cf624ad8485dcdc1939a93b1 idx=14 status=processing
[2026-07-11T21:35:25] REQUEST GET /api/v1/ppt/presentation/status/task-33025497772ff22639c920562686525d44992313cf624ad8485dcdc1939a93b1 timeout=15s body=
[2026-07-11T21:35:25] RESPONSE GET /api/v1/ppt/presentation/status/task-33025497772ff22639c920562686525d44992313cf624ad8485dcdc1939a93b1 status=200 elapsed=0.034s body={"error":null,"status":"processing","message":"Generating presentation outlines","created_at":"2026-07-11T19:34:56.139213","updated_at":"2026-07-11T19:34:56.197296","type":"presentation.generate","id":"task-33025497772ff22639c920562686525d44992313cf624ad8485dcdc1939a93b1","data":{"created_slides":0,"remaining_slides":2}}
[2026-07-11T21:35:25] POLL task=task-33025497772ff22639c920562686525d44992313cf624ad8485dcdc1939a93b1 idx=15 status=processing
[2026-07-11T21:35:27] REQUEST GET /api/v1/ppt/presentation/status/task-33025497772ff22639c920562686525d44992313cf624ad8485dcdc1939a93b1 timeout=15s body=
[2026-07-11T21:35:27] RESPONSE GET /api/v1/ppt/presentation/status/task-33025497772ff22639c920562686525d44992313cf624ad8485dcdc1939a93b1 status=200 elapsed=0.019s body={"error":null,"status":"processing","message":"Generating presentation outlines","created_at":"2026-07-11T19:34:56.139213","updated_at":"2026-07-11T19:34:56.197296","type":"presentation.generate","id":"task-33025497772ff22639c920562686525d44992313cf624ad8485dcdc1939a93b1","data":{"created_slides":0,"remaining_slides":2}}
[2026-07-11T21:35:27] POLL task=task-33025497772ff22639c920562686525d44992313cf624ad8485dcdc1939a93b1 idx=16 status=processing
[2026-07-11T21:35:29] REQUEST GET /api/v1/ppt/presentation/status/task-33025497772ff22639c920562686525d44992313cf624ad8485dcdc1939a93b1 timeout=15s body=
[2026-07-11T21:35:29] RESPONSE GET /api/v1/ppt/presentation/status/task-33025497772ff22639c920562686525d44992313cf624ad8485dcdc1939a93b1 status=200 elapsed=0.011s body={"error":null,"status":"processing","message":"Generating presentation outlines","created_at":"2026-07-11T19:34:56.139213","updated_at":"2026-07-11T19:34:56.197296","type":"presentation.generate","id":"task-33025497772ff22639c920562686525d44992313cf624ad8485dcdc1939a93b1","data":{"created_slides":0,"remaining_slides":2}}
[2026-07-11T21:35:29] POLL task=task-33025497772ff22639c920562686525d44992313cf624ad8485dcdc1939a93b1 idx=17 status=processing
[2026-07-11T21:35:31] REQUEST GET /api/v1/ppt/presentation/status/task-33025497772ff22639c920562686525d44992313cf624ad8485dcdc1939a93b1 timeout=15s body=
[2026-07-11T21:35:31] RESPONSE GET /api/v1/ppt/presentation/status/task-33025497772ff22639c920562686525d44992313cf624ad8485dcdc1939a93b1 status=200 elapsed=0.022s body={"error":null,"status":"processing","message":"Generating presentation outlines","created_at":"2026-07-11T19:34:56.139213","updated_at":"2026-07-11T19:34:56.197296","type":"presentation.generate","id":"task-33025497772ff22639c920562686525d44992313cf624ad8485dcdc1939a93b1","data":{"created_slides":0,"remaining_slides":2}}
[2026-07-11T21:35:31] POLL task=task-33025497772ff22639c920562686525d44992313cf624ad8485dcdc1939a93b1 idx=18 status=processing
[2026-07-11T21:35:33] REQUEST GET /api/v1/ppt/presentation/status/task-33025497772ff22639c920562686525d44992313cf624ad8485dcdc1939a93b1 timeout=15s body=
[2026-07-11T21:35:33] RESPONSE GET /api/v1/ppt/presentation/status/task-33025497772ff22639c920562686525d44992313cf624ad8485dcdc1939a93b1 status=200 elapsed=0.016s body={"error":null,"status":"processing","message":"Generating presentation outlines","created_at":"2026-07-11T19:34:56.139213","updated_at":"2026-07-11T19:34:56.197296","type":"presentation.generate","id":"task-33025497772ff22639c920562686525d44992313cf624ad8485dcdc1939a93b1","data":{"created_slides":0,"remaining_slides":2}}
[2026-07-11T21:35:33] POLL task=task-33025497772ff22639c920562686525d44992313cf624ad8485dcdc1939a93b1 idx=19 status=processing
[2026-07-11T21:35:35] REQUEST GET /api/v1/ppt/presentation/status/task-33025497772ff22639c920562686525d44992313cf624ad8485dcdc1939a93b1 timeout=15s body=
[2026-07-11T21:35:35] RESPONSE GET /api/v1/ppt/presentation/status/task-33025497772ff22639c920562686525d44992313cf624ad8485dcdc1939a93b1 status=200 elapsed=0.03s body={"error":null,"status":"processing","message":"Generating presentation outlines","created_at":"2026-07-11T19:34:56.139213","updated_at":"2026-07-11T19:34:56.197296","type":"presentation.generate","id":"task-33025497772ff22639c920562686525d44992313cf624ad8485dcdc1939a93b1","data":{"created_slides":0,"remaining_slides":2}}
[2026-07-11T21:35:35] POLL task=task-33025497772ff22639c920562686525d44992313cf624ad8485dcdc1939a93b1 idx=20 status=processing
[2026-07-11T21:35:37] REQUEST GET /api/v1/ppt/presentation/status/task-33025497772ff22639c920562686525d44992313cf624ad8485dcdc1939a93b1 timeout=15s body=
[2026-07-11T21:35:37] RESPONSE GET /api/v1/ppt/presentation/status/task-33025497772ff22639c920562686525d44992313cf624ad8485dcdc1939a93b1 status=200 elapsed=0.015s body={"error":null,"status":"processing","message":"Generating presentation outlines","created_at":"2026-07-11T19:34:56.139213","updated_at":"2026-07-11T19:34:56.197296","type":"presentation.generate","id":"task-33025497772ff22639c920562686525d44992313cf624ad8485dcdc1939a93b1","data":{"created_slides":0,"remaining_slides":2}}
[2026-07-11T21:35:37] POLL task=task-33025497772ff22639c920562686525d44992313cf624ad8485dcdc1939a93b1 idx=21 status=processing
[2026-07-11T21:35:39] REQUEST GET /api/v1/ppt/presentation/status/task-33025497772ff22639c920562686525d44992313cf624ad8485dcdc1939a93b1 timeout=15s body=
[2026-07-11T21:35:39] RESPONSE GET /api/v1/ppt/presentation/status/task-33025497772ff22639c920562686525d44992313cf624ad8485dcdc1939a93b1 status=200 elapsed=0.016s body={"error":null,"status":"processing","message":"Generating presentation outlines","created_at":"2026-07-11T19:34:56.139213","updated_at":"2026-07-11T19:34:56.197296","type":"presentation.generate","id":"task-33025497772ff22639c920562686525d44992313cf624ad8485dcdc1939a93b1","data":{"created_slides":0,"remaining_slides":2}}
[2026-07-11T21:35:39] POLL task=task-33025497772ff22639c920562686525d44992313cf624ad8485dcdc1939a93b1 idx=22 status=processing
[2026-07-11T21:35:41] REQUEST GET /api/v1/ppt/presentation/status/task-33025497772ff22639c920562686525d44992313cf624ad8485dcdc1939a93b1 timeout=15s body=
[2026-07-11T21:35:41] RESPONSE GET /api/v1/ppt/presentation/status/task-33025497772ff22639c920562686525d44992313cf624ad8485dcdc1939a93b1 status=200 elapsed=0.014s body={"error":null,"status":"processing","message":"Generating presentation outlines","created_at":"2026-07-11T19:34:56.139213","updated_at":"2026-07-11T19:34:56.197296","type":"presentation.generate","id":"task-33025497772ff22639c920562686525d44992313cf624ad8485dcdc1939a93b1","data":{"created_slides":0,"remaining_slides":2}}
[2026-07-11T21:35:41] POLL task=task-33025497772ff22639c920562686525d44992313cf624ad8485dcdc1939a93b1 idx=23 status=processing
[2026-07-11T21:35:43] REQUEST GET /api/v1/ppt/presentation/status/task-33025497772ff22639c920562686525d44992313cf624ad8485dcdc1939a93b1 timeout=15s body=
[2026-07-11T21:35:43] RESPONSE GET /api/v1/ppt/presentation/status/task-33025497772ff22639c920562686525d44992313cf624ad8485dcdc1939a93b1 status=200 elapsed=0.025s body={"error":null,"status":"processing","message":"Generating presentation outlines","created_at":"2026-07-11T19:34:56.139213","updated_at":"2026-07-11T19:34:56.197296","type":"presentation.generate","id":"task-33025497772ff22639c920562686525d44992313cf624ad8485dcdc1939a93b1","data":{"created_slides":0,"remaining_slides":2}}
[2026-07-11T21:35:43] POLL task=task-33025497772ff22639c920562686525d44992313cf624ad8485dcdc1939a93b1 idx=24 status=processing
[2026-07-11T21:35:45] REQUEST GET /api/v1/ppt/presentation/status/task-33025497772ff22639c920562686525d44992313cf624ad8485dcdc1939a93b1 timeout=15s body=
[2026-07-11T21:35:45] RESPONSE GET /api/v1/ppt/presentation/status/task-33025497772ff22639c920562686525d44992313cf624ad8485dcdc1939a93b1 status=200 elapsed=0.021s body={"error":null,"status":"processing","message":"Generating presentation outlines","created_at":"2026-07-11T19:34:56.139213","updated_at":"2026-07-11T19:34:56.197296","type":"presentation.generate","id":"task-33025497772ff22639c920562686525d44992313cf624ad8485dcdc1939a93b1","data":{"created_slides":0,"remaining_slides":2}}
[2026-07-11T21:35:45] POLL task=task-33025497772ff22639c920562686525d44992313cf624ad8485dcdc1939a93b1 idx=25 status=processing
[2026-07-11T21:35:47] REQUEST GET /api/v1/ppt/presentation/status/task-33025497772ff22639c920562686525d44992313cf624ad8485dcdc1939a93b1 timeout=15s body=
[2026-07-11T21:35:47] RESPONSE GET /api/v1/ppt/presentation/status/task-33025497772ff22639c920562686525d44992313cf624ad8485dcdc1939a93b1 status=200 elapsed=0.023s body={"error":null,"status":"processing","message":"Generating presentation outlines","created_at":"2026-07-11T19:34:56.139213","updated_at":"2026-07-11T19:34:56.197296","type":"presentation.generate","id":"task-33025497772ff22639c920562686525d44992313cf624ad8485dcdc1939a93b1","data":{"created_slides":0,"remaining_slides":2}}
[2026-07-11T21:35:47] POLL task=task-33025497772ff22639c920562686525d44992313cf624ad8485dcdc1939a93b1 idx=26 status=processing
[2026-07-11T21:35:49] REQUEST GET /api/v1/ppt/presentation/status/task-33025497772ff22639c920562686525d44992313cf624ad8485dcdc1939a93b1 timeout=15s body=
[2026-07-11T21:35:49] RESPONSE GET /api/v1/ppt/presentation/status/task-33025497772ff22639c920562686525d44992313cf624ad8485dcdc1939a93b1 status=200 elapsed=0.013s body={"error":null,"status":"processing","message":"Generating presentation outlines","created_at":"2026-07-11T19:34:56.139213","updated_at":"2026-07-11T19:34:56.197296","type":"presentation.generate","id":"task-33025497772ff22639c920562686525d44992313cf624ad8485dcdc1939a93b1","data":{"created_slides":0,"remaining_slides":2}}
[2026-07-11T21:35:49] POLL task=task-33025497772ff22639c920562686525d44992313cf624ad8485dcdc1939a93b1 idx=27 status=processing
[2026-07-11T21:35:51] REQUEST GET /api/v1/ppt/presentation/status/task-33025497772ff22639c920562686525d44992313cf624ad8485dcdc1939a93b1 timeout=15s body=
[2026-07-11T21:35:51] RESPONSE GET /api/v1/ppt/presentation/status/task-33025497772ff22639c920562686525d44992313cf624ad8485dcdc1939a93b1 status=200 elapsed=0.011s body={"error":null,"status":"processing","message":"Generating presentation outlines","created_at":"2026-07-11T19:34:56.139213","updated_at":"2026-07-11T19:34:56.197296","type":"presentation.generate","id":"task-33025497772ff22639c920562686525d44992313cf624ad8485dcdc1939a93b1","data":{"created_slides":0,"remaining_slides":2}}
[2026-07-11T21:35:51] POLL task=task-33025497772ff22639c920562686525d44992313cf624ad8485dcdc1939a93b1 idx=28 status=processing
[2026-07-11T21:35:53] REQUEST GET /api/v1/ppt/presentation/status/task-33025497772ff22639c920562686525d44992313cf624ad8485dcdc1939a93b1 timeout=15s body=
[2026-07-11T21:35:53] RESPONSE GET /api/v1/ppt/presentation/status/task-33025497772ff22639c920562686525d44992313cf624ad8485dcdc1939a93b1 status=200 elapsed=0.027s body={"error":null,"status":"processing","message":"Generating presentation outlines","created_at":"2026-07-11T19:34:56.139213","updated_at":"2026-07-11T19:34:56.197296","type":"presentation.generate","id":"task-33025497772ff22639c920562686525d44992313cf624ad8485dcdc1939a93b1","data":{"created_slides":0,"remaining_slides":2}}
[2026-07-11T21:35:53] POLL task=task-33025497772ff22639c920562686525d44992313cf624ad8485dcdc1939a93b1 idx=29 status=processing
[2026-07-11T21:35:55] REQUEST GET /api/v1/ppt/presentation/status/task-33025497772ff22639c920562686525d44992313cf624ad8485dcdc1939a93b1 timeout=15s body=
[2026-07-11T21:35:55] RESPONSE GET /api/v1/ppt/presentation/status/task-33025497772ff22639c920562686525d44992313cf624ad8485dcdc1939a93b1 status=200 elapsed=0.015s body={"error":null,"status":"processing","message":"Generating presentation outlines","created_at":"2026-07-11T19:34:56.139213","updated_at":"2026-07-11T19:34:56.197296","type":"presentation.generate","id":"task-33025497772ff22639c920562686525d44992313cf624ad8485dcdc1939a93b1","data":{"created_slides":0,"remaining_slides":2}}
[2026-07-11T21:35:55] POLL task=task-33025497772ff22639c920562686525d44992313cf624ad8485dcdc1939a93b1 idx=30 status=processing
[2026-07-11T21:35:57] REQUEST GET /api/v1/ppt/presentation/status/task-33025497772ff22639c920562686525d44992313cf624ad8485dcdc1939a93b1 timeout=15s body=
[2026-07-11T21:35:57] RESPONSE GET /api/v1/ppt/presentation/status/task-33025497772ff22639c920562686525d44992313cf624ad8485dcdc1939a93b1 status=200 elapsed=0.016s body={"error":null,"status":"processing","message":"Generating presentation outlines","created_at":"2026-07-11T19:34:56.139213","updated_at":"2026-07-11T19:34:56.197296","type":"presentation.generate","id":"task-33025497772ff22639c920562686525d44992313cf624ad8485dcdc1939a93b1","data":{"created_slides":0,"remaining_slides":2}}
[2026-07-11T21:35:57] POLL task=task-33025497772ff22639c920562686525d44992313cf624ad8485dcdc1939a93b1 idx=31 status=processing
[2026-07-11T21:35:59] REQUEST GET /api/v1/ppt/presentation/status/task-33025497772ff22639c920562686525d44992313cf624ad8485dcdc1939a93b1 timeout=15s body=
[2026-07-11T21:35:59] RESPONSE GET /api/v1/ppt/presentation/status/task-33025497772ff22639c920562686525d44992313cf624ad8485dcdc1939a93b1 status=200 elapsed=0.032s body={"error":null,"status":"processing","message":"Selecting layout for each slide","created_at":"2026-07-11T19:34:56.139213","updated_at":"2026-07-11T19:35:59.176281","type":"presentation.generate","id":"task-33025497772ff22639c920562686525d44992313cf624ad8485dcdc1939a93b1","data":{"created_slides":0,"remaining_slides":2}}
[2026-07-11T21:35:59] POLL task=task-33025497772ff22639c920562686525d44992313cf624ad8485dcdc1939a93b1 idx=32 status=processing
[2026-07-11T21:36:01] REQUEST GET /api/v1/ppt/presentation/status/task-33025497772ff22639c920562686525d44992313cf624ad8485dcdc1939a93b1 timeout=15s body=
[2026-07-11T21:36:01] RESPONSE GET /api/v1/ppt/presentation/status/task-33025497772ff22639c920562686525d44992313cf624ad8485dcdc1939a93b1 status=200 elapsed=0.087s body={"error":null,"status":"processing","message":"Selecting layout for each slide","created_at":"2026-07-11T19:34:56.139213","updated_at":"2026-07-11T19:35:59.176281","type":"presentation.generate","id":"task-33025497772ff22639c920562686525d44992313cf624ad8485dcdc1939a93b1","data":{"created_slides":0,"remaining_slides":2}}
[2026-07-11T21:36:01] POLL task=task-33025497772ff22639c920562686525d44992313cf624ad8485dcdc1939a93b1 idx=33 status=processing
[2026-07-11T21:36:03] REQUEST GET /api/v1/ppt/presentation/status/task-33025497772ff22639c920562686525d44992313cf624ad8485dcdc1939a93b1 timeout=15s body=
[2026-07-11T21:36:03] RESPONSE GET /api/v1/ppt/presentation/status/task-33025497772ff22639c920562686525d44992313cf624ad8485dcdc1939a93b1 status=200 elapsed=0.036s body={"error":null,"status":"processing","message":"Selecting layout for each slide","created_at":"2026-07-11T19:34:56.139213","updated_at":"2026-07-11T19:35:59.176281","type":"presentation.generate","id":"task-33025497772ff22639c920562686525d44992313cf624ad8485dcdc1939a93b1","data":{"created_slides":0,"remaining_slides":2}}
[2026-07-11T21:36:03] POLL task=task-33025497772ff22639c920562686525d44992313cf624ad8485dcdc1939a93b1 idx=34 status=processing
[2026-07-11T21:36:05] REQUEST GET /api/v1/ppt/presentation/status/task-33025497772ff22639c920562686525d44992313cf624ad8485dcdc1939a93b1 timeout=15s body=
[2026-07-11T21:36:06] RESPONSE GET /api/v1/ppt/presentation/status/task-33025497772ff22639c920562686525d44992313cf624ad8485dcdc1939a93b1 status=200 elapsed=0.02s body={"error":null,"status":"processing","message":"Selecting layout for each slide","created_at":"2026-07-11T19:34:56.139213","updated_at":"2026-07-11T19:35:59.176281","type":"presentation.generate","id":"task-33025497772ff22639c920562686525d44992313cf624ad8485dcdc1939a93b1","data":{"created_slides":0,"remaining_slides":2}}
[2026-07-11T21:36:06] POLL task=task-33025497772ff22639c920562686525d44992313cf624ad8485dcdc1939a93b1 idx=35 status=processing
[2026-07-11T21:36:08] REQUEST GET /api/v1/ppt/presentation/status/task-33025497772ff22639c920562686525d44992313cf624ad8485dcdc1939a93b1 timeout=15s body=
[2026-07-11T21:36:08] RESPONSE GET /api/v1/ppt/presentation/status/task-33025497772ff22639c920562686525d44992313cf624ad8485dcdc1939a93b1 status=200 elapsed=0.019s body={"error":null,"status":"processing","message":"Selecting layout for each slide","created_at":"2026-07-11T19:34:56.139213","updated_at":"2026-07-11T19:35:59.176281","type":"presentation.generate","id":"task-33025497772ff22639c920562686525d44992313cf624ad8485dcdc1939a93b1","data":{"created_slides":0,"remaining_slides":2}}
[2026-07-11T21:36:08] POLL task=task-33025497772ff22639c920562686525d44992313cf624ad8485dcdc1939a93b1 idx=36 status=processing
[2026-07-11T21:36:10] REQUEST GET /api/v1/ppt/presentation/status/task-33025497772ff22639c920562686525d44992313cf624ad8485dcdc1939a93b1 timeout=15s body=
[2026-07-11T21:36:10] RESPONSE GET /api/v1/ppt/presentation/status/task-33025497772ff22639c920562686525d44992313cf624ad8485dcdc1939a93b1 status=200 elapsed=0.017s body={"error":null,"status":"processing","message":"Selecting layout for each slide","created_at":"2026-07-11T19:34:56.139213","updated_at":"2026-07-11T19:35:59.176281","type":"presentation.generate","id":"task-33025497772ff22639c920562686525d44992313cf624ad8485dcdc1939a93b1","data":{"created_slides":0,"remaining_slides":2}}
[2026-07-11T21:36:10] POLL task=task-33025497772ff22639c920562686525d44992313cf624ad8485dcdc1939a93b1 idx=37 status=processing
[2026-07-11T21:36:12] REQUEST GET /api/v1/ppt/presentation/status/task-33025497772ff22639c920562686525d44992313cf624ad8485dcdc1939a93b1 timeout=15s body=
[2026-07-11T21:36:12] RESPONSE GET /api/v1/ppt/presentation/status/task-33025497772ff22639c920562686525d44992313cf624ad8485dcdc1939a93b1 status=200 elapsed=0.013s body={"error":null,"status":"processing","message":"Selecting layout for each slide","created_at":"2026-07-11T19:34:56.139213","updated_at":"2026-07-11T19:35:59.176281","type":"presentation.generate","id":"task-33025497772ff22639c920562686525d44992313cf624ad8485dcdc1939a93b1","data":{"created_slides":0,"remaining_slides":2}}
[2026-07-11T21:36:12] POLL task=task-33025497772ff22639c920562686525d44992313cf624ad8485dcdc1939a93b1 idx=38 status=processing
[2026-07-11T21:36:14] REQUEST GET /api/v1/ppt/presentation/status/task-33025497772ff22639c920562686525d44992313cf624ad8485dcdc1939a93b1 timeout=15s body=
[2026-07-11T21:36:14] RESPONSE GET /api/v1/ppt/presentation/status/task-33025497772ff22639c920562686525d44992313cf624ad8485dcdc1939a93b1 status=200 elapsed=0.023s body={"error":null,"status":"processing","message":"Selecting layout for each slide","created_at":"2026-07-11T19:34:56.139213","updated_at":"2026-07-11T19:35:59.176281","type":"presentation.generate","id":"task-33025497772ff22639c920562686525d44992313cf624ad8485dcdc1939a93b1","data":{"created_slides":0,"remaining_slides":2}}
[2026-07-11T21:36:14] POLL task=task-33025497772ff22639c920562686525d44992313cf624ad8485dcdc1939a93b1 idx=39 status=processing
[2026-07-11T21:36:16] REQUEST GET /api/v1/ppt/presentation/status/task-33025497772ff22639c920562686525d44992313cf624ad8485dcdc1939a93b1 timeout=15s body=
[2026-07-11T21:36:16] RESPONSE GET /api/v1/ppt/presentation/status/task-33025497772ff22639c920562686525d44992313cf624ad8485dcdc1939a93b1 status=200 elapsed=0.024s body={"error":null,"status":"processing","message":"Selecting layout for each slide","created_at":"2026-07-11T19:34:56.139213","updated_at":"2026-07-11T19:35:59.176281","type":"presentation.generate","id":"task-33025497772ff22639c920562686525d44992313cf624ad8485dcdc1939a93b1","data":{"created_slides":0,"remaining_slides":2}}
[2026-07-11T21:36:16] POLL task=task-33025497772ff22639c920562686525d44992313cf624ad8485dcdc1939a93b1 idx=40 status=processing
[2026-07-11T21:36:18] REQUEST GET /api/v1/ppt/presentation/status/task-33025497772ff22639c920562686525d44992313cf624ad8485dcdc1939a93b1 timeout=15s body=
[2026-07-11T21:36:18] RESPONSE GET /api/v1/ppt/presentation/status/task-33025497772ff22639c920562686525d44992313cf624ad8485dcdc1939a93b1 status=200 elapsed=0.017s body={"error":null,"status":"processing","message":"Selecting layout for each slide","created_at":"2026-07-11T19:34:56.139213","updated_at":"2026-07-11T19:35:59.176281","type":"presentation.generate","id":"task-33025497772ff22639c920562686525d44992313cf624ad8485dcdc1939a93b1","data":{"created_slides":0,"remaining_slides":2}}
[2026-07-11T21:36:18] POLL task=task-33025497772ff22639c920562686525d44992313cf624ad8485dcdc1939a93b1 idx=41 status=processing
[2026-07-11T21:36:20] REQUEST GET /api/v1/ppt/presentation/status/task-33025497772ff22639c920562686525d44992313cf624ad8485dcdc1939a93b1 timeout=15s body=
[2026-07-11T21:36:20] RESPONSE GET /api/v1/ppt/presentation/status/task-33025497772ff22639c920562686525d44992313cf624ad8485dcdc1939a93b1 status=200 elapsed=0.019s body={"error":null,"status":"processing","message":"Selecting layout for each slide","created_at":"2026-07-11T19:34:56.139213","updated_at":"2026-07-11T19:35:59.176281","type":"presentation.generate","id":"task-33025497772ff22639c920562686525d44992313cf624ad8485dcdc1939a93b1","data":{"created_slides":0,"remaining_slides":2}}
[2026-07-11T21:36:20] POLL task=task-33025497772ff22639c920562686525d44992313cf624ad8485dcdc1939a93b1 idx=42 status=processing
[2026-07-11T21:36:22] REQUEST GET /api/v1/ppt/presentation/status/task-33025497772ff22639c920562686525d44992313cf624ad8485dcdc1939a93b1 timeout=15s body=
[2026-07-11T21:36:22] RESPONSE GET /api/v1/ppt/presentation/status/task-33025497772ff22639c920562686525d44992313cf624ad8485dcdc1939a93b1 status=200 elapsed=0.013s body={"error":null,"status":"processing","message":"Selecting layout for each slide","created_at":"2026-07-11T19:34:56.139213","updated_at":"2026-07-11T19:35:59.176281","type":"presentation.generate","id":"task-33025497772ff22639c920562686525d44992313cf624ad8485dcdc1939a93b1","data":{"created_slides":0,"remaining_slides":2}}
[2026-07-11T21:36:22] POLL task=task-33025497772ff22639c920562686525d44992313cf624ad8485dcdc1939a93b1 idx=43 status=processing
[2026-07-11T21:36:24] REQUEST GET /api/v1/ppt/presentation/status/task-33025497772ff22639c920562686525d44992313cf624ad8485dcdc1939a93b1 timeout=15s body=
[2026-07-11T21:36:24] RESPONSE GET /api/v1/ppt/presentation/status/task-33025497772ff22639c920562686525d44992313cf624ad8485dcdc1939a93b1 status=200 elapsed=0.016s body={"error":null,"status":"processing","message":"Selecting layout for each slide","created_at":"2026-07-11T19:34:56.139213","updated_at":"2026-07-11T19:35:59.176281","type":"presentation.generate","id":"task-33025497772ff22639c920562686525d44992313cf624ad8485dcdc1939a93b1","data":{"created_slides":0,"remaining_slides":2}}
[2026-07-11T21:36:24] POLL task=task-33025497772ff22639c920562686525d44992313cf624ad8485dcdc1939a93b1 idx=44 status=processing
[2026-07-11T21:36:26] REQUEST GET /api/v1/ppt/presentation/status/task-33025497772ff22639c920562686525d44992313cf624ad8485dcdc1939a93b1 timeout=15s body=
[2026-07-11T21:36:26] RESPONSE GET /api/v1/ppt/presentation/status/task-33025497772ff22639c920562686525d44992313cf624ad8485dcdc1939a93b1 status=200 elapsed=0.017s body={"error":null,"status":"processing","message":"Selecting layout for each slide","created_at":"2026-07-11T19:34:56.139213","updated_at":"2026-07-11T19:35:59.176281","type":"presentation.generate","id":"task-33025497772ff22639c920562686525d44992313cf624ad8485dcdc1939a93b1","data":{"created_slides":0,"remaining_slides":2}}
[2026-07-11T21:36:26] POLL task=task-33025497772ff22639c920562686525d44992313cf624ad8485dcdc1939a93b1 idx=45 status=processing
[2026-07-11T21:36:28] REQUEST GET /api/v1/ppt/presentation/status/task-33025497772ff22639c920562686525d44992313cf624ad8485dcdc1939a93b1 timeout=15s body=
[2026-07-11T21:36:28] RESPONSE GET /api/v1/ppt/presentation/status/task-33025497772ff22639c920562686525d44992313cf624ad8485dcdc1939a93b1 status=200 elapsed=0.017s body={"error":null,"status":"processing","message":"Selecting layout for each slide","created_at":"2026-07-11T19:34:56.139213","updated_at":"2026-07-11T19:35:59.176281","type":"presentation.generate","id":"task-33025497772ff22639c920562686525d44992313cf624ad8485dcdc1939a93b1","data":{"created_slides":0,"remaining_slides":2}}
[2026-07-11T21:36:28] POLL task=task-33025497772ff22639c920562686525d44992313cf624ad8485dcdc1939a93b1 idx=46 status=processing
[2026-07-11T21:36:30] REQUEST GET /api/v1/ppt/presentation/status/task-33025497772ff22639c920562686525d44992313cf624ad8485dcdc1939a93b1 timeout=15s body=
[2026-07-11T21:36:30] RESPONSE GET /api/v1/ppt/presentation/status/task-33025497772ff22639c920562686525d44992313cf624ad8485dcdc1939a93b1 status=200 elapsed=0.025s body={"error":null,"status":"processing","message":"Selecting layout for each slide","created_at":"2026-07-11T19:34:56.139213","updated_at":"2026-07-11T19:35:59.176281","type":"presentation.generate","id":"task-33025497772ff22639c920562686525d44992313cf624ad8485dcdc1939a93b1","data":{"created_slides":0,"remaining_slides":2}}
[2026-07-11T21:36:30] POLL task=task-33025497772ff22639c920562686525d44992313cf624ad8485dcdc1939a93b1 idx=47 status=processing
[2026-07-11T21:36:32] REQUEST GET /api/v1/ppt/presentation/status/task-33025497772ff22639c920562686525d44992313cf624ad8485dcdc1939a93b1 timeout=15s body=
[2026-07-11T21:36:32] RESPONSE GET /api/v1/ppt/presentation/status/task-33025497772ff22639c920562686525d44992313cf624ad8485dcdc1939a93b1 status=200 elapsed=0.015s body={"error":null,"status":"processing","message":"Selecting layout for each slide","created_at":"2026-07-11T19:34:56.139213","updated_at":"2026-07-11T19:35:59.176281","type":"presentation.generate","id":"task-33025497772ff22639c920562686525d44992313cf624ad8485dcdc1939a93b1","data":{"created_slides":0,"remaining_slides":2}}
[2026-07-11T21:36:32] POLL task=task-33025497772ff22639c920562686525d44992313cf624ad8485dcdc1939a93b1 idx=48 status=processing
[2026-07-11T21:36:34] REQUEST GET /api/v1/ppt/presentation/status/task-33025497772ff22639c920562686525d44992313cf624ad8485dcdc1939a93b1 timeout=15s body=
[2026-07-11T21:36:34] RESPONSE GET /api/v1/ppt/presentation/status/task-33025497772ff22639c920562686525d44992313cf624ad8485dcdc1939a93b1 status=200 elapsed=0.018s body={"error":null,"status":"processing","message":"Selecting layout for each slide","created_at":"2026-07-11T19:34:56.139213","updated_at":"2026-07-11T19:35:59.176281","type":"presentation.generate","id":"task-33025497772ff22639c920562686525d44992313cf624ad8485dcdc1939a93b1","data":{"created_slides":0,"remaining_slides":2}}
[2026-07-11T21:36:34] POLL task=task-33025497772ff22639c920562686525d44992313cf624ad8485dcdc1939a93b1 idx=49 status=processing
[2026-07-11T21:36:36] REQUEST GET /api/v1/ppt/presentation/status/task-33025497772ff22639c920562686525d44992313cf624ad8485dcdc1939a93b1 timeout=15s body=
[2026-07-11T21:36:36] RESPONSE GET /api/v1/ppt/presentation/status/task-33025497772ff22639c920562686525d44992313cf624ad8485dcdc1939a93b1 status=200 elapsed=0.018s body={"error":null,"status":"processing","message":"Selecting layout for each slide","created_at":"2026-07-11T19:34:56.139213","updated_at":"2026-07-11T19:35:59.176281","type":"presentation.generate","id":"task-33025497772ff22639c920562686525d44992313cf624ad8485dcdc1939a93b1","data":{"created_slides":0,"remaining_slides":2}}
[2026-07-11T21:36:36] POLL task=task-33025497772ff22639c920562686525d44992313cf624ad8485dcdc1939a93b1 idx=50 status=processing
[2026-07-11T21:36:38] REQUEST GET /api/v1/ppt/presentation/status/task-33025497772ff22639c920562686525d44992313cf624ad8485dcdc1939a93b1 timeout=15s body=
[2026-07-11T21:36:38] RESPONSE GET /api/v1/ppt/presentation/status/task-33025497772ff22639c920562686525d44992313cf624ad8485dcdc1939a93b1 status=200 elapsed=0.02s body={"error":null,"status":"processing","message":"Selecting layout for each slide","created_at":"2026-07-11T19:34:56.139213","updated_at":"2026-07-11T19:35:59.176281","type":"presentation.generate","id":"task-33025497772ff22639c920562686525d44992313cf624ad8485dcdc1939a93b1","data":{"created_slides":0,"remaining_slides":2}}
[2026-07-11T21:36:38] POLL task=task-33025497772ff22639c920562686525d44992313cf624ad8485dcdc1939a93b1 idx=51 status=processing
[2026-07-11T21:36:40] REQUEST GET /api/v1/ppt/presentation/status/task-33025497772ff22639c920562686525d44992313cf624ad8485dcdc1939a93b1 timeout=15s body=
[2026-07-11T21:36:40] RESPONSE GET /api/v1/ppt/presentation/status/task-33025497772ff22639c920562686525d44992313cf624ad8485dcdc1939a93b1 status=200 elapsed=0.019s body={"error":null,"status":"processing","message":"Selecting layout for each slide","created_at":"2026-07-11T19:34:56.139213","updated_at":"2026-07-11T19:35:59.176281","type":"presentation.generate","id":"task-33025497772ff22639c920562686525d44992313cf624ad8485dcdc1939a93b1","data":{"created_slides":0,"remaining_slides":2}}
[2026-07-11T21:36:40] POLL task=task-33025497772ff22639c920562686525d44992313cf624ad8485dcdc1939a93b1 idx=52 status=processing
[2026-07-11T21:36:42] REQUEST GET /api/v1/ppt/presentation/status/task-33025497772ff22639c920562686525d44992313cf624ad8485dcdc1939a93b1 timeout=15s body=
[2026-07-11T21:36:42] RESPONSE GET /api/v1/ppt/presentation/status/task-33025497772ff22639c920562686525d44992313cf624ad8485dcdc1939a93b1 status=200 elapsed=0.019s body={"error":null,"status":"processing","message":"Selecting layout for each slide","created_at":"2026-07-11T19:34:56.139213","updated_at":"2026-07-11T19:35:59.176281","type":"presentation.generate","id":"task-33025497772ff22639c920562686525d44992313cf624ad8485dcdc1939a93b1","data":{"created_slides":0,"remaining_slides":2}}
[2026-07-11T21:36:42] POLL task=task-33025497772ff22639c920562686525d44992313cf624ad8485dcdc1939a93b1 idx=53 status=processing
[2026-07-11T21:36:44] REQUEST GET /api/v1/ppt/presentation/status/task-33025497772ff22639c920562686525d44992313cf624ad8485dcdc1939a93b1 timeout=15s body=
[2026-07-11T21:36:44] RESPONSE GET /api/v1/ppt/presentation/status/task-33025497772ff22639c920562686525d44992313cf624ad8485dcdc1939a93b1 status=200 elapsed=0.077s body={"error":null,"status":"processing","message":"Selecting layout for each slide","created_at":"2026-07-11T19:34:56.139213","updated_at":"2026-07-11T19:35:59.176281","type":"presentation.generate","id":"task-33025497772ff22639c920562686525d44992313cf624ad8485dcdc1939a93b1","data":{"created_slides":0,"remaining_slides":2}}
[2026-07-11T21:36:44] POLL task=task-33025497772ff22639c920562686525d44992313cf624ad8485dcdc1939a93b1 idx=54 status=processing
[2026-07-11T21:36:46] REQUEST GET /api/v1/ppt/presentation/status/task-33025497772ff22639c920562686525d44992313cf624ad8485dcdc1939a93b1 timeout=15s body=
[2026-07-11T21:36:46] RESPONSE GET /api/v1/ppt/presentation/status/task-33025497772ff22639c920562686525d44992313cf624ad8485dcdc1939a93b1 status=200 elapsed=0.017s body={"error":null,"status":"processing","message":"Selecting layout for each slide","created_at":"2026-07-11T19:34:56.139213","updated_at":"2026-07-11T19:35:59.176281","type":"presentation.generate","id":"task-33025497772ff22639c920562686525d44992313cf624ad8485dcdc1939a93b1","data":{"created_slides":0,"remaining_slides":2}}
[2026-07-11T21:36:46] POLL task=task-33025497772ff22639c920562686525d44992313cf624ad8485dcdc1939a93b1 idx=55 status=processing
[2026-07-11T21:36:48] REQUEST GET /api/v1/ppt/presentation/status/task-33025497772ff22639c920562686525d44992313cf624ad8485dcdc1939a93b1 timeout=15s body=
[2026-07-11T21:36:48] RESPONSE GET /api/v1/ppt/presentation/status/task-33025497772ff22639c920562686525d44992313cf624ad8485dcdc1939a93b1 status=200 elapsed=0.016s body={"error":null,"status":"processing","message":"Selecting layout for each slide","created_at":"2026-07-11T19:34:56.139213","updated_at":"2026-07-11T19:35:59.176281","type":"presentation.generate","id":"task-33025497772ff22639c920562686525d44992313cf624ad8485dcdc1939a93b1","data":{"created_slides":0,"remaining_slides":2}}
[2026-07-11T21:36:48] POLL task=task-33025497772ff22639c920562686525d44992313cf624ad8485dcdc1939a93b1 idx=56 status=processing
[2026-07-11T21:36:50] REQUEST GET /api/v1/ppt/presentation/status/task-33025497772ff22639c920562686525d44992313cf624ad8485dcdc1939a93b1 timeout=15s body=
[2026-07-11T21:36:50] RESPONSE GET /api/v1/ppt/presentation/status/task-33025497772ff22639c920562686525d44992313cf624ad8485dcdc1939a93b1 status=200 elapsed=0.013s body={"error":null,"status":"processing","message":"Selecting layout for each slide","created_at":"2026-07-11T19:34:56.139213","updated_at":"2026-07-11T19:35:59.176281","type":"presentation.generate","id":"task-33025497772ff22639c920562686525d44992313cf624ad8485dcdc1939a93b1","data":{"created_slides":0,"remaining_slides":2}}
[2026-07-11T21:36:50] POLL task=task-33025497772ff22639c920562686525d44992313cf624ad8485dcdc1939a93b1 idx=57 status=processing
[2026-07-11T21:36:52] REQUEST GET /api/v1/ppt/presentation/status/task-33025497772ff22639c920562686525d44992313cf624ad8485dcdc1939a93b1 timeout=15s body=
[2026-07-11T21:36:52] RESPONSE GET /api/v1/ppt/presentation/status/task-33025497772ff22639c920562686525d44992313cf624ad8485dcdc1939a93b1 status=200 elapsed=0.015s body={"error":null,"status":"processing","message":"Selecting layout for each slide","created_at":"2026-07-11T19:34:56.139213","updated_at":"2026-07-11T19:35:59.176281","type":"presentation.generate","id":"task-33025497772ff22639c920562686525d44992313cf624ad8485dcdc1939a93b1","data":{"created_slides":0,"remaining_slides":2}}
[2026-07-11T21:36:52] POLL task=task-33025497772ff22639c920562686525d44992313cf624ad8485dcdc1939a93b1 idx=58 status=processing
[2026-07-11T21:36:54] REQUEST GET /api/v1/ppt/presentation/status/task-33025497772ff22639c920562686525d44992313cf624ad8485dcdc1939a93b1 timeout=15s body=
[2026-07-11T21:36:54] RESPONSE GET /api/v1/ppt/presentation/status/task-33025497772ff22639c920562686525d44992313cf624ad8485dcdc1939a93b1 status=200 elapsed=0.011s body={"error":null,"status":"processing","message":"Selecting layout for each slide","created_at":"2026-07-11T19:34:56.139213","updated_at":"2026-07-11T19:35:59.176281","type":"presentation.generate","id":"task-33025497772ff22639c920562686525d44992313cf624ad8485dcdc1939a93b1","data":{"created_slides":0,"remaining_slides":2}}
[2026-07-11T21:36:54] POLL task=task-33025497772ff22639c920562686525d44992313cf624ad8485dcdc1939a93b1 idx=59 status=processing
[2026-07-11T21:36:56] REQUEST GET /api/v1/ppt/presentation/status/task-33025497772ff22639c920562686525d44992313cf624ad8485dcdc1939a93b1 timeout=15s body=
[2026-07-11T21:36:56] RESPONSE GET /api/v1/ppt/presentation/status/task-33025497772ff22639c920562686525d44992313cf624ad8485dcdc1939a93b1 status=200 elapsed=0.013s body={"error":null,"status":"processing","message":"Selecting layout for each slide","created_at":"2026-07-11T19:34:56.139213","updated_at":"2026-07-11T19:35:59.176281","type":"presentation.generate","id":"task-33025497772ff22639c920562686525d44992313cf624ad8485dcdc1939a93b1","data":{"created_slides":0,"remaining_slides":2}}
[2026-07-11T21:36:56] POLL task=task-33025497772ff22639c920562686525d44992313cf624ad8485dcdc1939a93b1 idx=60 status=processing
[2026-07-11T21:36:58] REQUEST GET /api/v1/ppt/presentation/status/task-33025497772ff22639c920562686525d44992313cf624ad8485dcdc1939a93b1 timeout=15s body=
[2026-07-11T21:36:58] RESPONSE GET /api/v1/ppt/presentation/status/task-33025497772ff22639c920562686525d44992313cf624ad8485dcdc1939a93b1 status=200 elapsed=0.023s body={"error":null,"status":"processing","message":"Selecting layout for each slide","created_at":"2026-07-11T19:34:56.139213","updated_at":"2026-07-11T19:35:59.176281","type":"presentation.generate","id":"task-33025497772ff22639c920562686525d44992313cf624ad8485dcdc1939a93b1","data":{"created_slides":0,"remaining_slides":2}}
[2026-07-11T21:36:58] POLL task=task-33025497772ff22639c920562686525d44992313cf624ad8485dcdc1939a93b1 idx=61 status=processing
[2026-07-11T21:37:00] REQUEST GET /api/v1/ppt/presentation/status/task-33025497772ff22639c920562686525d44992313cf624ad8485dcdc1939a93b1 timeout=15s body=
[2026-07-11T21:37:00] RESPONSE GET /api/v1/ppt/presentation/status/task-33025497772ff22639c920562686525d44992313cf624ad8485dcdc1939a93b1 status=200 elapsed=0.014s body={"error":null,"status":"processing","message":"Selecting layout for each slide","created_at":"2026-07-11T19:34:56.139213","updated_at":"2026-07-11T19:35:59.176281","type":"presentation.generate","id":"task-33025497772ff22639c920562686525d44992313cf624ad8485dcdc1939a93b1","data":{"created_slides":0,"remaining_slides":2}}
[2026-07-11T21:37:00] POLL task=task-33025497772ff22639c920562686525d44992313cf624ad8485dcdc1939a93b1 idx=62 status=processing
[2026-07-11T21:37:02] REQUEST GET /api/v1/ppt/presentation/status/task-33025497772ff22639c920562686525d44992313cf624ad8485dcdc1939a93b1 timeout=15s body=
[2026-07-11T21:37:02] RESPONSE GET /api/v1/ppt/presentation/status/task-33025497772ff22639c920562686525d44992313cf624ad8485dcdc1939a93b1 status=200 elapsed=0.009s body={"error":null,"status":"processing","message":"Generating slides","created_at":"2026-07-11T19:34:56.139213","updated_at":"2026-07-11T19:37:02.541187","type":"presentation.generate","id":"task-33025497772ff22639c920562686525d44992313cf624ad8485dcdc1939a93b1","data":{"created_slides":0,"remaining_slides":2}}
[2026-07-11T21:37:02] POLL task=task-33025497772ff22639c920562686525d44992313cf624ad8485dcdc1939a93b1 idx=63 status=processing
[2026-07-11T21:37:04] REQUEST GET /api/v1/ppt/presentation/status/task-33025497772ff22639c920562686525d44992313cf624ad8485dcdc1939a93b1 timeout=15s body=
[2026-07-11T21:37:04] RESPONSE GET /api/v1/ppt/presentation/status/task-33025497772ff22639c920562686525d44992313cf624ad8485dcdc1939a93b1 status=200 elapsed=0.124s body={"error":null,"status":"processing","message":"Generating slides","created_at":"2026-07-11T19:34:56.139213","updated_at":"2026-07-11T19:37:02.541187","type":"presentation.generate","id":"task-33025497772ff22639c920562686525d44992313cf624ad8485dcdc1939a93b1","data":{"created_slides":0,"remaining_slides":2}}
[2026-07-11T21:37:04] POLL task=task-33025497772ff22639c920562686525d44992313cf624ad8485dcdc1939a93b1 idx=64 status=processing
[2026-07-11T21:37:06] REQUEST GET /api/v1/ppt/presentation/status/task-33025497772ff22639c920562686525d44992313cf624ad8485dcdc1939a93b1 timeout=15s body=
[2026-07-11T21:37:06] RESPONSE GET /api/v1/ppt/presentation/status/task-33025497772ff22639c920562686525d44992313cf624ad8485dcdc1939a93b1 status=200 elapsed=0.017s body={"error":null,"status":"processing","message":"Generating slides","created_at":"2026-07-11T19:34:56.139213","updated_at":"2026-07-11T19:37:02.541187","type":"presentation.generate","id":"task-33025497772ff22639c920562686525d44992313cf624ad8485dcdc1939a93b1","data":{"created_slides":0,"remaining_slides":2}}
[2026-07-11T21:37:06] POLL task=task-33025497772ff22639c920562686525d44992313cf624ad8485dcdc1939a93b1 idx=65 status=processing
[2026-07-11T21:37:08] REQUEST GET /api/v1/ppt/presentation/status/task-33025497772ff22639c920562686525d44992313cf624ad8485dcdc1939a93b1 timeout=15s body=
[2026-07-11T21:37:08] RESPONSE GET /api/v1/ppt/presentation/status/task-33025497772ff22639c920562686525d44992313cf624ad8485dcdc1939a93b1 status=200 elapsed=0.03s body={"error":null,"status":"processing","message":"Generating slides","created_at":"2026-07-11T19:34:56.139213","updated_at":"2026-07-11T19:37:02.541187","type":"presentation.generate","id":"task-33025497772ff22639c920562686525d44992313cf624ad8485dcdc1939a93b1","data":{"created_slides":0,"remaining_slides":2}}
[2026-07-11T21:37:08] POLL task=task-33025497772ff22639c920562686525d44992313cf624ad8485dcdc1939a93b1 idx=66 status=processing
[2026-07-11T21:37:10] REQUEST GET /api/v1/ppt/presentation/status/task-33025497772ff22639c920562686525d44992313cf624ad8485dcdc1939a93b1 timeout=15s body=
[2026-07-11T21:37:10] RESPONSE GET /api/v1/ppt/presentation/status/task-33025497772ff22639c920562686525d44992313cf624ad8485dcdc1939a93b1 status=200 elapsed=0.025s body={"error":null,"status":"processing","message":"Generating slides","created_at":"2026-07-11T19:34:56.139213","updated_at":"2026-07-11T19:37:02.541187","type":"presentation.generate","id":"task-33025497772ff22639c920562686525d44992313cf624ad8485dcdc1939a93b1","data":{"created_slides":0,"remaining_slides":2}}
[2026-07-11T21:37:10] POLL task=task-33025497772ff22639c920562686525d44992313cf624ad8485dcdc1939a93b1 idx=67 status=processing
[2026-07-11T21:37:12] REQUEST GET /api/v1/ppt/presentation/status/task-33025497772ff22639c920562686525d44992313cf624ad8485dcdc1939a93b1 timeout=15s body=
[2026-07-11T21:37:12] RESPONSE GET /api/v1/ppt/presentation/status/task-33025497772ff22639c920562686525d44992313cf624ad8485dcdc1939a93b1 status=200 elapsed=0.027s body={"error":null,"status":"processing","message":"Generating slides","created_at":"2026-07-11T19:34:56.139213","updated_at":"2026-07-11T19:37:02.541187","type":"presentation.generate","id":"task-33025497772ff22639c920562686525d44992313cf624ad8485dcdc1939a93b1","data":{"created_slides":0,"remaining_slides":2}}
[2026-07-11T21:37:12] POLL task=task-33025497772ff22639c920562686525d44992313cf624ad8485dcdc1939a93b1 idx=68 status=processing
[2026-07-11T21:37:14] REQUEST GET /api/v1/ppt/presentation/status/task-33025497772ff22639c920562686525d44992313cf624ad8485dcdc1939a93b1 timeout=15s body=
[2026-07-11T21:37:14] RESPONSE GET /api/v1/ppt/presentation/status/task-33025497772ff22639c920562686525d44992313cf624ad8485dcdc1939a93b1 status=200 elapsed=0.012s body={"error":null,"status":"processing","message":"Generating slides","created_at":"2026-07-11T19:34:56.139213","updated_at":"2026-07-11T19:37:02.541187","type":"presentation.generate","id":"task-33025497772ff22639c920562686525d44992313cf624ad8485dcdc1939a93b1","data":{"created_slides":0,"remaining_slides":2}}
[2026-07-11T21:37:14] POLL task=task-33025497772ff22639c920562686525d44992313cf624ad8485dcdc1939a93b1 idx=69 status=processing
[2026-07-11T21:37:16] REQUEST GET /api/v1/ppt/presentation/status/task-33025497772ff22639c920562686525d44992313cf624ad8485dcdc1939a93b1 timeout=15s body=
[2026-07-11T21:37:16] RESPONSE GET /api/v1/ppt/presentation/status/task-33025497772ff22639c920562686525d44992313cf624ad8485dcdc1939a93b1 status=200 elapsed=0.018s body={"error":null,"status":"processing","message":"Generating slides","created_at":"2026-07-11T19:34:56.139213","updated_at":"2026-07-11T19:37:02.541187","type":"presentation.generate","id":"task-33025497772ff22639c920562686525d44992313cf624ad8485dcdc1939a93b1","data":{"created_slides":0,"remaining_slides":2}}
[2026-07-11T21:37:16] POLL task=task-33025497772ff22639c920562686525d44992313cf624ad8485dcdc1939a93b1 idx=70 status=processing
[2026-07-11T21:37:18] REQUEST GET /api/v1/ppt/presentation/status/task-33025497772ff22639c920562686525d44992313cf624ad8485dcdc1939a93b1 timeout=15s body=
[2026-07-11T21:37:18] RESPONSE GET /api/v1/ppt/presentation/status/task-33025497772ff22639c920562686525d44992313cf624ad8485dcdc1939a93b1 status=200 elapsed=0.017s body={"error":null,"status":"processing","message":"Generating slides","created_at":"2026-07-11T19:34:56.139213","updated_at":"2026-07-11T19:37:02.541187","type":"presentation.generate","id":"task-33025497772ff22639c920562686525d44992313cf624ad8485dcdc1939a93b1","data":{"created_slides":0,"remaining_slides":2}}
[2026-07-11T21:37:18] POLL task=task-33025497772ff22639c920562686525d44992313cf624ad8485dcdc1939a93b1 idx=71 status=processing
[2026-07-11T21:37:20] REQUEST GET /api/v1/ppt/presentation/status/task-33025497772ff22639c920562686525d44992313cf624ad8485dcdc1939a93b1 timeout=15s body=
[2026-07-11T21:37:21] RESPONSE GET /api/v1/ppt/presentation/status/task-33025497772ff22639c920562686525d44992313cf624ad8485dcdc1939a93b1 status=200 elapsed=0.017s body={"error":null,"status":"processing","message":"Generating slides","created_at":"2026-07-11T19:34:56.139213","updated_at":"2026-07-11T19:37:02.541187","type":"presentation.generate","id":"task-33025497772ff22639c920562686525d44992313cf624ad8485dcdc1939a93b1","data":{"created_slides":0,"remaining_slides":2}}
[2026-07-11T21:37:21] POLL task=task-33025497772ff22639c920562686525d44992313cf624ad8485dcdc1939a93b1 idx=72 status=processing
[2026-07-11T21:37:23] REQUEST GET /api/v1/ppt/presentation/status/task-33025497772ff22639c920562686525d44992313cf624ad8485dcdc1939a93b1 timeout=15s body=
[2026-07-11T21:37:23] RESPONSE GET /api/v1/ppt/presentation/status/task-33025497772ff22639c920562686525d44992313cf624ad8485dcdc1939a93b1 status=200 elapsed=0.013s body={"error":null,"status":"processing","message":"Generating slides","created_at":"2026-07-11T19:34:56.139213","updated_at":"2026-07-11T19:37:02.541187","type":"presentation.generate","id":"task-33025497772ff22639c920562686525d44992313cf624ad8485dcdc1939a93b1","data":{"created_slides":0,"remaining_slides":2}}
[2026-07-11T21:37:23] POLL task=task-33025497772ff22639c920562686525d44992313cf624ad8485dcdc1939a93b1 idx=73 status=processing
[2026-07-11T21:37:25] REQUEST GET /api/v1/ppt/presentation/status/task-33025497772ff22639c920562686525d44992313cf624ad8485dcdc1939a93b1 timeout=15s body=
[2026-07-11T21:37:25] RESPONSE GET /api/v1/ppt/presentation/status/task-33025497772ff22639c920562686525d44992313cf624ad8485dcdc1939a93b1 status=200 elapsed=0.012s body={"error":null,"status":"processing","message":"Generating slides","created_at":"2026-07-11T19:34:56.139213","updated_at":"2026-07-11T19:37:02.541187","type":"presentation.generate","id":"task-33025497772ff22639c920562686525d44992313cf624ad8485dcdc1939a93b1","data":{"created_slides":0,"remaining_slides":2}}
[2026-07-11T21:37:25] POLL task=task-33025497772ff22639c920562686525d44992313cf624ad8485dcdc1939a93b1 idx=74 status=processing
[2026-07-11T21:37:27] REQUEST GET /api/v1/ppt/presentation/status/task-33025497772ff22639c920562686525d44992313cf624ad8485dcdc1939a93b1 timeout=15s body=
[2026-07-11T21:37:27] RESPONSE GET /api/v1/ppt/presentation/status/task-33025497772ff22639c920562686525d44992313cf624ad8485dcdc1939a93b1 status=200 elapsed=0.013s body={"error":null,"status":"processing","message":"Generating slides","created_at":"2026-07-11T19:34:56.139213","updated_at":"2026-07-11T19:37:02.541187","type":"presentation.generate","id":"task-33025497772ff22639c920562686525d44992313cf624ad8485dcdc1939a93b1","data":{"created_slides":0,"remaining_slides":2}}
[2026-07-11T21:37:27] POLL task=task-33025497772ff22639c920562686525d44992313cf624ad8485dcdc1939a93b1 idx=75 status=processing
[2026-07-11T21:37:29] REQUEST GET /api/v1/ppt/presentation/status/task-33025497772ff22639c920562686525d44992313cf624ad8485dcdc1939a93b1 timeout=15s body=
[2026-07-11T21:37:29] RESPONSE GET /api/v1/ppt/presentation/status/task-33025497772ff22639c920562686525d44992313cf624ad8485dcdc1939a93b1 status=200 elapsed=0.014s body={"error":null,"status":"processing","message":"Generating slides","created_at":"2026-07-11T19:34:56.139213","updated_at":"2026-07-11T19:37:02.541187","type":"presentation.generate","id":"task-33025497772ff22639c920562686525d44992313cf624ad8485dcdc1939a93b1","data":{"created_slides":0,"remaining_slides":2}}
[2026-07-11T21:37:29] POLL task=task-33025497772ff22639c920562686525d44992313cf624ad8485dcdc1939a93b1 idx=76 status=processing
[2026-07-11T21:37:31] REQUEST GET /api/v1/ppt/presentation/status/task-33025497772ff22639c920562686525d44992313cf624ad8485dcdc1939a93b1 timeout=15s body=
[2026-07-11T21:37:31] RESPONSE GET /api/v1/ppt/presentation/status/task-33025497772ff22639c920562686525d44992313cf624ad8485dcdc1939a93b1 status=200 elapsed=0.016s body={"error":null,"status":"processing","message":"Generating slides","created_at":"2026-07-11T19:34:56.139213","updated_at":"2026-07-11T19:37:02.541187","type":"presentation.generate","id":"task-33025497772ff22639c920562686525d44992313cf624ad8485dcdc1939a93b1","data":{"created_slides":0,"remaining_slides":2}}
[2026-07-11T21:37:31] POLL task=task-33025497772ff22639c920562686525d44992313cf624ad8485dcdc1939a93b1 idx=77 status=processing
[2026-07-11T21:37:33] REQUEST GET /api/v1/ppt/presentation/status/task-33025497772ff22639c920562686525d44992313cf624ad8485dcdc1939a93b1 timeout=15s body=
[2026-07-11T21:37:33] RESPONSE GET /api/v1/ppt/presentation/status/task-33025497772ff22639c920562686525d44992313cf624ad8485dcdc1939a93b1 status=200 elapsed=0.015s body={"error":null,"status":"processing","message":"Generating slides","created_at":"2026-07-11T19:34:56.139213","updated_at":"2026-07-11T19:37:02.541187","type":"presentation.generate","id":"task-33025497772ff22639c920562686525d44992313cf624ad8485dcdc1939a93b1","data":{"created_slides":0,"remaining_slides":2}}
[2026-07-11T21:37:33] POLL task=task-33025497772ff22639c920562686525d44992313cf624ad8485dcdc1939a93b1 idx=78 status=processing
[2026-07-11T21:37:35] REQUEST GET /api/v1/ppt/presentation/status/task-33025497772ff22639c920562686525d44992313cf624ad8485dcdc1939a93b1 timeout=15s body=
[2026-07-11T21:37:35] RESPONSE GET /api/v1/ppt/presentation/status/task-33025497772ff22639c920562686525d44992313cf624ad8485dcdc1939a93b1 status=200 elapsed=0.015s body={"error":null,"status":"processing","message":"Generating slides","created_at":"2026-07-11T19:34:56.139213","updated_at":"2026-07-11T19:37:02.541187","type":"presentation.generate","id":"task-33025497772ff22639c920562686525d44992313cf624ad8485dcdc1939a93b1","data":{"created_slides":0,"remaining_slides":2}}
[2026-07-11T21:37:35] POLL task=task-33025497772ff22639c920562686525d44992313cf624ad8485dcdc1939a93b1 idx=79 status=processing
[2026-07-11T21:37:37] REQUEST GET /api/v1/ppt/presentation/status/task-33025497772ff22639c920562686525d44992313cf624ad8485dcdc1939a93b1 timeout=15s body=
[2026-07-11T21:37:37] RESPONSE GET /api/v1/ppt/presentation/status/task-33025497772ff22639c920562686525d44992313cf624ad8485dcdc1939a93b1 status=200 elapsed=0.012s body={"error":null,"status":"processing","message":"Generating slides","created_at":"2026-07-11T19:34:56.139213","updated_at":"2026-07-11T19:37:02.541187","type":"presentation.generate","id":"task-33025497772ff22639c920562686525d44992313cf624ad8485dcdc1939a93b1","data":{"created_slides":0,"remaining_slides":2}}
[2026-07-11T21:37:37] POLL task=task-33025497772ff22639c920562686525d44992313cf624ad8485dcdc1939a93b1 idx=80 status=processing
[2026-07-11T21:37:39] REQUEST GET /api/v1/ppt/presentation/status/task-33025497772ff22639c920562686525d44992313cf624ad8485dcdc1939a93b1 timeout=15s body=
[2026-07-11T21:37:39] RESPONSE GET /api/v1/ppt/presentation/status/task-33025497772ff22639c920562686525d44992313cf624ad8485dcdc1939a93b1 status=200 elapsed=0.038s body={"error":null,"status":"processing","message":"Generating slides","created_at":"2026-07-11T19:34:56.139213","updated_at":"2026-07-11T19:37:02.541187","type":"presentation.generate","id":"task-33025497772ff22639c920562686525d44992313cf624ad8485dcdc1939a93b1","data":{"created_slides":0,"remaining_slides":2}}
[2026-07-11T21:37:39] POLL task=task-33025497772ff22639c920562686525d44992313cf624ad8485dcdc1939a93b1 idx=81 status=processing
[2026-07-11T21:37:41] REQUEST GET /api/v1/ppt/presentation/status/task-33025497772ff22639c920562686525d44992313cf624ad8485dcdc1939a93b1 timeout=15s body=
[2026-07-11T21:37:41] RESPONSE GET /api/v1/ppt/presentation/status/task-33025497772ff22639c920562686525d44992313cf624ad8485dcdc1939a93b1 status=200 elapsed=0.039s body={"error":null,"status":"processing","message":"Generating slides","created_at":"2026-07-11T19:34:56.139213","updated_at":"2026-07-11T19:37:02.541187","type":"presentation.generate","id":"task-33025497772ff22639c920562686525d44992313cf624ad8485dcdc1939a93b1","data":{"created_slides":0,"remaining_slides":2}}
[2026-07-11T21:37:41] POLL task=task-33025497772ff22639c920562686525d44992313cf624ad8485dcdc1939a93b1 idx=82 status=processing
[2026-07-11T21:37:43] REQUEST GET /api/v1/ppt/presentation/status/task-33025497772ff22639c920562686525d44992313cf624ad8485dcdc1939a93b1 timeout=15s body=
[2026-07-11T21:37:43] RESPONSE GET /api/v1/ppt/presentation/status/task-33025497772ff22639c920562686525d44992313cf624ad8485dcdc1939a93b1 status=200 elapsed=0.017s body={"error":null,"status":"processing","message":"Generating slides","created_at":"2026-07-11T19:34:56.139213","updated_at":"2026-07-11T19:37:02.541187","type":"presentation.generate","id":"task-33025497772ff22639c920562686525d44992313cf624ad8485dcdc1939a93b1","data":{"created_slides":0,"remaining_slides":2}}
[2026-07-11T21:37:43] POLL task=task-33025497772ff22639c920562686525d44992313cf624ad8485dcdc1939a93b1 idx=83 status=processing
[2026-07-11T21:37:45] REQUEST GET /api/v1/ppt/presentation/status/task-33025497772ff22639c920562686525d44992313cf624ad8485dcdc1939a93b1 timeout=15s body=
[2026-07-11T21:37:45] RESPONSE GET /api/v1/ppt/presentation/status/task-33025497772ff22639c920562686525d44992313cf624ad8485dcdc1939a93b1 status=200 elapsed=0.019s body={"error":null,"status":"processing","message":"Generating slides","created_at":"2026-07-11T19:34:56.139213","updated_at":"2026-07-11T19:37:02.541187","type":"presentation.generate","id":"task-33025497772ff22639c920562686525d44992313cf624ad8485dcdc1939a93b1","data":{"created_slides":0,"remaining_slides":2}}
[2026-07-11T21:37:45] POLL task=task-33025497772ff22639c920562686525d44992313cf624ad8485dcdc1939a93b1 idx=84 status=processing
[2026-07-11T21:37:47] REQUEST GET /api/v1/ppt/presentation/status/task-33025497772ff22639c920562686525d44992313cf624ad8485dcdc1939a93b1 timeout=15s body=
[2026-07-11T21:37:47] RESPONSE GET /api/v1/ppt/presentation/status/task-33025497772ff22639c920562686525d44992313cf624ad8485dcdc1939a93b1 status=200 elapsed=0.02s body={"error":null,"status":"processing","message":"Generating slides","created_at":"2026-07-11T19:34:56.139213","updated_at":"2026-07-11T19:37:02.541187","type":"presentation.generate","id":"task-33025497772ff22639c920562686525d44992313cf624ad8485dcdc1939a93b1","data":{"created_slides":0,"remaining_slides":2}}
[2026-07-11T21:37:47] POLL task=task-33025497772ff22639c920562686525d44992313cf624ad8485dcdc1939a93b1 idx=85 status=processing
[2026-07-11T21:37:49] REQUEST GET /api/v1/ppt/presentation/status/task-33025497772ff22639c920562686525d44992313cf624ad8485dcdc1939a93b1 timeout=15s body=
[2026-07-11T21:37:49] RESPONSE GET /api/v1/ppt/presentation/status/task-33025497772ff22639c920562686525d44992313cf624ad8485dcdc1939a93b1 status=200 elapsed=0.063s body={"error":null,"status":"processing","message":"Generating slides","created_at":"2026-07-11T19:34:56.139213","updated_at":"2026-07-11T19:37:02.541187","type":"presentation.generate","id":"task-33025497772ff22639c920562686525d44992313cf624ad8485dcdc1939a93b1","data":{"created_slides":0,"remaining_slides":2}}
[2026-07-11T21:37:49] POLL task=task-33025497772ff22639c920562686525d44992313cf624ad8485dcdc1939a93b1 idx=86 status=processing
[2026-07-11T21:37:51] REQUEST GET /api/v1/ppt/presentation/status/task-33025497772ff22639c920562686525d44992313cf624ad8485dcdc1939a93b1 timeout=15s body=
[2026-07-11T21:37:51] RESPONSE GET /api/v1/ppt/presentation/status/task-33025497772ff22639c920562686525d44992313cf624ad8485dcdc1939a93b1 status=200 elapsed=0.033s body={"error":null,"status":"processing","message":"Generating slides","created_at":"2026-07-11T19:34:56.139213","updated_at":"2026-07-11T19:37:02.541187","type":"presentation.generate","id":"task-33025497772ff22639c920562686525d44992313cf624ad8485dcdc1939a93b1","data":{"created_slides":0,"remaining_slides":2}}
[2026-07-11T21:37:51] POLL task=task-33025497772ff22639c920562686525d44992313cf624ad8485dcdc1939a93b1 idx=87 status=processing
[2026-07-11T21:37:53] REQUEST GET /api/v1/ppt/presentation/status/task-33025497772ff22639c920562686525d44992313cf624ad8485dcdc1939a93b1 timeout=15s body=
[2026-07-11T21:37:53] RESPONSE GET /api/v1/ppt/presentation/status/task-33025497772ff22639c920562686525d44992313cf624ad8485dcdc1939a93b1 status=200 elapsed=0.022s body={"error":null,"status":"processing","message":"Generating slides","created_at":"2026-07-11T19:34:56.139213","updated_at":"2026-07-11T19:37:02.541187","type":"presentation.generate","id":"task-33025497772ff22639c920562686525d44992313cf624ad8485dcdc1939a93b1","data":{"created_slides":0,"remaining_slides":2}}
[2026-07-11T21:37:53] POLL task=task-33025497772ff22639c920562686525d44992313cf624ad8485dcdc1939a93b1 idx=88 status=processing
[2026-07-11T21:37:55] REQUEST GET /api/v1/ppt/presentation/status/task-33025497772ff22639c920562686525d44992313cf624ad8485dcdc1939a93b1 timeout=15s body=
[2026-07-11T21:37:55] RESPONSE GET /api/v1/ppt/presentation/status/task-33025497772ff22639c920562686525d44992313cf624ad8485dcdc1939a93b1 status=200 elapsed=0.015s body={"error":null,"status":"processing","message":"Generating slides","created_at":"2026-07-11T19:34:56.139213","updated_at":"2026-07-11T19:37:02.541187","type":"presentation.generate","id":"task-33025497772ff22639c920562686525d44992313cf624ad8485dcdc1939a93b1","data":{"created_slides":0,"remaining_slides":2}}
[2026-07-11T21:37:55] POLL task=task-33025497772ff22639c920562686525d44992313cf624ad8485dcdc1939a93b1 idx=89 status=processing
[2026-07-11T21:37:57] REQUEST GET /api/v1/ppt/presentation/status/task-33025497772ff22639c920562686525d44992313cf624ad8485dcdc1939a93b1 timeout=15s body=
[2026-07-11T21:37:57] RESPONSE GET /api/v1/ppt/presentation/status/task-33025497772ff22639c920562686525d44992313cf624ad8485dcdc1939a93b1 status=200 elapsed=0.016s body={"error":null,"status":"processing","message":"Generating slides","created_at":"2026-07-11T19:34:56.139213","updated_at":"2026-07-11T19:37:02.541187","type":"presentation.generate","id":"task-33025497772ff22639c920562686525d44992313cf624ad8485dcdc1939a93b1","data":{"created_slides":0,"remaining_slides":2}}
[2026-07-11T21:37:57] POLL task=task-33025497772ff22639c920562686525d44992313cf624ad8485dcdc1939a93b1 idx=90 status=processing
[2026-07-11T21:37:59] REQUEST GET /api/v1/ppt/presentation/status/task-33025497772ff22639c920562686525d44992313cf624ad8485dcdc1939a93b1 timeout=15s body=
[2026-07-11T21:37:59] RESPONSE GET /api/v1/ppt/presentation/status/task-33025497772ff22639c920562686525d44992313cf624ad8485dcdc1939a93b1 status=200 elapsed=0.026s body={"error":null,"status":"processing","message":"Generating slides","created_at":"2026-07-11T19:34:56.139213","updated_at":"2026-07-11T19:37:02.541187","type":"presentation.generate","id":"task-33025497772ff22639c920562686525d44992313cf624ad8485dcdc1939a93b1","data":{"created_slides":0,"remaining_slides":2}}
[2026-07-11T21:37:59] POLL task=task-33025497772ff22639c920562686525d44992313cf624ad8485dcdc1939a93b1 idx=91 status=processing
[2026-07-11T21:38:01] REQUEST GET /api/v1/ppt/presentation/status/task-33025497772ff22639c920562686525d44992313cf624ad8485dcdc1939a93b1 timeout=15s body=
[2026-07-11T21:38:01] RESPONSE GET /api/v1/ppt/presentation/status/task-33025497772ff22639c920562686525d44992313cf624ad8485dcdc1939a93b1 status=200 elapsed=0.015s body={"error":null,"status":"processing","message":"Generating slides","created_at":"2026-07-11T19:34:56.139213","updated_at":"2026-07-11T19:37:02.541187","type":"presentation.generate","id":"task-33025497772ff22639c920562686525d44992313cf624ad8485dcdc1939a93b1","data":{"created_slides":0,"remaining_slides":2}}
[2026-07-11T21:38:01] POLL task=task-33025497772ff22639c920562686525d44992313cf624ad8485dcdc1939a93b1 idx=92 status=processing
[2026-07-11T21:38:03] REQUEST GET /api/v1/ppt/presentation/status/task-33025497772ff22639c920562686525d44992313cf624ad8485dcdc1939a93b1 timeout=15s body=
[2026-07-11T21:38:03] RESPONSE GET /api/v1/ppt/presentation/status/task-33025497772ff22639c920562686525d44992313cf624ad8485dcdc1939a93b1 status=200 elapsed=0.031s body={"error":null,"status":"processing","message":"Generating slides","created_at":"2026-07-11T19:34:56.139213","updated_at":"2026-07-11T19:37:02.541187","type":"presentation.generate","id":"task-33025497772ff22639c920562686525d44992313cf624ad8485dcdc1939a93b1","data":{"created_slides":0,"remaining_slides":2}}
[2026-07-11T21:38:03] POLL task=task-33025497772ff22639c920562686525d44992313cf624ad8485dcdc1939a93b1 idx=93 status=processing
[2026-07-11T21:38:05] REQUEST GET /api/v1/ppt/presentation/status/task-33025497772ff22639c920562686525d44992313cf624ad8485dcdc1939a93b1 timeout=15s body=
[2026-07-11T21:38:05] RESPONSE GET /api/v1/ppt/presentation/status/task-33025497772ff22639c920562686525d44992313cf624ad8485dcdc1939a93b1 status=200 elapsed=0.022s body={"error":null,"status":"processing","message":"Generating slides","created_at":"2026-07-11T19:34:56.139213","updated_at":"2026-07-11T19:37:02.541187","type":"presentation.generate","id":"task-33025497772ff22639c920562686525d44992313cf624ad8485dcdc1939a93b1","data":{"created_slides":0,"remaining_slides":2}}
[2026-07-11T21:38:05] POLL task=task-33025497772ff22639c920562686525d44992313cf624ad8485dcdc1939a93b1 idx=94 status=processing
[2026-07-11T21:38:07] REQUEST GET /api/v1/ppt/presentation/status/task-33025497772ff22639c920562686525d44992313cf624ad8485dcdc1939a93b1 timeout=15s body=
[2026-07-11T21:38:07] RESPONSE GET /api/v1/ppt/presentation/status/task-33025497772ff22639c920562686525d44992313cf624ad8485dcdc1939a93b1 status=200 elapsed=0.012s body={"error":null,"status":"processing","message":"Generating slides","created_at":"2026-07-11T19:34:56.139213","updated_at":"2026-07-11T19:37:02.541187","type":"presentation.generate","id":"task-33025497772ff22639c920562686525d44992313cf624ad8485dcdc1939a93b1","data":{"created_slides":0,"remaining_slides":2}}
[2026-07-11T21:38:07] POLL task=task-33025497772ff22639c920562686525d44992313cf624ad8485dcdc1939a93b1 idx=95 status=processing
[2026-07-11T21:38:09] REQUEST GET /api/v1/ppt/presentation/status/task-33025497772ff22639c920562686525d44992313cf624ad8485dcdc1939a93b1 timeout=15s body=
[2026-07-11T21:38:09] RESPONSE GET /api/v1/ppt/presentation/status/task-33025497772ff22639c920562686525d44992313cf624ad8485dcdc1939a93b1 status=200 elapsed=0.02s body={"error":null,"status":"processing","message":"Generating slides","created_at":"2026-07-11T19:34:56.139213","updated_at":"2026-07-11T19:37:02.541187","type":"presentation.generate","id":"task-33025497772ff22639c920562686525d44992313cf624ad8485dcdc1939a93b1","data":{"created_slides":0,"remaining_slides":2}}
[2026-07-11T21:38:09] POLL task=task-33025497772ff22639c920562686525d44992313cf624ad8485dcdc1939a93b1 idx=96 status=processing
[2026-07-11T21:38:11] REQUEST GET /api/v1/ppt/presentation/status/task-33025497772ff22639c920562686525d44992313cf624ad8485dcdc1939a93b1 timeout=15s body=
[2026-07-11T21:38:11] RESPONSE GET /api/v1/ppt/presentation/status/task-33025497772ff22639c920562686525d44992313cf624ad8485dcdc1939a93b1 status=200 elapsed=0.017s body={"error":null,"status":"processing","message":"Generating slides","created_at":"2026-07-11T19:34:56.139213","updated_at":"2026-07-11T19:37:02.541187","type":"presentation.generate","id":"task-33025497772ff22639c920562686525d44992313cf624ad8485dcdc1939a93b1","data":{"created_slides":0,"remaining_slides":2}}
[2026-07-11T21:38:11] POLL task=task-33025497772ff22639c920562686525d44992313cf624ad8485dcdc1939a93b1 idx=97 status=processing
[2026-07-11T21:38:13] REQUEST GET /api/v1/ppt/presentation/status/task-33025497772ff22639c920562686525d44992313cf624ad8485dcdc1939a93b1 timeout=15s body=
[2026-07-11T21:38:13] RESPONSE GET /api/v1/ppt/presentation/status/task-33025497772ff22639c920562686525d44992313cf624ad8485dcdc1939a93b1 status=200 elapsed=0.014s body={"error":null,"status":"processing","message":"Generating slides","created_at":"2026-07-11T19:34:56.139213","updated_at":"2026-07-11T19:37:02.541187","type":"presentation.generate","id":"task-33025497772ff22639c920562686525d44992313cf624ad8485dcdc1939a93b1","data":{"created_slides":0,"remaining_slides":2}}
[2026-07-11T21:38:13] POLL task=task-33025497772ff22639c920562686525d44992313cf624ad8485dcdc1939a93b1 idx=98 status=processing
[2026-07-11T21:38:15] REQUEST GET /api/v1/ppt/presentation/status/task-33025497772ff22639c920562686525d44992313cf624ad8485dcdc1939a93b1 timeout=15s body=
[2026-07-11T21:38:15] RESPONSE GET /api/v1/ppt/presentation/status/task-33025497772ff22639c920562686525d44992313cf624ad8485dcdc1939a93b1 status=200 elapsed=0.018s body={"error":null,"status":"processing","message":"Generating slides","created_at":"2026-07-11T19:34:56.139213","updated_at":"2026-07-11T19:37:02.541187","type":"presentation.generate","id":"task-33025497772ff22639c920562686525d44992313cf624ad8485dcdc1939a93b1","data":{"created_slides":0,"remaining_slides":2}}
[2026-07-11T21:38:15] POLL task=task-33025497772ff22639c920562686525d44992313cf624ad8485dcdc1939a93b1 idx=99 status=processing
[2026-07-11T21:38:17] REQUEST GET /api/v1/ppt/presentation/status/task-33025497772ff22639c920562686525d44992313cf624ad8485dcdc1939a93b1 timeout=15s body=
[2026-07-11T21:38:17] RESPONSE GET /api/v1/ppt/presentation/status/task-33025497772ff22639c920562686525d44992313cf624ad8485dcdc1939a93b1 status=200 elapsed=0.03s body={"error":null,"status":"processing","message":"Generating slides","created_at":"2026-07-11T19:34:56.139213","updated_at":"2026-07-11T19:37:02.541187","type":"presentation.generate","id":"task-33025497772ff22639c920562686525d44992313cf624ad8485dcdc1939a93b1","data":{"created_slides":0,"remaining_slides":2}}
[2026-07-11T21:38:17] POLL task=task-33025497772ff22639c920562686525d44992313cf624ad8485dcdc1939a93b1 idx=100 status=processing
[2026-07-11T21:38:19] REQUEST GET /api/v1/ppt/presentation/status/task-33025497772ff22639c920562686525d44992313cf624ad8485dcdc1939a93b1 timeout=15s body=
[2026-07-11T21:38:19] RESPONSE GET /api/v1/ppt/presentation/status/task-33025497772ff22639c920562686525d44992313cf624ad8485dcdc1939a93b1 status=200 elapsed=0.024s body={"error":null,"status":"processing","message":"Generating slides","created_at":"2026-07-11T19:34:56.139213","updated_at":"2026-07-11T19:37:02.541187","type":"presentation.generate","id":"task-33025497772ff22639c920562686525d44992313cf624ad8485dcdc1939a93b1","data":{"created_slides":0,"remaining_slides":2}}
[2026-07-11T21:38:19] POLL task=task-33025497772ff22639c920562686525d44992313cf624ad8485dcdc1939a93b1 idx=101 status=processing
[2026-07-11T21:38:21] REQUEST GET /api/v1/ppt/presentation/status/task-33025497772ff22639c920562686525d44992313cf624ad8485dcdc1939a93b1 timeout=15s body=
[2026-07-11T21:38:21] RESPONSE GET /api/v1/ppt/presentation/status/task-33025497772ff22639c920562686525d44992313cf624ad8485dcdc1939a93b1 status=200 elapsed=0.025s body={"error":null,"status":"processing","message":"Generating slides","created_at":"2026-07-11T19:34:56.139213","updated_at":"2026-07-11T19:37:02.541187","type":"presentation.generate","id":"task-33025497772ff22639c920562686525d44992313cf624ad8485dcdc1939a93b1","data":{"created_slides":0,"remaining_slides":2}}
[2026-07-11T21:38:21] POLL task=task-33025497772ff22639c920562686525d44992313cf624ad8485dcdc1939a93b1 idx=102 status=processing
[2026-07-11T21:38:23] REQUEST GET /api/v1/ppt/presentation/status/task-33025497772ff22639c920562686525d44992313cf624ad8485dcdc1939a93b1 timeout=15s body=
[2026-07-11T21:38:23] RESPONSE GET /api/v1/ppt/presentation/status/task-33025497772ff22639c920562686525d44992313cf624ad8485dcdc1939a93b1 status=200 elapsed=0.021s body={"error":null,"status":"processing","message":"Generating slides","created_at":"2026-07-11T19:34:56.139213","updated_at":"2026-07-11T19:37:02.541187","type":"presentation.generate","id":"task-33025497772ff22639c920562686525d44992313cf624ad8485dcdc1939a93b1","data":{"created_slides":0,"remaining_slides":2}}
[2026-07-11T21:38:23] POLL task=task-33025497772ff22639c920562686525d44992313cf624ad8485dcdc1939a93b1 idx=103 status=processing
[2026-07-11T21:38:25] REQUEST GET /api/v1/ppt/presentation/status/task-33025497772ff22639c920562686525d44992313cf624ad8485dcdc1939a93b1 timeout=15s body=
[2026-07-11T21:38:25] RESPONSE GET /api/v1/ppt/presentation/status/task-33025497772ff22639c920562686525d44992313cf624ad8485dcdc1939a93b1 status=200 elapsed=0.007s body={"error":null,"status":"processing","message":"Generating slides","created_at":"2026-07-11T19:34:56.139213","updated_at":"2026-07-11T19:37:02.541187","type":"presentation.generate","id":"task-33025497772ff22639c920562686525d44992313cf624ad8485dcdc1939a93b1","data":{"created_slides":0,"remaining_slides":2}}
[2026-07-11T21:38:25] POLL task=task-33025497772ff22639c920562686525d44992313cf624ad8485dcdc1939a93b1 idx=104 status=processing
[2026-07-11T21:38:27] REQUEST GET /api/v1/ppt/presentation/status/task-33025497772ff22639c920562686525d44992313cf624ad8485dcdc1939a93b1 timeout=15s body=
[2026-07-11T21:38:27] RESPONSE GET /api/v1/ppt/presentation/status/task-33025497772ff22639c920562686525d44992313cf624ad8485dcdc1939a93b1 status=200 elapsed=0.017s body={"error":null,"status":"processing","message":"Generating slides","created_at":"2026-07-11T19:34:56.139213","updated_at":"2026-07-11T19:37:02.541187","type":"presentation.generate","id":"task-33025497772ff22639c920562686525d44992313cf624ad8485dcdc1939a93b1","data":{"created_slides":0,"remaining_slides":2}}
[2026-07-11T21:38:27] POLL task=task-33025497772ff22639c920562686525d44992313cf624ad8485dcdc1939a93b1 idx=105 status=processing
[2026-07-11T21:38:29] REQUEST GET /api/v1/ppt/presentation/status/task-33025497772ff22639c920562686525d44992313cf624ad8485dcdc1939a93b1 timeout=15s body=
[2026-07-11T21:38:30] RESPONSE GET /api/v1/ppt/presentation/status/task-33025497772ff22639c920562686525d44992313cf624ad8485dcdc1939a93b1 status=200 elapsed=0.042s body={"error":null,"status":"processing","message":"Generating slides","created_at":"2026-07-11T19:34:56.139213","updated_at":"2026-07-11T19:37:02.541187","type":"presentation.generate","id":"task-33025497772ff22639c920562686525d44992313cf624ad8485dcdc1939a93b1","data":{"created_slides":0,"remaining_slides":2}}
[2026-07-11T21:38:30] POLL task=task-33025497772ff22639c920562686525d44992313cf624ad8485dcdc1939a93b1 idx=106 status=processing
[2026-07-11T21:38:32] REQUEST GET /api/v1/ppt/presentation/status/task-33025497772ff22639c920562686525d44992313cf624ad8485dcdc1939a93b1 timeout=15s body=
[2026-07-11T21:38:32] RESPONSE GET /api/v1/ppt/presentation/status/task-33025497772ff22639c920562686525d44992313cf624ad8485dcdc1939a93b1 status=200 elapsed=0.022s body={"error":null,"status":"processing","message":"Generating slides","created_at":"2026-07-11T19:34:56.139213","updated_at":"2026-07-11T19:37:02.541187","type":"presentation.generate","id":"task-33025497772ff22639c920562686525d44992313cf624ad8485dcdc1939a93b1","data":{"created_slides":0,"remaining_slides":2}}
[2026-07-11T21:38:32] POLL task=task-33025497772ff22639c920562686525d44992313cf624ad8485dcdc1939a93b1 idx=107 status=processing
[2026-07-11T21:38:34] REQUEST GET /api/v1/ppt/presentation/status/task-33025497772ff22639c920562686525d44992313cf624ad8485dcdc1939a93b1 timeout=15s body=
[2026-07-11T21:38:34] RESPONSE GET /api/v1/ppt/presentation/status/task-33025497772ff22639c920562686525d44992313cf624ad8485dcdc1939a93b1 status=200 elapsed=0.015s body={"error":null,"status":"processing","message":"Generating slides","created_at":"2026-07-11T19:34:56.139213","updated_at":"2026-07-11T19:37:02.541187","type":"presentation.generate","id":"task-33025497772ff22639c920562686525d44992313cf624ad8485dcdc1939a93b1","data":{"created_slides":0,"remaining_slides":2}}
[2026-07-11T21:38:34] POLL task=task-33025497772ff22639c920562686525d44992313cf624ad8485dcdc1939a93b1 idx=108 status=processing
[2026-07-11T21:38:36] REQUEST GET /api/v1/ppt/presentation/status/task-33025497772ff22639c920562686525d44992313cf624ad8485dcdc1939a93b1 timeout=15s body=
[2026-07-11T21:38:36] RESPONSE GET /api/v1/ppt/presentation/status/task-33025497772ff22639c920562686525d44992313cf624ad8485dcdc1939a93b1 status=200 elapsed=0.015s body={"error":null,"status":"processing","message":"Generating slides","created_at":"2026-07-11T19:34:56.139213","updated_at":"2026-07-11T19:37:02.541187","type":"presentation.generate","id":"task-33025497772ff22639c920562686525d44992313cf624ad8485dcdc1939a93b1","data":{"created_slides":0,"remaining_slides":2}}
[2026-07-11T21:38:36] POLL task=task-33025497772ff22639c920562686525d44992313cf624ad8485dcdc1939a93b1 idx=109 status=processing
[2026-07-11T21:38:38] REQUEST GET /api/v1/ppt/presentation/status/task-33025497772ff22639c920562686525d44992313cf624ad8485dcdc1939a93b1 timeout=15s body=
[2026-07-11T21:38:38] RESPONSE GET /api/v1/ppt/presentation/status/task-33025497772ff22639c920562686525d44992313cf624ad8485dcdc1939a93b1 status=200 elapsed=0.045s body={"error":null,"status":"processing","message":"Fetching assets for slides","created_at":"2026-07-11T19:34:56.139213","updated_at":"2026-07-11T19:38:37.085574","type":"presentation.generate","id":"task-33025497772ff22639c920562686525d44992313cf624ad8485dcdc1939a93b1","data":{"created_slides":2,"remaining_slides":0}}
[2026-07-11T21:38:38] POLL task=task-33025497772ff22639c920562686525d44992313cf624ad8485dcdc1939a93b1 idx=110 status=processing
[2026-07-11T21:38:40] REQUEST GET /api/v1/ppt/presentation/status/task-33025497772ff22639c920562686525d44992313cf624ad8485dcdc1939a93b1 timeout=15s body=
[2026-07-11T21:38:40] RESPONSE GET /api/v1/ppt/presentation/status/task-33025497772ff22639c920562686525d44992313cf624ad8485dcdc1939a93b1 status=200 elapsed=0.154s body={"error":null,"status":"processing","message":"Fetching assets for slides","created_at":"2026-07-11T19:34:56.139213","updated_at":"2026-07-11T19:38:37.085574","type":"presentation.generate","id":"task-33025497772ff22639c920562686525d44992313cf624ad8485dcdc1939a93b1","data":{"created_slides":2,"remaining_slides":0}}
[2026-07-11T21:38:40] POLL task=task-33025497772ff22639c920562686525d44992313cf624ad8485dcdc1939a93b1 idx=111 status=processing
[2026-07-11T21:38:42] REQUEST GET /api/v1/ppt/presentation/status/task-33025497772ff22639c920562686525d44992313cf624ad8485dcdc1939a93b1 timeout=15s body=
[2026-07-11T21:38:42] RESPONSE GET /api/v1/ppt/presentation/status/task-33025497772ff22639c920562686525d44992313cf624ad8485dcdc1939a93b1 status=200 elapsed=0.057s body={"error":null,"status":"processing","message":"Fetching assets for slides","created_at":"2026-07-11T19:34:56.139213","updated_at":"2026-07-11T19:38:37.085574","type":"presentation.generate","id":"task-33025497772ff22639c920562686525d44992313cf624ad8485dcdc1939a93b1","data":{"created_slides":2,"remaining_slides":0}}
[2026-07-11T21:38:42] POLL task=task-33025497772ff22639c920562686525d44992313cf624ad8485dcdc1939a93b1 idx=112 status=processing
[2026-07-11T21:38:44] REQUEST GET /api/v1/ppt/presentation/status/task-33025497772ff22639c920562686525d44992313cf624ad8485dcdc1939a93b1 timeout=15s body=
[2026-07-11T21:38:44] RESPONSE GET /api/v1/ppt/presentation/status/task-33025497772ff22639c920562686525d44992313cf624ad8485dcdc1939a93b1 status=200 elapsed=0.074s body={"error":null,"status":"processing","message":"Fetching assets for slides","created_at":"2026-07-11T19:34:56.139213","updated_at":"2026-07-11T19:38:37.085574","type":"presentation.generate","id":"task-33025497772ff22639c920562686525d44992313cf624ad8485dcdc1939a93b1","data":{"created_slides":2,"remaining_slides":0}}
[2026-07-11T21:38:44] POLL task=task-33025497772ff22639c920562686525d44992313cf624ad8485dcdc1939a93b1 idx=113 status=processing
[2026-07-11T21:38:46] REQUEST GET /api/v1/ppt/presentation/status/task-33025497772ff22639c920562686525d44992313cf624ad8485dcdc1939a93b1 timeout=15s body=
[2026-07-11T21:38:46] RESPONSE GET /api/v1/ppt/presentation/status/task-33025497772ff22639c920562686525d44992313cf624ad8485dcdc1939a93b1 status=200 elapsed=0.056s body={"error":null,"status":"processing","message":"Fetching assets for slides","created_at":"2026-07-11T19:34:56.139213","updated_at":"2026-07-11T19:38:37.085574","type":"presentation.generate","id":"task-33025497772ff22639c920562686525d44992313cf624ad8485dcdc1939a93b1","data":{"created_slides":2,"remaining_slides":0}}
[2026-07-11T21:38:46] POLL task=task-33025497772ff22639c920562686525d44992313cf624ad8485dcdc1939a93b1 idx=114 status=processing
[2026-07-11T21:38:48] REQUEST GET /api/v1/ppt/presentation/status/task-33025497772ff22639c920562686525d44992313cf624ad8485dcdc1939a93b1 timeout=15s body=
[2026-07-11T21:38:48] RESPONSE GET /api/v1/ppt/presentation/status/task-33025497772ff22639c920562686525d44992313cf624ad8485dcdc1939a93b1 status=200 elapsed=0.044s body={"error":null,"status":"processing","message":"Fetching assets for slides","created_at":"2026-07-11T19:34:56.139213","updated_at":"2026-07-11T19:38:37.085574","type":"presentation.generate","id":"task-33025497772ff22639c920562686525d44992313cf624ad8485dcdc1939a93b1","data":{"created_slides":2,"remaining_slides":0}}
[2026-07-11T21:38:48] POLL task=task-33025497772ff22639c920562686525d44992313cf624ad8485dcdc1939a93b1 idx=115 status=processing
[2026-07-11T21:38:50] REQUEST GET /api/v1/ppt/presentation/status/task-33025497772ff22639c920562686525d44992313cf624ad8485dcdc1939a93b1 timeout=15s body=
[2026-07-11T21:38:50] RESPONSE GET /api/v1/ppt/presentation/status/task-33025497772ff22639c920562686525d44992313cf624ad8485dcdc1939a93b1 status=200 elapsed=0.031s body={"error":null,"status":"completed","message":"Presentation generation completed","created_at":"2026-07-11T19:34:56.139213","updated_at":"2026-07-11T19:38:50.253970","type":"presentation.generate","id":"task-33025497772ff22639c920562686525d44992313cf624ad8485dcdc1939a93b1","data":{"created_slides":2,"remaining_slides":0,"path":"/app_data/exports/Hello-from-direct-Presenton-API-probe-Presenter-Presenter-Name-Date-2026-07-11-Overview-Thi_411905ef-247e-4c2c-84c3-674d88b93f1d.pptx"}}
[2026-07-11T21:38:50] POLL task=task-33025497772ff22639c920562686525d44992313cf624ad8485dcdc1939a93b1 idx=116 status=completed
[2026-07-11T21:38:50] REQUEST GET /app_data/exports/Hello-from-direct-Presenton-API-probe-Presenter-Presenter-Name-Date-2026-07-11-Overview-Thi_411905ef-247e-4c2c-84c3-674d88b93f1d.pptx timeout=120s body=
[2026-07-11T21:38:50] RESPONSE GET /app_data/exports/Hello-from-direct-Presenton-API-probe-Presenter-Presenter-Name-Date-2026-07-11-Overview-Thi_411905ef-247e-4c2c-84c3-674d88b93f1d.pptx status=200 elapsed=0.011s body=
[2026-07-11T21:38:50] EXPORT saved=output/presenton-direct-probe-20260711-213850.pptx size=405975
[2026-07-11T21:38:50] RESULT {"status": "success", "base_url": "http://127.0.0.1:5001", "presentation_id": "db00b231-ed33-464e-9742-0e4f2fa5dc56", "task_id": "task-33025497772ff22639c920562686525d44992313cf624ad8485dcdc1939a93b1", "export_source": "/app_data/exports/Hello-from-direct-Presenton-API-probe-Presenter-Presenter-Name-Date-2026-07-11-Overview-Thi_411905ef-247e-4c2c-84c3-674d88b93f1d.pptx", "export_file": "output/presenton-direct-probe-20260711-213850.pptx", "elapsed_seconds": 349.744, "log_file": "output/presenton_direct_probe_20260711-213300.log"}
