[2026-07-11T13:49:14] REQUEST POST /api/v1/auth/login timeout=180s body={"username": "jaempilang@gmail.com", "password": "FuckA19*"}
[2026-07-11T13:49:14] RESPONSE POST /api/v1/auth/login status=200 elapsed=0.058s body={"configured":true,"authenticated":true,"username":"jaempilang@gmail.com","access_token":"eyJ2IjoxLCJ1IjoiamFlbXBpbGFuZ0BnbWFpbC5jb20iLCJpYXQiOjE3ODM3NzA1NTQsImV4cCI6MTc4NjM2MjU1NH0.H-GZR7wybGudq_66hLATpkvz5nBM7qhz_PTjqI3P7aw","token_type":"bearer"}
[2026-07-11T13:49:14] AUTH token acquired
[2026-07-11T13:49:14] REQUEST POST /api/v1/ppt/presentation/create timeout=180s body={"title": "Direct Presenton Probe", "content": "Slide 1: Hello from direct Presenton API probe. Slide 2: This run validates Create -> Prepare -> Generate -> Export.", "language": "English", "template": "general", "template_name": "general"}
[2026-07-11T13:49:14] RESPONSE POST /api/v1/ppt/presentation/create status=200 elapsed=0.01s body={"id":"84294a81-6c89-44fe-a9cd-4f40019fcb12","version":"v2-standard","content":"Slide 1: Hello from direct Presenton API probe. Slide 2: This run validates Create -> Prepare -> Generate -> Export.","n_slides":0,"language":"English","file_paths":null,"instructions":null,"tone":"default","verbosity":"standard","include_table_of_contents":false,"include_title_slide":true,"web_search":false,"title":null,"outlines":null,"layout":null,"structure":null,"theme":null,"fonts":null,"created_at":"2026-07-11T11:49:14.300952Z","updated_at":"2026-07-11T11:49:14.300957Z"}
[2026-07-11T13:49:14] REQUEST POST /api/v1/ppt/presentation/prepare timeout=180s body={"presentation_id": "84294a81-6c89-44fe-a9cd-4f40019fcb12", "outlines": [{"title": "Probe Overview", "content": "Direct API path verification"}, {"title": "Probe Result", "content": "Create Prepare Generate Export evidence"}], "layout": {"name": "general", "slides": [{"id": "slide-1", "title": "Executive Summary", "subtitle": "Summary", "content": [], "json_schema": {"type": "object", "properties": {}}}], "theme": "default", "icon_weight": "bold", "include_title_slide": true, "include_table_of_contents": false}}
[2026-07-11T13:50:41] RESPONSE POST /api/v1/ppt/presentation/prepare status=200 elapsed=87.323s body={"n_slides":0,"content":"Slide 1: Hello from direct Presenton API probe. Slide 2: This run validates Create -> Prepare -> Generate -> Export.","outlines":{"slides":[{"content":"Direct API path verification"},{"content":"Create Prepare Generate Export evidence"}]},"verbosity":"standard","language":"","created_at":"2026-07-11T11:49:14.300952","include_table_of_contents":false,"title":null,"updated_at":"2026-07-11T11:50:33.474740Z","include_title_slide":true,"file_paths":null,"web_search":false,"theme":null,"id":"84294a81-6c89-44fe-a9cd-4f40019fcb12","layout":{"name":"general","ordered":false,"ic
[2026-07-11T13:50:41] REQUEST POST /api/v1/ppt/presentation/generate/async timeout=180s body={"content": "Slide 1: Hello from direct Presenton API probe. Slide 2: This run validates Create -> Prepare -> Generate -> Export.", "n_slides": 2, "language": "English", "template": "general", "instructions": "Keep slides concise.", "export_as": "pptx", "include_title_slide": true, "include_table_of_contents": false, "web_search": false, "tone": "default", "verbosity": "standard", "presentation_id": "84294a81-6c89-44fe-a9cd-4f40019fcb12"}
[2026-07-11T13:50:41] RESPONSE POST /api/v1/ppt/presentation/generate/async status=200 elapsed=0.18s body={"type":"presentation.generate","id":"task-f8ff85f89b3d58613b9abd7d09018b546f955570596f2834ae563ab7465cfa2b","data":{"created_slides":0,"remaining_slides":2},"message":"Queued for generation","error":null,"status":"pending","created_at":"2026-07-11T11:50:41.675824","updated_at":"2026-07-11T11:50:41.675830"}
[2026-07-11T13:50:41] REQUEST GET /api/v1/ppt/presentation/status/task-f8ff85f89b3d58613b9abd7d09018b546f955570596f2834ae563ab7465cfa2b timeout=15s body=
[2026-07-11T13:50:41] RESPONSE GET /api/v1/ppt/presentation/status/task-f8ff85f89b3d58613b9abd7d09018b546f955570596f2834ae563ab7465cfa2b status=200 elapsed=0.064s body={"type":"presentation.generate","id":"task-f8ff85f89b3d58613b9abd7d09018b546f955570596f2834ae563ab7465cfa2b","data":{"created_slides":0,"remaining_slides":2},"message":"Queued for generation","error":null,"status":"pending","created_at":"2026-07-11T11:50:41.675824","updated_at":"2026-07-11T11:50:41.675830"}
[2026-07-11T13:50:41] POLL task=task-f8ff85f89b3d58613b9abd7d09018b546f955570596f2834ae563ab7465cfa2b idx=1 status=pending
[2026-07-11T13:50:43] REQUEST GET /api/v1/ppt/presentation/status/task-f8ff85f89b3d58613b9abd7d09018b546f955570596f2834ae563ab7465cfa2b timeout=15s body=
[2026-07-11T13:50:43] RESPONSE GET /api/v1/ppt/presentation/status/task-f8ff85f89b3d58613b9abd7d09018b546f955570596f2834ae563ab7465cfa2b status=200 elapsed=0.064s body={"type":"presentation.generate","id":"task-f8ff85f89b3d58613b9abd7d09018b546f955570596f2834ae563ab7465cfa2b","data":{"created_slides":0,"remaining_slides":2},"message":"Generating presentation outlines","error":null,"status":"processing","created_at":"2026-07-11T11:50:41.675824","updated_at":"2026-07-11T11:50:41.873301"}
[2026-07-11T13:50:43] POLL task=task-f8ff85f89b3d58613b9abd7d09018b546f955570596f2834ae563ab7465cfa2b idx=2 status=processing
[2026-07-11T13:50:45] REQUEST GET /api/v1/ppt/presentation/status/task-f8ff85f89b3d58613b9abd7d09018b546f955570596f2834ae563ab7465cfa2b timeout=15s body=
[2026-07-11T13:50:45] RESPONSE GET /api/v1/ppt/presentation/status/task-f8ff85f89b3d58613b9abd7d09018b546f955570596f2834ae563ab7465cfa2b status=200 elapsed=0.025s body={"type":"presentation.generate","id":"task-f8ff85f89b3d58613b9abd7d09018b546f955570596f2834ae563ab7465cfa2b","data":{"created_slides":0,"remaining_slides":2},"message":"Generating presentation outlines","error":null,"status":"processing","created_at":"2026-07-11T11:50:41.675824","updated_at":"2026-07-11T11:50:41.873301"}
[2026-07-11T13:50:45] POLL task=task-f8ff85f89b3d58613b9abd7d09018b546f955570596f2834ae563ab7465cfa2b idx=3 status=processing
[2026-07-11T13:50:47] REQUEST GET /api/v1/ppt/presentation/status/task-f8ff85f89b3d58613b9abd7d09018b546f955570596f2834ae563ab7465cfa2b timeout=15s body=
[2026-07-11T13:50:47] RESPONSE GET /api/v1/ppt/presentation/status/task-f8ff85f89b3d58613b9abd7d09018b546f955570596f2834ae563ab7465cfa2b status=200 elapsed=0.017s body={"type":"presentation.generate","id":"task-f8ff85f89b3d58613b9abd7d09018b546f955570596f2834ae563ab7465cfa2b","data":{"created_slides":0,"remaining_slides":2},"message":"Generating presentation outlines","error":null,"status":"processing","created_at":"2026-07-11T11:50:41.675824","updated_at":"2026-07-11T11:50:41.873301"}
[2026-07-11T13:50:47] POLL task=task-f8ff85f89b3d58613b9abd7d09018b546f955570596f2834ae563ab7465cfa2b idx=4 status=processing
[2026-07-11T13:50:50] REQUEST GET /api/v1/ppt/presentation/status/task-f8ff85f89b3d58613b9abd7d09018b546f955570596f2834ae563ab7465cfa2b timeout=15s body=
[2026-07-11T13:50:50] RESPONSE GET /api/v1/ppt/presentation/status/task-f8ff85f89b3d58613b9abd7d09018b546f955570596f2834ae563ab7465cfa2b status=200 elapsed=0.02s body={"type":"presentation.generate","id":"task-f8ff85f89b3d58613b9abd7d09018b546f955570596f2834ae563ab7465cfa2b","data":{"created_slides":0,"remaining_slides":2},"message":"Generating presentation outlines","error":null,"status":"processing","created_at":"2026-07-11T11:50:41.675824","updated_at":"2026-07-11T11:50:41.873301"}
[2026-07-11T13:50:50] POLL task=task-f8ff85f89b3d58613b9abd7d09018b546f955570596f2834ae563ab7465cfa2b idx=5 status=processing
[2026-07-11T13:50:52] REQUEST GET /api/v1/ppt/presentation/status/task-f8ff85f89b3d58613b9abd7d09018b546f955570596f2834ae563ab7465cfa2b timeout=15s body=
[2026-07-11T13:50:52] RESPONSE GET /api/v1/ppt/presentation/status/task-f8ff85f89b3d58613b9abd7d09018b546f955570596f2834ae563ab7465cfa2b status=200 elapsed=0.018s body={"type":"presentation.generate","id":"task-f8ff85f89b3d58613b9abd7d09018b546f955570596f2834ae563ab7465cfa2b","data":{"created_slides":0,"remaining_slides":2},"message":"Generating presentation outlines","error":null,"status":"processing","created_at":"2026-07-11T11:50:41.675824","updated_at":"2026-07-11T11:50:41.873301"}
[2026-07-11T13:50:52] POLL task=task-f8ff85f89b3d58613b9abd7d09018b546f955570596f2834ae563ab7465cfa2b idx=6 status=processing
[2026-07-11T13:50:54] REQUEST GET /api/v1/ppt/presentation/status/task-f8ff85f89b3d58613b9abd7d09018b546f955570596f2834ae563ab7465cfa2b timeout=15s body=
[2026-07-11T13:50:54] RESPONSE GET /api/v1/ppt/presentation/status/task-f8ff85f89b3d58613b9abd7d09018b546f955570596f2834ae563ab7465cfa2b status=200 elapsed=0.027s body={"type":"presentation.generate","id":"task-f8ff85f89b3d58613b9abd7d09018b546f955570596f2834ae563ab7465cfa2b","data":{"created_slides":0,"remaining_slides":2},"message":"Generating presentation outlines","error":null,"status":"processing","created_at":"2026-07-11T11:50:41.675824","updated_at":"2026-07-11T11:50:41.873301"}
[2026-07-11T13:50:54] POLL task=task-f8ff85f89b3d58613b9abd7d09018b546f955570596f2834ae563ab7465cfa2b idx=7 status=processing
[2026-07-11T13:50:56] REQUEST GET /api/v1/ppt/presentation/status/task-f8ff85f89b3d58613b9abd7d09018b546f955570596f2834ae563ab7465cfa2b timeout=15s body=
[2026-07-11T13:50:56] RESPONSE GET /api/v1/ppt/presentation/status/task-f8ff85f89b3d58613b9abd7d09018b546f955570596f2834ae563ab7465cfa2b status=200 elapsed=0.02s body={"type":"presentation.generate","id":"task-f8ff85f89b3d58613b9abd7d09018b546f955570596f2834ae563ab7465cfa2b","data":{"created_slides":0,"remaining_slides":2},"message":"Generating presentation outlines","error":null,"status":"processing","created_at":"2026-07-11T11:50:41.675824","updated_at":"2026-07-11T11:50:41.873301"}
[2026-07-11T13:50:56] POLL task=task-f8ff85f89b3d58613b9abd7d09018b546f955570596f2834ae563ab7465cfa2b idx=8 status=processing
[2026-07-11T13:50:58] REQUEST GET /api/v1/ppt/presentation/status/task-f8ff85f89b3d58613b9abd7d09018b546f955570596f2834ae563ab7465cfa2b timeout=15s body=
[2026-07-11T13:50:58] RESPONSE GET /api/v1/ppt/presentation/status/task-f8ff85f89b3d58613b9abd7d09018b546f955570596f2834ae563ab7465cfa2b status=200 elapsed=0.017s body={"type":"presentation.generate","id":"task-f8ff85f89b3d58613b9abd7d09018b546f955570596f2834ae563ab7465cfa2b","data":{"created_slides":0,"remaining_slides":2},"message":"Generating presentation outlines","error":null,"status":"processing","created_at":"2026-07-11T11:50:41.675824","updated_at":"2026-07-11T11:50:41.873301"}
[2026-07-11T13:50:58] POLL task=task-f8ff85f89b3d58613b9abd7d09018b546f955570596f2834ae563ab7465cfa2b idx=9 status=processing
[2026-07-11T13:51:00] REQUEST GET /api/v1/ppt/presentation/status/task-f8ff85f89b3d58613b9abd7d09018b546f955570596f2834ae563ab7465cfa2b timeout=15s body=
[2026-07-11T13:51:00] RESPONSE GET /api/v1/ppt/presentation/status/task-f8ff85f89b3d58613b9abd7d09018b546f955570596f2834ae563ab7465cfa2b status=200 elapsed=0.02s body={"type":"presentation.generate","id":"task-f8ff85f89b3d58613b9abd7d09018b546f955570596f2834ae563ab7465cfa2b","data":{"created_slides":0,"remaining_slides":2},"message":"Generating presentation outlines","error":null,"status":"processing","created_at":"2026-07-11T11:50:41.675824","updated_at":"2026-07-11T11:50:41.873301"}
[2026-07-11T13:51:00] POLL task=task-f8ff85f89b3d58613b9abd7d09018b546f955570596f2834ae563ab7465cfa2b idx=10 status=processing
[2026-07-11T13:51:02] REQUEST GET /api/v1/ppt/presentation/status/task-f8ff85f89b3d58613b9abd7d09018b546f955570596f2834ae563ab7465cfa2b timeout=15s body=
[2026-07-11T13:51:02] RESPONSE GET /api/v1/ppt/presentation/status/task-f8ff85f89b3d58613b9abd7d09018b546f955570596f2834ae563ab7465cfa2b status=200 elapsed=0.014s body={"type":"presentation.generate","id":"task-f8ff85f89b3d58613b9abd7d09018b546f955570596f2834ae563ab7465cfa2b","data":{"created_slides":0,"remaining_slides":2},"message":"Generating presentation outlines","error":null,"status":"processing","created_at":"2026-07-11T11:50:41.675824","updated_at":"2026-07-11T11:50:41.873301"}
[2026-07-11T13:51:02] POLL task=task-f8ff85f89b3d58613b9abd7d09018b546f955570596f2834ae563ab7465cfa2b idx=11 status=processing
[2026-07-11T13:51:04] REQUEST GET /api/v1/ppt/presentation/status/task-f8ff85f89b3d58613b9abd7d09018b546f955570596f2834ae563ab7465cfa2b timeout=15s body=
[2026-07-11T13:51:04] RESPONSE GET /api/v1/ppt/presentation/status/task-f8ff85f89b3d58613b9abd7d09018b546f955570596f2834ae563ab7465cfa2b status=200 elapsed=0.017s body={"type":"presentation.generate","id":"task-f8ff85f89b3d58613b9abd7d09018b546f955570596f2834ae563ab7465cfa2b","data":{"created_slides":0,"remaining_slides":2},"message":"Generating presentation outlines","error":null,"status":"processing","created_at":"2026-07-11T11:50:41.675824","updated_at":"2026-07-11T11:50:41.873301"}
[2026-07-11T13:51:04] POLL task=task-f8ff85f89b3d58613b9abd7d09018b546f955570596f2834ae563ab7465cfa2b idx=12 status=processing
[2026-07-11T13:51:06] REQUEST GET /api/v1/ppt/presentation/status/task-f8ff85f89b3d58613b9abd7d09018b546f955570596f2834ae563ab7465cfa2b timeout=15s body=
[2026-07-11T13:51:06] RESPONSE GET /api/v1/ppt/presentation/status/task-f8ff85f89b3d58613b9abd7d09018b546f955570596f2834ae563ab7465cfa2b status=200 elapsed=0.02s body={"type":"presentation.generate","id":"task-f8ff85f89b3d58613b9abd7d09018b546f955570596f2834ae563ab7465cfa2b","data":{"created_slides":0,"remaining_slides":2},"message":"Generating presentation outlines","error":null,"status":"processing","created_at":"2026-07-11T11:50:41.675824","updated_at":"2026-07-11T11:50:41.873301"}
[2026-07-11T13:51:06] POLL task=task-f8ff85f89b3d58613b9abd7d09018b546f955570596f2834ae563ab7465cfa2b idx=13 status=processing
[2026-07-11T13:51:08] REQUEST GET /api/v1/ppt/presentation/status/task-f8ff85f89b3d58613b9abd7d09018b546f955570596f2834ae563ab7465cfa2b timeout=15s body=
[2026-07-11T13:51:08] RESPONSE GET /api/v1/ppt/presentation/status/task-f8ff85f89b3d58613b9abd7d09018b546f955570596f2834ae563ab7465cfa2b status=200 elapsed=0.018s body={"type":"presentation.generate","id":"task-f8ff85f89b3d58613b9abd7d09018b546f955570596f2834ae563ab7465cfa2b","data":{"created_slides":0,"remaining_slides":2},"message":"Generating presentation outlines","error":null,"status":"processing","created_at":"2026-07-11T11:50:41.675824","updated_at":"2026-07-11T11:50:41.873301"}
[2026-07-11T13:51:08] POLL task=task-f8ff85f89b3d58613b9abd7d09018b546f955570596f2834ae563ab7465cfa2b idx=14 status=processing
[2026-07-11T13:51:10] REQUEST GET /api/v1/ppt/presentation/status/task-f8ff85f89b3d58613b9abd7d09018b546f955570596f2834ae563ab7465cfa2b timeout=15s body=
[2026-07-11T13:51:10] RESPONSE GET /api/v1/ppt/presentation/status/task-f8ff85f89b3d58613b9abd7d09018b546f955570596f2834ae563ab7465cfa2b status=200 elapsed=0.018s body={"type":"presentation.generate","id":"task-f8ff85f89b3d58613b9abd7d09018b546f955570596f2834ae563ab7465cfa2b","data":{"created_slides":0,"remaining_slides":2},"message":"Generating presentation outlines","error":null,"status":"processing","created_at":"2026-07-11T11:50:41.675824","updated_at":"2026-07-11T11:50:41.873301"}
[2026-07-11T13:51:10] POLL task=task-f8ff85f89b3d58613b9abd7d09018b546f955570596f2834ae563ab7465cfa2b idx=15 status=processing
[2026-07-11T13:51:12] REQUEST GET /api/v1/ppt/presentation/status/task-f8ff85f89b3d58613b9abd7d09018b546f955570596f2834ae563ab7465cfa2b timeout=15s body=
[2026-07-11T13:51:12] RESPONSE GET /api/v1/ppt/presentation/status/task-f8ff85f89b3d58613b9abd7d09018b546f955570596f2834ae563ab7465cfa2b status=200 elapsed=0.018s body={"type":"presentation.generate","id":"task-f8ff85f89b3d58613b9abd7d09018b546f955570596f2834ae563ab7465cfa2b","data":{"created_slides":0,"remaining_slides":2},"message":"Generating presentation outlines","error":null,"status":"processing","created_at":"2026-07-11T11:50:41.675824","updated_at":"2026-07-11T11:50:41.873301"}
[2026-07-11T13:51:12] POLL task=task-f8ff85f89b3d58613b9abd7d09018b546f955570596f2834ae563ab7465cfa2b idx=16 status=processing
[2026-07-11T13:51:14] REQUEST GET /api/v1/ppt/presentation/status/task-f8ff85f89b3d58613b9abd7d09018b546f955570596f2834ae563ab7465cfa2b timeout=15s body=
[2026-07-11T13:51:14] RESPONSE GET /api/v1/ppt/presentation/status/task-f8ff85f89b3d58613b9abd7d09018b546f955570596f2834ae563ab7465cfa2b status=200 elapsed=0.032s body={"type":"presentation.generate","id":"task-f8ff85f89b3d58613b9abd7d09018b546f955570596f2834ae563ab7465cfa2b","data":{"created_slides":0,"remaining_slides":2},"message":"Generating presentation outlines","error":null,"status":"processing","created_at":"2026-07-11T11:50:41.675824","updated_at":"2026-07-11T11:50:41.873301"}
[2026-07-11T13:51:14] POLL task=task-f8ff85f89b3d58613b9abd7d09018b546f955570596f2834ae563ab7465cfa2b idx=17 status=processing
[2026-07-11T13:51:16] REQUEST GET /api/v1/ppt/presentation/status/task-f8ff85f89b3d58613b9abd7d09018b546f955570596f2834ae563ab7465cfa2b timeout=15s body=
[2026-07-11T13:51:16] RESPONSE GET /api/v1/ppt/presentation/status/task-f8ff85f89b3d58613b9abd7d09018b546f955570596f2834ae563ab7465cfa2b status=200 elapsed=0.021s body={"type":"presentation.generate","id":"task-f8ff85f89b3d58613b9abd7d09018b546f955570596f2834ae563ab7465cfa2b","data":{"created_slides":0,"remaining_slides":2},"message":"Generating presentation outlines","error":null,"status":"processing","created_at":"2026-07-11T11:50:41.675824","updated_at":"2026-07-11T11:50:41.873301"}
[2026-07-11T13:51:16] POLL task=task-f8ff85f89b3d58613b9abd7d09018b546f955570596f2834ae563ab7465cfa2b idx=18 status=processing
[2026-07-11T13:51:18] REQUEST GET /api/v1/ppt/presentation/status/task-f8ff85f89b3d58613b9abd7d09018b546f955570596f2834ae563ab7465cfa2b timeout=15s body=
[2026-07-11T13:51:18] RESPONSE GET /api/v1/ppt/presentation/status/task-f8ff85f89b3d58613b9abd7d09018b546f955570596f2834ae563ab7465cfa2b status=200 elapsed=0.016s body={"type":"presentation.generate","id":"task-f8ff85f89b3d58613b9abd7d09018b546f955570596f2834ae563ab7465cfa2b","data":{"created_slides":0,"remaining_slides":2},"message":"Generating presentation outlines","error":null,"status":"processing","created_at":"2026-07-11T11:50:41.675824","updated_at":"2026-07-11T11:50:41.873301"}
[2026-07-11T13:51:18] POLL task=task-f8ff85f89b3d58613b9abd7d09018b546f955570596f2834ae563ab7465cfa2b idx=19 status=processing
[2026-07-11T13:51:20] REQUEST GET /api/v1/ppt/presentation/status/task-f8ff85f89b3d58613b9abd7d09018b546f955570596f2834ae563ab7465cfa2b timeout=15s body=
[2026-07-11T13:51:20] RESPONSE GET /api/v1/ppt/presentation/status/task-f8ff85f89b3d58613b9abd7d09018b546f955570596f2834ae563ab7465cfa2b status=200 elapsed=0.017s body={"type":"presentation.generate","id":"task-f8ff85f89b3d58613b9abd7d09018b546f955570596f2834ae563ab7465cfa2b","data":{"created_slides":0,"remaining_slides":2},"message":"Generating presentation outlines","error":null,"status":"processing","created_at":"2026-07-11T11:50:41.675824","updated_at":"2026-07-11T11:50:41.873301"}
[2026-07-11T13:51:20] POLL task=task-f8ff85f89b3d58613b9abd7d09018b546f955570596f2834ae563ab7465cfa2b idx=20 status=processing
[2026-07-11T13:51:22] REQUEST GET /api/v1/ppt/presentation/status/task-f8ff85f89b3d58613b9abd7d09018b546f955570596f2834ae563ab7465cfa2b timeout=15s body=
[2026-07-11T13:51:22] RESPONSE GET /api/v1/ppt/presentation/status/task-f8ff85f89b3d58613b9abd7d09018b546f955570596f2834ae563ab7465cfa2b status=200 elapsed=0.015s body={"type":"presentation.generate","id":"task-f8ff85f89b3d58613b9abd7d09018b546f955570596f2834ae563ab7465cfa2b","data":{"created_slides":0,"remaining_slides":2},"message":"Generating presentation outlines","error":null,"status":"processing","created_at":"2026-07-11T11:50:41.675824","updated_at":"2026-07-11T11:50:41.873301"}
[2026-07-11T13:51:22] POLL task=task-f8ff85f89b3d58613b9abd7d09018b546f955570596f2834ae563ab7465cfa2b idx=21 status=processing
[2026-07-11T13:51:24] REQUEST GET /api/v1/ppt/presentation/status/task-f8ff85f89b3d58613b9abd7d09018b546f955570596f2834ae563ab7465cfa2b timeout=15s body=
[2026-07-11T13:51:24] RESPONSE GET /api/v1/ppt/presentation/status/task-f8ff85f89b3d58613b9abd7d09018b546f955570596f2834ae563ab7465cfa2b status=200 elapsed=0.024s body={"type":"presentation.generate","id":"task-f8ff85f89b3d58613b9abd7d09018b546f955570596f2834ae563ab7465cfa2b","data":{"created_slides":0,"remaining_slides":2},"message":"Generating presentation outlines","error":null,"status":"processing","created_at":"2026-07-11T11:50:41.675824","updated_at":"2026-07-11T11:50:41.873301"}
[2026-07-11T13:51:24] POLL task=task-f8ff85f89b3d58613b9abd7d09018b546f955570596f2834ae563ab7465cfa2b idx=22 status=processing
[2026-07-11T13:51:26] REQUEST GET /api/v1/ppt/presentation/status/task-f8ff85f89b3d58613b9abd7d09018b546f955570596f2834ae563ab7465cfa2b timeout=15s body=
[2026-07-11T13:51:26] RESPONSE GET /api/v1/ppt/presentation/status/task-f8ff85f89b3d58613b9abd7d09018b546f955570596f2834ae563ab7465cfa2b status=200 elapsed=0.016s body={"type":"presentation.generate","id":"task-f8ff85f89b3d58613b9abd7d09018b546f955570596f2834ae563ab7465cfa2b","data":{"created_slides":0,"remaining_slides":2},"message":"Generating presentation outlines","error":null,"status":"processing","created_at":"2026-07-11T11:50:41.675824","updated_at":"2026-07-11T11:50:41.873301"}
[2026-07-11T13:51:26] POLL task=task-f8ff85f89b3d58613b9abd7d09018b546f955570596f2834ae563ab7465cfa2b idx=23 status=processing
[2026-07-11T13:51:28] REQUEST GET /api/v1/ppt/presentation/status/task-f8ff85f89b3d58613b9abd7d09018b546f955570596f2834ae563ab7465cfa2b timeout=15s body=
[2026-07-11T13:51:28] RESPONSE GET /api/v1/ppt/presentation/status/task-f8ff85f89b3d58613b9abd7d09018b546f955570596f2834ae563ab7465cfa2b status=200 elapsed=0.014s body={"type":"presentation.generate","id":"task-f8ff85f89b3d58613b9abd7d09018b546f955570596f2834ae563ab7465cfa2b","data":{"created_slides":0,"remaining_slides":2},"message":"Generating presentation outlines","error":null,"status":"processing","created_at":"2026-07-11T11:50:41.675824","updated_at":"2026-07-11T11:50:41.873301"}
[2026-07-11T13:51:28] POLL task=task-f8ff85f89b3d58613b9abd7d09018b546f955570596f2834ae563ab7465cfa2b idx=24 status=processing
[2026-07-11T13:51:30] REQUEST GET /api/v1/ppt/presentation/status/task-f8ff85f89b3d58613b9abd7d09018b546f955570596f2834ae563ab7465cfa2b timeout=15s body=
[2026-07-11T13:51:30] RESPONSE GET /api/v1/ppt/presentation/status/task-f8ff85f89b3d58613b9abd7d09018b546f955570596f2834ae563ab7465cfa2b status=200 elapsed=0.016s body={"type":"presentation.generate","id":"task-f8ff85f89b3d58613b9abd7d09018b546f955570596f2834ae563ab7465cfa2b","data":{"created_slides":0,"remaining_slides":2},"message":"Generating presentation outlines","error":null,"status":"processing","created_at":"2026-07-11T11:50:41.675824","updated_at":"2026-07-11T11:50:41.873301"}
[2026-07-11T13:51:30] POLL task=task-f8ff85f89b3d58613b9abd7d09018b546f955570596f2834ae563ab7465cfa2b idx=25 status=processing
[2026-07-11T13:51:32] REQUEST GET /api/v1/ppt/presentation/status/task-f8ff85f89b3d58613b9abd7d09018b546f955570596f2834ae563ab7465cfa2b timeout=15s body=
[2026-07-11T13:51:32] RESPONSE GET /api/v1/ppt/presentation/status/task-f8ff85f89b3d58613b9abd7d09018b546f955570596f2834ae563ab7465cfa2b status=200 elapsed=0.011s body={"type":"presentation.generate","id":"task-f8ff85f89b3d58613b9abd7d09018b546f955570596f2834ae563ab7465cfa2b","data":{"created_slides":0,"remaining_slides":2},"message":"Generating presentation outlines","error":null,"status":"processing","created_at":"2026-07-11T11:50:41.675824","updated_at":"2026-07-11T11:50:41.873301"}
[2026-07-11T13:51:32] POLL task=task-f8ff85f89b3d58613b9abd7d09018b546f955570596f2834ae563ab7465cfa2b idx=26 status=processing
[2026-07-11T13:51:34] REQUEST GET /api/v1/ppt/presentation/status/task-f8ff85f89b3d58613b9abd7d09018b546f955570596f2834ae563ab7465cfa2b timeout=15s body=
[2026-07-11T13:51:34] RESPONSE GET /api/v1/ppt/presentation/status/task-f8ff85f89b3d58613b9abd7d09018b546f955570596f2834ae563ab7465cfa2b status=200 elapsed=0.028s body={"type":"presentation.generate","id":"task-f8ff85f89b3d58613b9abd7d09018b546f955570596f2834ae563ab7465cfa2b","data":{"created_slides":0,"remaining_slides":2},"message":"Generating presentation outlines","error":null,"status":"processing","created_at":"2026-07-11T11:50:41.675824","updated_at":"2026-07-11T11:50:41.873301"}
[2026-07-11T13:51:34] POLL task=task-f8ff85f89b3d58613b9abd7d09018b546f955570596f2834ae563ab7465cfa2b idx=27 status=processing
[2026-07-11T13:51:36] REQUEST GET /api/v1/ppt/presentation/status/task-f8ff85f89b3d58613b9abd7d09018b546f955570596f2834ae563ab7465cfa2b timeout=15s body=
[2026-07-11T13:51:36] RESPONSE GET /api/v1/ppt/presentation/status/task-f8ff85f89b3d58613b9abd7d09018b546f955570596f2834ae563ab7465cfa2b status=200 elapsed=0.018s body={"type":"presentation.generate","id":"task-f8ff85f89b3d58613b9abd7d09018b546f955570596f2834ae563ab7465cfa2b","data":{"created_slides":0,"remaining_slides":2},"message":"Generating presentation outlines","error":null,"status":"processing","created_at":"2026-07-11T11:50:41.675824","updated_at":"2026-07-11T11:50:41.873301"}
[2026-07-11T13:51:36] POLL task=task-f8ff85f89b3d58613b9abd7d09018b546f955570596f2834ae563ab7465cfa2b idx=28 status=processing
[2026-07-11T13:51:38] REQUEST GET /api/v1/ppt/presentation/status/task-f8ff85f89b3d58613b9abd7d09018b546f955570596f2834ae563ab7465cfa2b timeout=15s body=
[2026-07-11T13:51:38] RESPONSE GET /api/v1/ppt/presentation/status/task-f8ff85f89b3d58613b9abd7d09018b546f955570596f2834ae563ab7465cfa2b status=200 elapsed=0.026s body={"type":"presentation.generate","id":"task-f8ff85f89b3d58613b9abd7d09018b546f955570596f2834ae563ab7465cfa2b","data":{"created_slides":0,"remaining_slides":2},"message":"Generating presentation outlines","error":null,"status":"processing","created_at":"2026-07-11T11:50:41.675824","updated_at":"2026-07-11T11:50:41.873301"}
[2026-07-11T13:51:38] POLL task=task-f8ff85f89b3d58613b9abd7d09018b546f955570596f2834ae563ab7465cfa2b idx=29 status=processing
[2026-07-11T13:51:40] REQUEST GET /api/v1/ppt/presentation/status/task-f8ff85f89b3d58613b9abd7d09018b546f955570596f2834ae563ab7465cfa2b timeout=15s body=
[2026-07-11T13:51:40] RESPONSE GET /api/v1/ppt/presentation/status/task-f8ff85f89b3d58613b9abd7d09018b546f955570596f2834ae563ab7465cfa2b status=200 elapsed=0.019s body={"type":"presentation.generate","id":"task-f8ff85f89b3d58613b9abd7d09018b546f955570596f2834ae563ab7465cfa2b","data":{"created_slides":0,"remaining_slides":2},"message":"Generating presentation outlines","error":null,"status":"processing","created_at":"2026-07-11T11:50:41.675824","updated_at":"2026-07-11T11:50:41.873301"}
[2026-07-11T13:51:40] POLL task=task-f8ff85f89b3d58613b9abd7d09018b546f955570596f2834ae563ab7465cfa2b idx=30 status=processing
[2026-07-11T13:51:42] REQUEST GET /api/v1/ppt/presentation/status/task-f8ff85f89b3d58613b9abd7d09018b546f955570596f2834ae563ab7465cfa2b timeout=15s body=
[2026-07-11T13:51:42] RESPONSE GET /api/v1/ppt/presentation/status/task-f8ff85f89b3d58613b9abd7d09018b546f955570596f2834ae563ab7465cfa2b status=200 elapsed=0.024s body={"type":"presentation.generate","id":"task-f8ff85f89b3d58613b9abd7d09018b546f955570596f2834ae563ab7465cfa2b","data":{"created_slides":0,"remaining_slides":2},"message":"Generating presentation outlines","error":null,"status":"processing","created_at":"2026-07-11T11:50:41.675824","updated_at":"2026-07-11T11:50:41.873301"}
[2026-07-11T13:51:42] POLL task=task-f8ff85f89b3d58613b9abd7d09018b546f955570596f2834ae563ab7465cfa2b idx=31 status=processing
[2026-07-11T13:51:44] REQUEST GET /api/v1/ppt/presentation/status/task-f8ff85f89b3d58613b9abd7d09018b546f955570596f2834ae563ab7465cfa2b timeout=15s body=
[2026-07-11T13:51:44] RESPONSE GET /api/v1/ppt/presentation/status/task-f8ff85f89b3d58613b9abd7d09018b546f955570596f2834ae563ab7465cfa2b status=200 elapsed=0.031s body={"type":"presentation.generate","id":"task-f8ff85f89b3d58613b9abd7d09018b546f955570596f2834ae563ab7465cfa2b","data":{"created_slides":0,"remaining_slides":2},"message":"Generating presentation outlines","error":null,"status":"processing","created_at":"2026-07-11T11:50:41.675824","updated_at":"2026-07-11T11:50:41.873301"}
[2026-07-11T13:51:44] POLL task=task-f8ff85f89b3d58613b9abd7d09018b546f955570596f2834ae563ab7465cfa2b idx=32 status=processing
[2026-07-11T13:51:46] REQUEST GET /api/v1/ppt/presentation/status/task-f8ff85f89b3d58613b9abd7d09018b546f955570596f2834ae563ab7465cfa2b timeout=15s body=
[2026-07-11T13:51:46] RESPONSE GET /api/v1/ppt/presentation/status/task-f8ff85f89b3d58613b9abd7d09018b546f955570596f2834ae563ab7465cfa2b status=200 elapsed=0.017s body={"type":"presentation.generate","id":"task-f8ff85f89b3d58613b9abd7d09018b546f955570596f2834ae563ab7465cfa2b","data":{"created_slides":0,"remaining_slides":2},"message":"Generating presentation outlines","error":null,"status":"processing","created_at":"2026-07-11T11:50:41.675824","updated_at":"2026-07-11T11:50:41.873301"}
[2026-07-11T13:51:46] POLL task=task-f8ff85f89b3d58613b9abd7d09018b546f955570596f2834ae563ab7465cfa2b idx=33 status=processing
[2026-07-11T13:51:48] REQUEST GET /api/v1/ppt/presentation/status/task-f8ff85f89b3d58613b9abd7d09018b546f955570596f2834ae563ab7465cfa2b timeout=15s body=
[2026-07-11T13:51:48] RESPONSE GET /api/v1/ppt/presentation/status/task-f8ff85f89b3d58613b9abd7d09018b546f955570596f2834ae563ab7465cfa2b status=200 elapsed=0.019s body={"type":"presentation.generate","id":"task-f8ff85f89b3d58613b9abd7d09018b546f955570596f2834ae563ab7465cfa2b","data":{"created_slides":0,"remaining_slides":2},"message":"Generating presentation outlines","error":null,"status":"processing","created_at":"2026-07-11T11:50:41.675824","updated_at":"2026-07-11T11:50:41.873301"}
[2026-07-11T13:51:48] POLL task=task-f8ff85f89b3d58613b9abd7d09018b546f955570596f2834ae563ab7465cfa2b idx=34 status=processing
[2026-07-11T13:51:50] REQUEST GET /api/v1/ppt/presentation/status/task-f8ff85f89b3d58613b9abd7d09018b546f955570596f2834ae563ab7465cfa2b timeout=15s body=
[2026-07-11T13:51:50] RESPONSE GET /api/v1/ppt/presentation/status/task-f8ff85f89b3d58613b9abd7d09018b546f955570596f2834ae563ab7465cfa2b status=200 elapsed=0.013s body={"type":"presentation.generate","id":"task-f8ff85f89b3d58613b9abd7d09018b546f955570596f2834ae563ab7465cfa2b","data":{"created_slides":0,"remaining_slides":2},"message":"Generating presentation outlines","error":null,"status":"processing","created_at":"2026-07-11T11:50:41.675824","updated_at":"2026-07-11T11:50:41.873301"}
[2026-07-11T13:51:50] POLL task=task-f8ff85f89b3d58613b9abd7d09018b546f955570596f2834ae563ab7465cfa2b idx=35 status=processing
[2026-07-11T13:51:52] REQUEST GET /api/v1/ppt/presentation/status/task-f8ff85f89b3d58613b9abd7d09018b546f955570596f2834ae563ab7465cfa2b timeout=15s body=
[2026-07-11T13:51:52] RESPONSE GET /api/v1/ppt/presentation/status/task-f8ff85f89b3d58613b9abd7d09018b546f955570596f2834ae563ab7465cfa2b status=200 elapsed=0.015s body={"type":"presentation.generate","id":"task-f8ff85f89b3d58613b9abd7d09018b546f955570596f2834ae563ab7465cfa2b","data":{"created_slides":0,"remaining_slides":2},"message":"Generating presentation outlines","error":null,"status":"processing","created_at":"2026-07-11T11:50:41.675824","updated_at":"2026-07-11T11:50:41.873301"}
[2026-07-11T13:51:52] POLL task=task-f8ff85f89b3d58613b9abd7d09018b546f955570596f2834ae563ab7465cfa2b idx=36 status=processing
[2026-07-11T13:51:54] REQUEST GET /api/v1/ppt/presentation/status/task-f8ff85f89b3d58613b9abd7d09018b546f955570596f2834ae563ab7465cfa2b timeout=15s body=
[2026-07-11T13:51:54] RESPONSE GET /api/v1/ppt/presentation/status/task-f8ff85f89b3d58613b9abd7d09018b546f955570596f2834ae563ab7465cfa2b status=200 elapsed=0.03s body={"type":"presentation.generate","id":"task-f8ff85f89b3d58613b9abd7d09018b546f955570596f2834ae563ab7465cfa2b","data":{"created_slides":0,"remaining_slides":2},"message":"Generating presentation outlines","error":null,"status":"processing","created_at":"2026-07-11T11:50:41.675824","updated_at":"2026-07-11T11:50:41.873301"}
[2026-07-11T13:51:54] POLL task=task-f8ff85f89b3d58613b9abd7d09018b546f955570596f2834ae563ab7465cfa2b idx=37 status=processing
[2026-07-11T13:51:56] REQUEST GET /api/v1/ppt/presentation/status/task-f8ff85f89b3d58613b9abd7d09018b546f955570596f2834ae563ab7465cfa2b timeout=15s body=
[2026-07-11T13:51:56] RESPONSE GET /api/v1/ppt/presentation/status/task-f8ff85f89b3d58613b9abd7d09018b546f955570596f2834ae563ab7465cfa2b status=200 elapsed=0.025s body={"type":"presentation.generate","id":"task-f8ff85f89b3d58613b9abd7d09018b546f955570596f2834ae563ab7465cfa2b","data":{"created_slides":0,"remaining_slides":2},"message":"Generating presentation outlines","error":null,"status":"processing","created_at":"2026-07-11T11:50:41.675824","updated_at":"2026-07-11T11:50:41.873301"}
[2026-07-11T13:51:56] POLL task=task-f8ff85f89b3d58613b9abd7d09018b546f955570596f2834ae563ab7465cfa2b idx=38 status=processing
[2026-07-11T13:51:58] REQUEST GET /api/v1/ppt/presentation/status/task-f8ff85f89b3d58613b9abd7d09018b546f955570596f2834ae563ab7465cfa2b timeout=15s body=
[2026-07-11T13:51:58] RESPONSE GET /api/v1/ppt/presentation/status/task-f8ff85f89b3d58613b9abd7d09018b546f955570596f2834ae563ab7465cfa2b status=200 elapsed=0.016s body={"type":"presentation.generate","id":"task-f8ff85f89b3d58613b9abd7d09018b546f955570596f2834ae563ab7465cfa2b","data":{"created_slides":0,"remaining_slides":2},"message":"Generating presentation outlines","error":null,"status":"processing","created_at":"2026-07-11T11:50:41.675824","updated_at":"2026-07-11T11:50:41.873301"}
[2026-07-11T13:51:58] POLL task=task-f8ff85f89b3d58613b9abd7d09018b546f955570596f2834ae563ab7465cfa2b idx=39 status=processing
[2026-07-11T13:52:00] REQUEST GET /api/v1/ppt/presentation/status/task-f8ff85f89b3d58613b9abd7d09018b546f955570596f2834ae563ab7465cfa2b timeout=15s body=
[2026-07-11T13:52:00] RESPONSE GET /api/v1/ppt/presentation/status/task-f8ff85f89b3d58613b9abd7d09018b546f955570596f2834ae563ab7465cfa2b status=200 elapsed=0.016s body={"type":"presentation.generate","id":"task-f8ff85f89b3d58613b9abd7d09018b546f955570596f2834ae563ab7465cfa2b","data":{"created_slides":0,"remaining_slides":2},"message":"Generating presentation outlines","error":null,"status":"processing","created_at":"2026-07-11T11:50:41.675824","updated_at":"2026-07-11T11:50:41.873301"}
[2026-07-11T13:52:00] POLL task=task-f8ff85f89b3d58613b9abd7d09018b546f955570596f2834ae563ab7465cfa2b idx=40 status=processing
[2026-07-11T13:52:02] REQUEST GET /api/v1/ppt/presentation/status/task-f8ff85f89b3d58613b9abd7d09018b546f955570596f2834ae563ab7465cfa2b timeout=15s body=
[2026-07-11T13:52:02] RESPONSE GET /api/v1/ppt/presentation/status/task-f8ff85f89b3d58613b9abd7d09018b546f955570596f2834ae563ab7465cfa2b status=200 elapsed=0.019s body={"type":"presentation.generate","id":"task-f8ff85f89b3d58613b9abd7d09018b546f955570596f2834ae563ab7465cfa2b","data":{"created_slides":0,"remaining_slides":2},"message":"Generating presentation outlines","error":null,"status":"processing","created_at":"2026-07-11T11:50:41.675824","updated_at":"2026-07-11T11:50:41.873301"}
[2026-07-11T13:52:02] POLL task=task-f8ff85f89b3d58613b9abd7d09018b546f955570596f2834ae563ab7465cfa2b idx=41 status=processing
[2026-07-11T13:52:04] REQUEST GET /api/v1/ppt/presentation/status/task-f8ff85f89b3d58613b9abd7d09018b546f955570596f2834ae563ab7465cfa2b timeout=15s body=
[2026-07-11T13:52:04] RESPONSE GET /api/v1/ppt/presentation/status/task-f8ff85f89b3d58613b9abd7d09018b546f955570596f2834ae563ab7465cfa2b status=200 elapsed=0.023s body={"type":"presentation.generate","id":"task-f8ff85f89b3d58613b9abd7d09018b546f955570596f2834ae563ab7465cfa2b","data":{"created_slides":0,"remaining_slides":2},"message":"Presentation generation failed","error":{"status_code":500,"detail":"Presentation generation failed"},"status":"error","created_at":"2026-07-11T11:50:41.675824","updated_at":"2026-07-11T11:52:03.849041"}
[2026-07-11T13:52:04] POLL task=task-f8ff85f89b3d58613b9abd7d09018b546f955570596f2834ae563ab7465cfa2b idx=42 status=error
